League(id=50, name=Premiership, nationality=Scotland, clubs=12)
Club: Celtic
['Callum McGregor', 'Reo Hatate', 'Kyogo Furuhashi', 'Cameron Carter-Vickers', 'Alistair Johnston', "Matt O'Riley", 'Greg Taylor', 'Liel Abada', 'Joe Hart', 'Daizen Maeda', 'Nathaniel Phillips', 'David Turnbull', 'James Forrest', 'Tomoki Iwata', 'Oh Hyun Gyu', 'Alexandro Bernabei', 'Anthony Ralston', 'Benjamin Siegrist', 'Maik Nawrocki', 'Yang Hyeon Joon', 'Paulo Bernardo', 'Marco Tilio', 'Scott Bain', 'Yuki Kobayashi', 'Kwon Hyeok Kyu', 'Gustaf Lagerbielke', 'Liam Scales', 'Odin Thiago Holm', 'Rocco Vata']

Club: Rangers
['James Tavernier', 'Todd Cantwell', 'Cyriel Dessers', 'Connor Goldson', 'Nicolas Raskin', 'Ryan Jack', 'Danilo', 'Rıdvan Yılmaz', 'Borna Barišić', 'Ben Davies', 'Tom Lawrence', 'John Lundstram', 'Kemar Roofe', 'John Souttar', 'José Cifuentes', 'Kieran Dowell', 'Leon Balogun', 'Jack Butland', 'Sam Lammers', 'Rabbi Matondo', 'Abdallah Sima', 'Scott Wright', 'Jon McLaughlin', 'Dujon Sterling', 'Leon King', 'Robby McCrorie', 'Adam Devine']

Club: Hearts
['Craig Gordon', 'Lawrence Shankland', 'Barrie McKay', 'Zander Clark', 'Alex Cochrane', 'Cameron Devlin', 'Craig Halkett', 'Stephen Kingsley', 'Kye Rowles', 'Beni Baningime', 'Liam Boyce', 'Toby Sibbick', 'Calem Nieuwenhof', 'Kyosuke Tagawa', 'Jorge Grant', 'Peter Haring', 'Nathaniel Atkinson', 'Alan Forrest', 'Andy Halliday', 'Frankie Kent', 'Michael McGovern', 'Yutaro Oda', 'Alex Lowry', 'Odel Offiah', 'Finlay Pollock', 'Aidan Denholm']

Club: Aberdeen
['Duk', 'Kelle Roos', 'Leighton Clarkson', 'Stefan Gartenmann', 'Bojan Miovski', 'Graeme Shinnie', 'Nicky Devlin', 'Pape Habib Gueye', 'Jonny Hayes', 'Angus MacDonald', 'Connor Barron', 'Vicente Besuijen', 'Richard Jensen', 'Jamie McGrath', 'Rhys Williams', 'James McGarry', 'Jack MacKenzie', 'Ross Doohan', 'Ryan Duncan', 'Dante Polvara', 'Shayden Morris', 'Findlay Marshall', 'Kieran Ngwenya', 'Jack Milne', 'Tom Ritchie']

Club: Hibernian
['Martin Boyle', 'Élie Youan', 'Joe Newell', 'Dylan Levitt', 'Will Fish', 'Paul Hanlon', 'Adam Le Fondre', 'David Marshall', 'Dylan Vente', 'Chris Cadden', 'Rocky Bushiri', 'James Jeggo', 'Jordan Obita', 'Josh Campbell', 'Jake Doyle-Hayes', 'Lewis Stevenson', 'Harry McKirdy', 'Lewis Miller', 'Jojo Wollacott', 'Christian Doidge', 'Riley Harbottle', 'Jair Tavares', 'Allan Michaël Delferrière', 'Maksymilian Boruc']

Club: Livingston
['Joel Nouble', 'Bruce Anderson', 'Jason Holt', 'Stephen Kelly', 'Shamal George', 'Sean Kelly', 'James Penrice', 'Andrew Shinnie', 'Cristian Montaño', 'Michael Nottingham', 'Ayo Obileye', 'Scott Pittman', 'Dylan Bahamboula', 'Steven Bradley', 'Tom Parkes', 'Mikey Devlin', 'Daniel MacKay', 'Mohammed Sangare', 'Jack Hamilton', 'Jamie Brandon', 'Kurtis Guthrie', 'Miles Welch-Hayes', 'Scott Bitsindou']

Club: St. Johnstone
['Graham Carey', 'Andrew Considine', 'Ryan McGowan', 'Liam Gordon', 'Nicky Clark', 'Ali Crawford', 'Diallang Jaiyesimi', 'Daniel Phillips', 'Drey Wright', 'Callum Booth', 'James Brown', 'Stevie May', 'Sam McClelland', 'Dimitar Mitov', 'Matt Smith', 'Cammy MacPherson', 'Luke Jephcott', 'Tony Gallacher', 'Chris Kane', 'David Richards', 'Maksym Kucheriavyi', 'Luke Robinson', 'Cammy Ballantyne', 'Ross Sinclair', 'Jack Wills']

Club: St. Mirren
["Mark O'Hara", 'Keanu Baccus', 'Ryan Strain', 'Jonah Ayunga', 'Marcus Fraser', 'Scott Tanser', 'James Bolton Wanderers', 'Charles Dunne', 'Alex Gogić', 'Zach Hemming', 'Greg Kiltie', 'Alex Greive', 'Ryan Flynn', 'Conor McMenamin', 'Richard Taylor', 'Mikaël Mandron', 'Lewis Jamieson', 'Stav Nahmani', 'Peter Urminsky', 'Caolán Boyd-Munce', 'Toyosi Olusanya']

Club: Kilmarnock
['Daniel Armstrong', 'Kyle Magennis', 'Joe Wright', 'Liam Donnelly', 'Stuart Findlay', 'Matty Kennedy', 'Lewis Mayo', 'Liam Polworth', 'Kyle Vassell', 'Marley Watkins', 'Corrie Ndaba', 'Andy Dallas', 'Robbie Deas', 'Rory McKenzie', 'Innes Cameron', 'Brad Lyons', 'Fraser Murray', "Kieran O'Hara", 'Bobby Wales', 'David Watson', 'Jack Sanders', 'Will Dennis', 'Steven Warnock']

Club: Motherwell
['Liam Kelly', 'Calum Butcher', 'Callum Slattery', 'Blair Spittal', 'Bevis Mugabi', 'Dan Casey', 'Paul McGinn', 'Harry Paton', 'Oli Shaw', 'Mika Biereth', 'Nathan McGinley', 'Jonathan Obika', 'Conor Wilkinson', 'Pape Souaré', 'Shane Blaney', "Stephen O'Donnell", 'Brodie Spencer', 'Lennon Miller', 'Aston Oxborough', 'Theo Bair', 'Matthew Connelly']

Club: Ross County
['Yan Dhanda', 'Eamonn Brophy', 'Ross Callachan', 'Scott High', 'Victor Loturi', 'Jordan White', 'Jack Baldwin', 'Ryan Leak', 'Ben Purrington', 'Connor Randall', 'Josh Sims', 'George Harmon', 'Ross Laidlaw', 'Simon Murray', 'Will Nightingale', 'Jay Henderson', 'Alex Samuel', 'James Brown', 'Jordy Hiwula', 'Josh Reid', 'Max Sheaf', 'Scott Allardice', 'Ben Paton', 'Matthew Wright', 'Adam MacKinnon', 'Ross Munro']

Club: Dundee FC
['Trevor Carson', 'Lyall Cameron', 'Adam Legzdins', 'Lee Ashcroft', 'Amadou Bakayoko', 'Ricki Lamie', 'Luke McCowan', 'Antonio Portales', 'Joe Shaughnessy', 'Cammy Kerr', 'Jordan McGhee', 'Owen Beck', 'Josh Mulligan', 'Diego Pineda', 'Scott Tiffoney', 'Malachi Boateng', 'Ryan Howley', 'Charlie Reilly', 'Finlay Robertson', 'Zak Rudden', 'Tyler French', 'Zach Robinson']




League(id=61, name=League Two, nationality=Wales, clubs=24)
Club: Wrexham AFC
['James McClean', 'Paul Mullin', 'William Boyle', 'George Evans', 'Arthur Okonkwo', 'Aaron Hayden', 'Elliot Lee', "Eoghan O'Connell", 'Andy Cannon', 'Ben Tozer', 'Jordan Davies', "Thomas O'Connor", 'Ollie Palmer', 'Jordan Tunnicliffe', 'Luke Young', 'Anthony Forde', 'James Jones', 'Rob Lainton', 'Jacob Mendy', 'Ryan Barnett', 'Max Cleworth', 'Mark Howard', 'Callum McFadzean', 'Billy Waters', 'Bryce Hosannah', 'Liam McAlinden', 'Sam Dalby', 'Luke McNicholas', 'Jake Bickerstaff', 'Owen Cushion']

Club: MK Dons
['Ellis Harrison', "Warren O'Hora", 'Mo Eisa', 'Alex Gilbey', 'Dean Lewington', 'Craig MacGillivray', 'Jack Payne', 'Daniel Harvie', 'Jonathan Leko', 'Cameron Norman', 'Jack Tucker', 'Dawson Devoy', 'Anthony Stewart', 'MJ Williams', 'Ashley Hunter', 'Joe Tomlinson', 'Darragh Burns', 'Conor Grant', 'Ethan Robson', 'Matthew Dennis', 'Max Dean', 'Tommy Smith', 'Brooklyn Ilunga', 'Joel Anker', 'Nathan Harness', 'Phoenix Scholtz', 'Charlie Waller']

Club: Stockport County
['Nick Powell', 'Will Collar', 'Fraser Horsfall', 'Ibou Touray', 'Kyle Wootton', 'Louie Barry', 'Ben Hinchliffe', 'Kyle Knoyle', 'Paddy Madden', 'Ryan Croasdale', 'Myles Hippolyte', 'Ryan Rydel', 'Jordan Smith', 'Akil Wright', 'Neill Byrne', 'Callum Camps', 'Isaac Olaofe', 'Jayden Richardson', 'Antoni Sarcevic', 'Odin Bailey', 'Macauley Southam-Hales', 'Jack Stretton', 'Cody Johnson', 'Ethan Pye', 'Joel Cotterill', 'Bobby Jones', 'Ashton Mee']

Club: Forest Green Rovers
['Luke Daniels', 'Reece Brown', 'Jordon Garrick', 'Ryan Inniss', 'Jordan Moore-Taylor', 'Matty Taylor', 'Nathan Holland', 'Kyle McAllister', 'Mathew Stevens', 'Dominic Bernard', 'Marcel Lavinier', 'Jacob Maddox', 'Callum Morton', 'Jamie Robson', 'David Davis', 'Harvey Bunker', 'Darnell Johnson', 'Callum Jones', 'Teddy Jenks', 'Dylan Kadji', 'Charlie McCann', 'Alfie Bendle', 'Tyrese Omotoye', 'Sean Robertson', 'Reece Welch', 'Jamie Searle', 'Fiachra Pagel', 'Jack Carter', 'Murphy Bennett']

Club: Gillingham
['Scott Malone', 'Connor Mahoney', 'Jonny Williams', 'Timothée Dieng', 'Max Ehmer', 'Tom Nichols', 'Max Clark', 'George Lapslie', 'Conor Masterson', 'Glenn Morris', 'Shaun Williams', 'Oliver Hawkins', 'Robbie McKenzie', 'Ashley Nadesan', 'Cheye Alexander', 'Dominic Jefferies', 'Shadrach Ogie', 'Ethan Coleman', 'Jake Turner', 'Jayden Clarke', 'Joseph Gbode', 'Ronald Sithole', 'Lewis Walker', 'Josh Chambers', 'Sam Gale', 'Matty Macarthur', 'Ike Orji', 'Alex Giles']

Club: Bradford City
['Andy Cook', 'Harry Lewis', 'Richard Smallwood', 'Bradley Halliday', 'Kevin McDonald', 'Sam Stubbs', 'Ash Taylor', 'Jamie Walker', 'Alex Pattison', 'Matthew Platt', 'Harry Chapman', 'Alex Gilliead', 'Clarke Oduor', 'Vadaine Oliver', 'Tyler Smith', 'Jonathan Tomkinson', 'Liam Ridehalgh', 'Rayhaan Tulloch', 'Matt Derbyshire', 'Emmanuel Osadebe', 'Daniel Oyegoke', 'Ciarán Kelly', 'Colin Doyle', 'Lewis Richards', 'Heath Richardson', 'Dylan Youmbi', 'Bobby Pointon']

Club: Mansfield Town
['Aden Flint', 'Elliott Hewitt', 'Davis Keillor-Dunn', 'Aaron Lewis', 'Louis Reed', 'Baily Cargill', 'Callum Johnson', 'Alfie Kilgour', 'George Maris', 'Stephen McLaughlin', 'Rhys Oates', 'Stephen Quinn', 'George Williams', 'Lucas Akins', 'Hiram Boateng', 'Ollie Clarke', 'Calum MacDonald', 'Will Swan', 'Christy Pym', 'Jordan Bowery', 'Scott Flinders', 'Lewis Brunt', "John-Joe O'Toole", 'George Cooper', 'James Gale', 'Owen Mason']

Club: Salford City
['Curtis Tilt', 'Luke Garbutt', 'Elliot Watt', 'Luke Bolton Wanderers', 'Declan John', 'Stevie Mallan', 'Adrian Mariappa', 'Conor McAleny', 'Theo Vassell', 'Alex Cairns', 'Callum Hendry', 'Connor McLennan', 'Matt Smith', 'Ryan Watson', 'Matty Lund', 'Liam Shephard', 'Ossama Ashley', 'Ethan Ingram', 'Marcus Dackers', "Kelly N'Mai", 'Kevin Berkoe', 'Joe Wright']

Club: Grimsby Town
['Harry Clifton', 'Anthony Glennon', 'Otis Khan', 'Harvey Rodgers', 'Danny Rose', 'Luke Waterfall', 'Kieran Green', 'Gavan Holohan', 'Charles Vernam', 'Danny Amos', 'Arthur Gnahoua', 'Niall Maher', 'Toby Mullarkey', 'Kamil Conteh', 'Jake Eastwood', 'Michee Efete', 'Abo Eisa', 'Rekeil Pyke', 'Harvey Cartwright', 'Alex Hunt', 'Donovan Wilson', 'Jamie Andrews', 'Evan Khouri', 'Jamie Bramwell']

Club: Barrow
['Ben Whitfield', 'David Worrall', 'Dom Telford', 'Niall Canavan', 'Sam Foley', 'Ged Garner', 'George Ray', 'Tyrell Warren', 'Tom White', 'Paul Farman', 'Robbie Gotts', 'Emile Acquah', 'Dean Campbell', 'Mazeed Ogungbo', 'Jamie Proctor', 'Rory Feely', 'Elliot Newby', 'Josh Lillis', 'Junior Tiensia', 'Courtney Duffus', 'Owen Bray', 'Malakai Reeve']

Club: Walsall
['Donervon Daniels', 'Priestley Farquharson', 'Danny Johnson', 'Owen Evans', 'Tom Knowles', 'Jack Earing', 'Isaac Hutchinson', 'Jamille Matt', 'Joe Riley', 'Brandon Comley', 'Liam Gordon', 'Rollin Menayese', 'Ryan Stirk', 'Aramide Oteh', 'Ross Tierney', 'Taylor Allen', 'Freddie Draper', 'Oisín McEntee', 'Joe Foulkes', 'Douglas James-Taylor', 'David Okagbue', 'Jackson Smith', 'Harry Williams']

Club: Swindon Town
['Charlie Austin', 'Frazer Blake-Tracy', 'Remeao Hutton', 'Dan Kemp', 'George McEachran', 'Tom Brewitt', 'Jake Cain', 'Udoka Godwin-Malife', 'Saidou Khan', 'Liam Kinsella', 'Tariq Uwakwe', 'Tom Clayton', 'Rushian Hepburn-Murphy', 'Tyrese Shade', 'Reece Devine', 'Jake Young', 'Harrison Minturn', 'Murphy Mahoney', 'Conor Brann', 'Harvey Fox']

Club: Colchester United
['Mandela Egbo', 'Noah Chilvers', 'Connor Hall', 'Matt Jay', 'Tom Dallison', 'Ellis Iandolo', 'Tom Hopper', 'Fiacre Kelleher', 'Alex Newby', 'John Akinde', 'Owen Goodman', 'Al-Amin Kazeem', 'Nico Lawrence', 'Arthur Read', 'Samson Tovide', 'Marley Marshall Miranda', 'Mauro Bandeira', 'Sam Hornby', 'Tom Smith', 'Will Greenidge', 'Jayden Fevrier', 'Gene Kennedy', 'Chay Cooper', 'Bradley Ihionvien', 'Zach Mitchell', 'Ronny Nelson', 'Joe Taylor']

Club: Notts County
['David McGoldrick', 'Macaulay Langstaff', 'Daniel Crowley', 'Jodi Jones', 'Aaron Nemane', 'Matt Palmer', 'Will Randall', 'John Bostock', 'Kyle Cameron', 'Adam Chicksen', 'Aidan Stone', 'Aden Baldwin', 'Lewis Macari', 'Connell Rawlinson', 'Cedwyn Scott', 'Sam Austin', 'Richard Brindley', 'Junior Morias', 'Sam Slocombe', 'Geraldo Bajrami', "Jim O'Brien", 'Tobi Adebayo-Rowling', 'Oliver Tipton', 'Luther Munakandafa']

Club: Harrogate Town
['Liam Gibson', 'Luke Armstrong', 'Rod McDonald', 'Joe Mattock', "Anthony O'Connor", 'Kayne Ramsay', 'Dean Cornelius', 'Josh Falkingham', 'Matty Foulds', 'Will Smith', 'Levi Sutton', 'George Thomson', 'Warren Burrell', 'Jack Muldoon', 'Matty Daly', 'Josh March', 'Toby Sims', 'Abraham Odoh', 'Mark Oxley', 'Samuel Folarin', 'James Daly', 'Stephen Dooley', 'Lewis Thomas', "Finn O'Boyle", 'Brad Williams', 'George Horbury']

Club: AFC Wimbledon
['Alex Bass', 'Jack Currie', 'Jake Reeves', 'Josh Davison', 'Harry Pell', 'James Tilley', 'Ali Al Hamadi', 'Omar Bugiel', 'Paul Kalambayi', 'Armani Little', 'Alex Pearce', 'Lee Brown', 'Connor Evans', 'Charlie Lakin', 'Nik Tzanev', 'Huseyin Biler', 'Ryan Johnson', 'Joe Lewis', 'Josh Neufville', 'Ryan McLean', 'Isaac Ogundere', 'James Ball', 'Josh Hallard', 'Marcel Campbell', 'Morgan Williams', 'Aron Sasu', 'Ethan Sutcliffe']

Club: Doncaster Rovers
['Richard Wood', 'Joe Ironside', 'Tom Anderson', 'Ben Close', 'Harrison Biggins', 'George Miller', 'Luke Molyneux', 'Joseph Olowu', 'Tommy Rowe', 'Jamie Sterry', 'Kyle Hurst', 'Ian Lawlor', 'Jon Taylor', 'Owen Bailey', 'Louis Jones', 'James Maxwell', 'Jack Senior', 'Deji Sotona', 'Zain Westbrooke', 'George Broadbent', 'Caolan Lavery', 'Adam Long', 'Tyler Roberts', 'Bobby Faulkner', 'Reo Griffiths', 'Tom Nixon', 'Liam Ravenhill', 'Ben Bottomley']

Club: Tranmere Rovers
['Kristian Dennis', 'Jordan Turnbull', 'Tom Davies', 'Josh Hawkes', 'Regan Hendry', 'Kieron Morris', 'Luke McGee', 'Luke Norris', "Lee O'Connor", 'Chris Merrie', 'Joe Murphy', 'Connor Jennings', 'Paul Lewis', 'Harvey Saunders', 'Brad Walker', 'Josef Yarney', 'Rhys Hughes', 'Charlie Jolley', 'Rob Apter', 'Reece McAlear', 'Jake Leake', 'Sam Taylor', 'Mikey Davies']

Club: Accrington Stanley
['Tommy Leigh', 'Sean McConville', 'Liam Coyle', 'Joe Pritchard', 'Seámus Conneely', 'Baba Fernandes', 'Rosaire Longelo', 'Toby Savin', 'Shaun Whalley', 'Jay Rich-Baghuelou', 'Josh Andrews', 'Matt Lowe', 'Kelvin Mellor', 'Korede Adedoyin', 'Jack Nolan', 'Leslie Adekoya', 'Brad Hills', 'Liam Isherwood', 'Dan Martin', 'Sebastian Quirk', 'Lewis Shipley', 'Joe Gubbins', "Connor O'Brien", 'Aaron Pickles', 'Bailey Sloane', 'Josh Woods', 'Lewis Trickett', 'Emerich Poilly']

Club: Sutton United
['Craig Eastmond', 'Dean Bouzanis', 'Ben Goodliffe', 'Ryan Jackson', 'Joe Kizzi', "Aiden O'Brien", 'Louis John', 'Robert Milsom', 'Omari Patrick', 'Craig Clay', 'Dion Pereira', 'Jack Rose', 'Harry Smith', 'Harry Beautyman', 'Scott Kashket', 'Omar Sowunmi', 'Lee Angol', 'Steve Arnold', 'Josh Coley', 'Sam Hart', 'Jonathan Barden', "D'Mani Mellor", "Christian N'Guessan", 'Tope Fadahunsi', 'Brad House', 'Hisham Kasimu', 'Craig Dundas', 'Matt Kerbey']

Club: Crewe Alexandra
['Courtney Baker-Richardson', 'Ryan Cooney', 'Mickey Demetriou', 'Chris Long', 'Jack Powell', 'Luke Offord', 'Conor Thomas', 'Elliott Nevitt', 'Shilow Tracey', 'Rio Adebisi', 'Aaron Rowe', 'Joe White', "Connor O'Riordan", 'Charlie Colkett', 'Harvey Davies', 'Joel Tabiner', 'Zac Williams', 'Charlie Finney', 'Tom Booth', 'Matúš Holíček', 'Lewis Billington', 'Owen Lunt']

Club: Morecambe
['Jacob Bedeau', 'Farrend Rawson', 'James Connolly', 'Donald Love', 'Chris Stokes', 'Jake Taylor', 'Tom Bloxham', 'Jacob Davenport', 'Eli King', 'Adam Smith', 'Cammy Smith', "Yann Songo'o", 'Max Melbourne', 'Stuart Moore', 'Joel Senior', 'Charlie Brown', 'Jordan Slew', 'JJ McKiernan']

Club: Crawley Town
['Dion Conroy', 'Liam Kelly', 'Ben Gladwin', 'Kellan Gordon', 'Nick Tsaroulla', 'Ronan Darcy', 'Kamarai Swyer', 'Will Wright', 'Adam Campbell', 'Harry Forster', 'Anthony Grant', 'Harry Ransom', 'Luca Ashby-Hammond', 'Travis Johnson', 'Rafiq Khaleel', 'Danilo Orsi', 'Corey Addai', 'Jack Roles', 'Joy Mukena', 'Tobi Omole', 'Aaron Henry', 'Klaidi Lolos', 'Jed Brown', 'Jay Williams', 'Florian Kastrati']

Club: Newport County
['Omar Bogle', 'Ryan Delaney', 'Harry Charsley', 'Declan Drysdale', 'Adam Lewis', 'Matt Baker', 'Scot Bennett', 'Matthew Bondswell', 'James Clarke', 'Shane McLoughlin', 'Bryn Morris', 'Nick Townsend', 'Aaron Wildig', 'Will Evans', 'Kyle Jameson', 'Jonny Maxted', 'Seb Palmer-Houlden', 'Offrande Zanzala', 'Nathan Wood', 'James Waite', 'Joshua Seberry', 'Kiban Rai']




League(id=1, name=Superliga, nationality=Denmark, clubs=2)
Club: F.C. København
['Viktor Claesson', 'Birger Meling', 'Rasmus Falk', 'Kamil Grabara', 'Jordan Larsson', 'Andreas Cornelius', 'Diogo Gonçalves', 'Mohamed Elyounoussi', 'Lukas Lerager', 'Denis Vavro', 'Davit Khocholava', 'Nicolai Boilesen', 'Elias Jelert', 'Kevin Diks', 'Christian Sørensen', 'Mateo Tanlongo', 'Elias Achouri', 'Peter Ankersen', 'Roony Bardghji', 'William Clem', 'Valdemar Lund', 'Khouma Babacar', 'Theo Sander', 'Orri Óskarsson', 'Oscar Højlund', 'Emil Højlund', 'Andreas Dithmer']

Club: AGF
['Mikkel Duelund', 'Patrick Mortensen', 'Felix Beijmo', 'Jesper Hansen', 'Mads Emil Madsen', 'Tobias Mølgaard', 'Frederik Tingager', 'Mikael Anderson', 'Mats Knoester', 'Bailey Peacock-Farrell', 'Janni Serra', 'Kevin Yakob', 'Nicolai Poulsen', 'Eric Kahl', 'Gift Links', 'Tobias Bech', 'Frederik Brandhof', 'Magnus Knudsen', 'Peter Bjur', 'Michael Akoto', 'Benjamin Hvidt', 'Zach Duncan', 'Jonathan Hutters', 'Jacob Florentin Andersen', 'Mikkel Kristensen', 'Mathias Dahl Sauer']




League(id=2017, name=Liga De Futbol Prof, nationality=Bolivia, clubs=4)
Club: Bolívar
['Carlos Lampe', 'Patricio Rodríguez', 'Nicolás Ferreyra', 'Diego Bejarano', 'Ronnie Fernández', 'José Sagredo', 'Fernando Saucedo', 'Bruno Sávio', 'Ramiro Vaca', 'Chico', 'Carmelo Algarañaz', 'Leonel Justiniano', 'Bryan Bentaberry', 'Rubén Cordano', 'Jairo Quinteros', 'Gabriel Villamíl', 'Jesús Sagredo', 'Alex Arancibia', 'Lucas Chávez', 'José Herrera', 'Yomar Rocha', 'Javier Uzeda', 'Miguel Angel Villarroel']

Club: The Strongest
['Enrique Triverio', 'Junior Arias', 'Eugenio Isnaldo', 'Guillermo Viscarra', 'Jaime Arrascaita', 'Adrián Jusino', 'Luciano Ursino', 'Gonzalo Castillo', 'Jeyson Chura', 'Álvaro Quiroga', 'Carlos Roca', 'Saúl Torres', 'José María Carrasco', 'John García', 'Michael Ortega', 'Jesús Careaga', 'Gabriel Sotomayor', 'Paul Arano', 'Pablo Pedraza', 'Ronald Bustos', 'Daniel Lino', 'Luis Banegas', 'Sebastián Claure', 'José Alfredo Flores', 'Fabricio Quaglio']

Club: Blooming
['Arquímedes Figuera', 'Rafinha', 'Pedro Siles', 'José Luis Sinisterra', 'Juan Carlos Arce', 'Richet Gómez', 'Guimer Justiniano', 'Braulio Uraezaña', 'Gabriel Valverde', 'Jhohan Gutíerrez', 'César Menacho', 'Fernando Arismendi', 'Abraham Cabrera', 'Ronald Cuéllar', 'Jonathan Lacerda', 'Carlos Jiménez', 'Jaime Villamil', 'Denilson Duran', 'Miguel Ángel Becerra', 'César Romero', 'Pablo Luján', 'Ramiro Eguez', 'Samuel Garzón']

Club: Guabirá
['Gustavo Peredo', 'Fran Supayabe', 'Santiago Echeverría', 'Juan Montenegro', 'Jairo Cuéllar', 'Freddy Abastoflor', 'Elder Arauz', 'Carlos Chore', 'Alejandro Meleán', 'Carlos Mateo Abastoflor', 'Mauricio Cabral', 'Brahian Egüez', 'Jefferson Ibáñez', 'Santos Navarro', 'Hugo Salvatierra', 'Manuel Ferrel', 'Ángel Vaca']




League(id=317, name=1. HNL, nationality=Croatia, clubs=2)
Club: Dinamo Zagreb
['Bruno Petković', 'Martin Baturina', 'Josip Mišić', 'Stefan Ristovski', 'Arijan Ademi', 'Bogdan Mykhailichenko', 'Dino Perić', 'Dario Špikić', 'Boško Šutalo', 'Robert Ljubicic', 'Josip Drmić', 'Takuro Kaneko', 'Sadegh Moharrami', 'Ivan Nevistić', 'Maxime Bernauer', 'Mahir Emreli', 'Marko Bulat', 'Luka Menalo', 'Tibor Halilović', 'Antonio Marin', 'Mauro Perković', 'Joaquín Sosa', 'Gabriel Vidović', 'Gabrijel Rukavina', 'Petar Sučić', 'Danijel Zagorac', 'Luka Vrbančić']

Club: Hajduk Split
['Marko Livaja', 'Yassine Benrahou', 'Vadis Odjidja-Ofoe', 'Filip Krovinović', 'Fahd Moufi', 'Emir Sahiti', 'Filip Uremović', 'Josip Elez', 'Ferro', 'Ismaël Chester Diallo', 'Lovre Kalinić', 'Dario Melnjak', 'Ivan Lučić', 'Dino Mikanović', 'Rokas Pukstas', 'Zvonimir Šarlija', 'Anthony Kalik', 'Ivan Dolček', 'Niko Sigur', 'Ivan Ćubelić', 'Leon Dajaku', 'Tino Blaž Lauš', 'Roko Brajković', 'Filip Čuić', 'Borna Buljan']




League(id=17, name=Ligue 2, nationality=France, clubs=18)
Club: AS Saint-Étienne
['Dennis Appiah', 'Mathieu Cafaro', 'Gautier Larsonneur', 'Anthony Briançon', 'Gaëtan Charbonnier', 'Stéphane Diarra', 'Thomas Monconduit', 'Florian Tardieu', 'Lamine Fomba', 'Ibrahim Sissoko', 'Dylan Batubinsika', 'Matthieu Dreyer', 'Etienne Green', 'Mickaël Nadé', 'Victor Lobry', 'Léo Pétrot', 'Dylan Chambost', 'Benjamin Bouchouari', 'Aimen Moueffek', 'Ibrahima Wadji', 'Abdoulaye Bakayoko', 'El Hadji Dieye', 'Maxence Rivera', 'Bryan Nokoue', 'Boubacar Fall', 'Ayman Aiki', 'Antoine Gauthier']

Club: Bordeaux
['Yoann Barbet', 'Alberth Elis', 'Stian Gregersen', 'Vital Nsimba', 'Gaëtan Weissbeck', 'Jérémy Livolant', 'Aliou Badji', 'Pedro Díaz', 'Danylo Ignatenko', 'Harisson Marcelin', 'Clément Michelin', 'Issouf Sissokho', 'Rafał Strączek', 'Malcom Bokele', 'Yohan Cassubie', 'Jacques Ekomié', 'Alexi Pitu', 'Marvin De Lima', 'Emeric Depussay', 'Johaneko Louis-Jean', 'Davy Rouyard', 'Lucas Rocrou']

Club: Angers SCO
['Himad Abdelli', 'Pierrick Capelle', 'Cédric Hountondji', 'Ibrahima Niane', 'Yan Valery', 'Farid El Melali', 'Adrien Hunou', 'Abdoulaye Bamba', 'Loïs Diony', 'Yahia Fofana', 'Florent Hanin', 'Jordan Lefort', 'Joseph Lopy', 'Halid Šabanović', 'Ousmane Camara', 'Jean-Mattéo Bahoya', 'Zinédine Ould Khaled', 'Ulrick Eneme-Ella', 'Noah Fatar', 'Yassin Belkhdim', 'Noah Nadje', 'Melvin Zinga']

Club: AJ Auxerre
['Colin Dagba', 'Jubal', 'Gaëtan Perrin', 'Gauthier Hein', 'Gideon Mensah', 'Ado Onaiwu', 'Saad Agouzoul', 'Rayan Raveloson', 'Florian Ayé', 'Paul Joly', 'Donovan Léon', 'Elisha Owusu', 'Théo Pellenard', 'Sonny Laiton', 'Lassine Sinayoko', 'Eros Maddy', 'Théo De Percin', 'Ousoumane Camara']

Club: SM Caen
['Yoann Court', 'Alexandre Mendy', 'Romain Thomas', 'Ali Abdi', 'Mathias Autret', 'Valentin Henry', 'Anthony Mandréa', 'Godson Kyeremeh', "Hianga'a Mbock", 'Syam Ben Youssef', 'Quentin Daubin', 'Djibril Diani', 'Emmanuel Ntim', 'Caleb Zady Sery', 'Alexandre Coeff', 'Bilal Brahimi', 'Yannis Clementia', 'Noé Lebreton', 'Brahim Traoré', 'Daylam Meddah', 'Vladislav Molchan']

Club: ESTAC Troyes
['Doğan Alemdar', 'Xavier Chavalerin', 'Renaud Ripart', 'Nicolas De Préville', 'Thierno Baldé', "Youssouf M'Changama", 'Ismaël Boura', 'Andreas Bruus', 'Abdu Conté', 'Ante Palaversa', 'Nicolas Lemaître', 'Abdoulaye Ndiaye', 'Rafiki Saïd', 'Luka Ilić', 'Tanguy Zoukrou', 'Kyliane Dong', 'Derek Mazou-Sacko', "Eric N'Jo"]

Club: AC Ajaccio
['Maxime Chanot', 'Thomas Mangani', 'Vincent Marchetti', 'Riad Nouri', 'Cédric Avinel', 'Yacine Bammou', 'Cyrille Bayala', 'Mathieu Michel', 'Clément Vidal', 'Michaël Barreto', 'Mohamed Youssouf', 'Stephen Quemper', 'Francois-Joseph Sollacaro', 'Moussa Soumano', 'Yoann Touzghar', 'Valentin Jacob', 'Thibault Campanini', 'Ghjuvanni Quilichini']

Club: Amiens SC
['Gaël Kakuta', 'Sébastien Corchia', 'Mamadou Fofana', 'Jérémy Gélin', 'Antoine Leautey', 'Régis Gurtner', 'Andy Carroll', 'Louis Mafouta', 'Abdoul Fessal Tapsoba', 'Mamadou Fofana', 'Kylian Kaïboué', 'Nicholas Opoku', 'Alexis Sauvage', 'Amadou Ciss', 'Abdourahmane Barry', 'Owen Gene', 'Osaze Urhoghide', 'Sebastian Ring', 'Youssouf Assogba', 'Kassoum Ouattara', 'Darell Tokpa', 'Matthieu Rongier', 'Ibrahim Fofana']

Club: EA Guingamp
['Gaëtan Courtet', 'Baptiste Guillaume', 'Vincent Manceau', 'Enzo Basilio', 'Jonathan Iglesias', 'Dylan Louiserre', 'Abdallah Ndour', 'Kalidou Sidibé', 'Maxime Barthelmé', 'Donatien Gomis', 'Mehdi Merghem', 'Babacar Niasse', 'Baptiste Roux', 'Ayman Ben Mohamed', 'Pierre Lemonnier', 'Maxime Sivis', 'Amine El Ouazzani', 'Matthis Riou', 'Hugo Picard', 'Amadou Sagna', 'Lenny Vallier', 'Hady Camara', 'Taylor Luvambo', 'Teddy Bartouche-Selbonne', 'Théo Le Normand', 'Jacques Siwe']

Club: Grenoble Foot 38
['Jessy Benet', 'Brice Maubleu', 'Adrien Monfray', 'Loïc Nestor', 'Mamadou Diarra', 'Arial Mendy', 'Abdoulie Sanyang', 'Gaëtan Paquiez', 'Manuel Perez', 'Virgiliu Postolachi', 'Pape Meissa Ba', 'Eddy Sylvestre', 'Allan Tchaptchet', 'Matthéo Xantippe', 'Lenny Joseph', 'Dante Rigo', 'Jekob Abiezer Jeno', 'Saikou Touray', 'Amine Sbaï']

Club: Pau FC
['Bingourou Kamara', 'Mehdi Chahiri', 'Ousmane Kanté', 'Jean Ruiz', 'Xavier Kouassi', 'Henri Saivet', 'Moussa Sylla', 'Antoine Batisse', 'Khalid Boutaïb', 'Mons Bassouamina', 'Steeve Beusnard', 'Kenji-Van Boto', 'Johann Obiang', "Sessi D'Almeida", "Jean Lambert Evan's", 'Mehdi Jeannin', 'Noé Sow', 'Charles Boli', 'Iyad Mohamed', 'Lenny Pirringuel', 'Louis Mouton', 'Quentin Galvez-Diarra', 'Oumar Ngom', 'Marius Ros', 'Thérence Koudou']

Club: Paris FC
['Ilan Kebbal', 'Julien Lopez', 'Lamine Gueye', 'Paul Lasne', 'Cyril Mandouki', 'Kouadio-Yves Dabila', 'Alimami Gory', 'Sofiane Alakouch', 'Samir Chergui', 'Ivan Filipović', 'Pierre-Yves Hamel', 'Moustapha Mbow', 'Yohan Demoncy', 'Lohann Doucet', 'Jules Gaudin', 'Andy Pembélé', 'Mohamed Touré', 'Lamine Diaby Fadiga', 'Yoan Koré', 'Obed Nkambadio']

Club: SC Bastia
['Dimitri Liénard', 'Cheick Keita', 'Julien Maggiotti', 'Tom Ducrocq', 'Dominique Guidi', 'Benjamin Santelli', 'Johny Placide', 'Dylan Tavares', 'Christophe Vincent', 'Migouel Alfarela', 'Zacharie Boucher', 'Kapit Djoco', 'Yohan Baï', 'Issiar Dramé', 'Sekou Lega', 'Anthony Roncaglia', 'Romaric Yapi', 'Florian Bohnert', 'Julien Fabri', 'Florian Bianchini', 'Jocelyn Janneh']

Club: Valenciennes FC
['Bruno Costa', 'Joffrey Cuffaut', 'Ugo Bonnet', 'Anthony Knockaert', 'Julien Masson', 'Marius Noubissi', 'Aymen Boutoutaou', 'Buatu', 'Lucas Woudenberg', 'Sacha Banse', 'Ilyes Hamache', 'Allan Linguet', 'Taylor Moore', 'Jean Louchet', 'Lassana Diabaté', 'Yassine Haouari', 'Nassim Innocenti', 'Yacine El Amri', 'Madou Touré', 'Eyram Viegbe']

Club: Quevilly Rouen
['Benjamin Leroy', 'Gustavo Sangaré', 'Alpha Sissoko', 'Garland Gbellé', 'Alexandre Bonnet', 'Till Cissokho', 'Sambou Soumano', 'Pape Ndiaga Yade', 'Logan Delaurier-Chaubet', 'Samuel Loric', 'Balthazar Pierret', 'Yohan Roche', 'Jason Pendant', 'Damon Bansais', 'Mamadou Camara', 'Kayne Bonnevie', 'Nadjib Cissé']

Club: Rodez AF
['Bradley Danger', 'Clément Depres', 'Abdel Hakim Abdallah', 'Joris Chougrani', 'Giovanni Haag', 'Lionel Mpasi', 'Éric Vandenabeele', 'Taïryk Arconte', 'Lucas Buades', 'Killian Corredor', 'Lorenzo Rajot', 'Waniss Taïbi', 'Serge-Philippe Raux-Yao', 'Wilitty Younoussa', 'Kévin Boma', 'Sébastien Cibois', 'Grégory Coelho', 'Ahmad Ngouyamsa', 'Antoine Valério', 'Andréas Hountondji', 'Park Jung Bin', 'Noa Savignac']

Club: US Concarneau
['Julien Faussurier', 'Bryan Pelé', 'Issouf Paro', 'Esteban Salles', 'Pape Ibnou Ba', 'Maxime Etuin', 'Noha Ndombasi', 'Gaoussou Traoré', 'Gabriel Barès', 'Nassim Chadli', 'Fahd El Khoumisti', 'Alec Georgen', 'Alexandre Phliponeau', 'Maxime Pattier', 'Abdelwahed Wahib', 'Tom Lebeau', 'Ambroise Gboho', 'Romain Sans', 'Baptiste Mouazan', 'Rudy Boulais']

Club: USL Dunkerque
['Rémy Boissier', 'Julien Anziani', 'Hugo Gambor', 'Armand Gnanduillet', 'Tidiane Keita', 'Opa Sangante', 'Arnaud Balijon', 'Yohan Bilingi', 'Billy Koumetio', 'Demba Thiam', 'Bendjaloud Youssouf', 'Samy Baghdadi', 'Moussa Guel', 'Driss Trichard', 'Lucas Lavallée']




League(id=31, name=Serie A, nationality=Italy, clubs=20)
Club: Inter
['Lautaro Martínez', 'Nicolò Barella', 'Alessandro Bastoni', 'Hakan Çalhanoğlu', 'Yann Sommer', 'Francesco Acerbi', 'Benjamin Pavard', 'Stefan de Vrij', 'Federico Dimarco', 'Denzel Dumfries', 'Henrikh Mkhitaryan', 'Marko Arnautović', 'Juan Cuadrado', 'Matteo Darmian', 'Davide Frattesi', 'Emil Audero', 'Marcus Thuram', 'Carlos Augusto', 'Stefano Sensi', 'Davy Klaassen', 'Kristjan Asllani', 'Yann Aurel Bisseck', 'Lucien Agoumé', 'Raffaele Di Gennaro']

Club: Napoli FC
['Victor Osimhen', 'Khvicha Kvaratskhelia', 'Giovanni Di Lorenzo', 'Stanislav Lobotka', 'Alex Meret', 'André-Franck Zambo Anguissa', 'Piotr Zieliński', 'Matteo Politano', 'Amir Rrahmani', 'Mário Rui', 'Eljif Elmas', 'Giacomo Raspadori', 'Mathías Olivera', 'Giovanni Simeone', 'Jesper Lindstrøm', 'Pierluigi Gollini', 'Diego Demme', 'Juan Jesus', 'Jens-Lys Cajuste', 'Leo Østigård', 'Gianluca Gaetano', 'Alessandro Zanoli', 'Alessio Zerbin', 'Nikita Contini', 'Karim Zedadka', 'Hubert Idasiak']

Club: Juventus
['Wojciech Szczęsny', 'Federico Chiesa', 'Adrien Rabiot', 'Bremer', 'Filip Kostić', 'Dušan Vlahović', 'Manuel Locatelli', 'Danilo', 'Arkadiusz Milik', 'Mattia Perin', 'Moise Kean', 'Alex Sandro', 'Nicolò Fagioli', 'Mattia De Sciglio', 'Federico Gatti', 'Weston McKennie', 'Fabio Miretti', 'Daniele Rugani', 'Andrea Cambiaso', 'Timothy Weah', 'Carlo Pinsoglio', 'Samuel Iling-Junior', 'Hans Nicolussi Caviglia', 'Giovanni Garofani']

Club: Lazio
['Ciro Immobile', 'Luis Alberto', 'Alessio Romagnoli', 'Ivan Provedel', 'Mattia Zaccagni', 'Daichi Kamada', 'Felipe Anderson', 'Adam Marušić', 'Nicolò Casale', 'Valentin Castellanos', 'Mattéo Guendouzi', 'Manuel Lazzari', 'Pedro', 'Danilo Cataldi', 'Nicolò Rovella', 'Matías Vecino', 'Patric', 'Elseid Hysaj', 'Toma Bašić', 'Gustav Isaksen', 'Luca Pellegrini', 'Luigi Sepe', 'Mario Gila', 'André Anderson', 'Alessandro Rossi']

Club: Milan
['Mike Maignan', 'Rafael Leão', 'Theo Hernández', 'Ismaël Bennacer', 'Fikayo Tomori', 'Olivier Giroud', 'Davide Calabria', 'Samuel Chukwueze', 'Simon Kjær', 'Christian Pulisic', 'Pierre Kalulu', 'Rade Krunić', 'Tijjani Reijnders', 'Luka Jović', 'Ruben Loftus-Cheek', 'Marco Sportiello', 'Malick Thiaw', 'Noah Okafor', 'Tommaso Pobega', 'Alessandro Florenzi', 'Yunus Musah', 'Yacine Adli', 'Antonio Mirante', 'Mattia Caldara', 'Marco Pellegrino', 'Luka Romero', 'Chaka Traorè']

Club: Roma FC
['Paulo Dybala', 'Romelu Lukaku', 'Chris Smalling', 'Gianluca Mancini', 'Lorenzo Pellegrini', 'Bryan Cristante', 'Rui Patrício', 'Tammy Abraham', 'Leonardo Spinazzola', 'Sardar Azmoun', 'Andrea Belotti', 'Stephan El Shaarawy', 'Rick Karsdorp', 'Renato Sanches', 'Evan Ndicka', 'Diego Llorente', 'Leandro Paredes', 'Houssem Aouar', 'Zeki Çelik', 'Nicola Zalewski', 'Rasmus Kristensen', 'Marash Kumbulla', 'Edoardo Bove', 'Mile Svilar', 'Julen Jon', 'Pietro Boer', 'Niccolò Pisilli']

Club: Atalanta
['Ademola Lookman', 'Marten de Roon', 'Teun Koopmeiners', 'Mario Pašalić', 'Rafael Tolói', 'Marco Carnesecchi', 'Luis Muriel', 'Juan Musso', 'Davide Zappacosta', 'Hans Hateboer', 'Sead Kolašinac', 'Gianluca Scamacca', 'Berat Djimsiti', 'Éderson', 'Alexey Miranchuk', 'Charles De Ketelaere', 'José Luis Palomino', 'Giorgio Scalvini', 'Mitchel Bakker', 'El Bilal Touré', 'Emil Holm', 'Matteo Ruggeri', 'Nadir Zortea', 'Michel Ndary Adopo', 'Francesco Rossi']

Club: Fiorentina
['Nicolás González', 'Cristiano Biraghi', 'Giacomo Bonaventura', 'Nikola Milenković', 'Pietro Terracciano', 'Antonín Barák', 'Gaetano Castrovilli', 'Maxime Lopez', "M'Bala Nzola", 'Arthur', 'Dodô', 'Jonathan Ikoné', 'Christian Kouamé', 'Lucas Martínez Quarta', 'Yerry Mina', 'Fabiano Parisi', 'Lucas Beltrán', 'Josip Brekalo', 'Rolando Mandragora', 'Riccardo Sottil', 'Alfred Duncan', 'Oliver Christensen', 'Luca Ranieri', 'Gino Infantino', 'Christian Dalle Mura']

Club: Torino
['Duván Zapata', 'Perr Schuurs', 'Antonio Sanabria', 'Nikola Vlašić', 'Alessandro Buongiorno', 'Ivan Ilić', 'Vanja Milinković-Savić', 'Samuele Ricci', 'Nemanja Radonjić', 'Ricardo Rodríguez', 'Karol Linetty', 'Adrien Tameze', 'Raoul Bellanova', 'Koffi Djidji', 'Yann Karamoh', 'David Zima', 'Valentino Lazaro', 'Mërgim Vojvoda', 'Brandon Soppy', 'Pietro Pellegri', 'Mihai Popa', 'Luca Gemello', 'Demba Seck', 'Gvidas Gineitis', 'Sebastian Wade', 'Matteo Fiorenza']

Club: Monza
['Patrick Ciurria', 'Michele Di Gregorio', 'Matteo Pessina', 'Gianluca Caprari', "Danilo D'Ambrosio", 'Pablo Marí', 'Jean-Daniel Akpa Akpro', 'Samuele Birindelli', 'Luca Caldirola', 'Andrea Colpani', 'Roberto Gagliardini', 'Armando Izzo', 'Dany Mota', 'Giorgos Kyriakopoulos', 'Pedro Pereira', 'Lorenzo Colombo', 'José Machín', 'Andrea Carboni', 'Mirko Marić', 'Stefano Gori', 'Eugenio Lamanna', 'Davide Bettella', 'Giorgio Cittadini', 'Samuele Vignato', 'Franco Carboni', 'Warren Bondo', 'Alessandro Sorrentino', 'Valentín Carboni']

Club: Sassuolo
['Domenico Berardi', 'Armand Laurienté', 'Andrea Consigli', 'Samu Castillejo', 'Alessio Cragno', 'Matheus Henrique', 'Uroš Račić', 'Nedim Bajrami', 'Martin Erlić', 'Marcus Holmgren Pedersen', 'Andrea Pinamonti', 'Grégoire Defrel', 'Kristian Thorstvedt', 'Matías Viña', 'Agustín Álvarez Martínez', 'Gian Marco Ferrari', 'Pedro Obiang', 'Jeremy Toljan', 'Mattia Viti', 'Ruan', 'Samuele Mulattieri', 'Gianluca Pegolo', 'Emil Ceïde', 'Cristian Volpato', 'Filippo Missori', 'Luca Lipani']

Club: Udinese
['Deulofeu', 'Marco Silvestri', 'Nehuén Pérez', 'Jaka Bijol', 'Sandi Lovrič', 'Walace', 'Hassane Kamara', 'Brenner', 'Martín Payero', 'Lazar Samardžić', 'Isaac Success', 'Florian Thauvin', 'Zarraga', 'Lorenzo Lucca', 'Adam Masina', 'Keinan Davis', 'Enzo Ebosse', 'Kingsley Ehizibue', 'Christian Kabasele', 'Daniele Padelli', 'Maduka Okoye', 'Jordan Zemura', 'Marley Aké', 'Festy Ebosele', 'João Ferreira', 'Thomas Thiesson Kristensen', 'Simone Pafundi', 'Domingos Quina', 'Etienne Camara', 'Axel Guessand']

Club: Bologna
['Remo Freuler', 'Riccardo Orsolini', 'Alexis Saelemaekers', 'Jesper Karlsson', 'Stefan Posch', 'Łukasz Skorupski', 'Michel Aebischer', 'Sam Beukema', 'Lewis Ferguson', 'Jhon Lucumí', 'Nikola Moro', 'Lorenzo De Silvestri', 'Adama Soumaoro', 'Joshua Zirkzee', 'Kevin Bonifazi', 'Victor Kristiansen', 'Charalampos Lykogiannis', 'Sydney van Hooijdonk', 'Riccardo Calafiori', 'Dan Ndoye', 'Giovanni Fabbian', 'Oussama El Azzouzi', 'Federico Ravaglia', 'Wisdom Amey', 'Kacper Urbański', 'Nicola Bagnolini']

Club: Hellas Verona
['Lorenzo Montipò', 'Marco Davide Faraoni', 'Darko Lazović', 'Riccardo Saponara', 'Suat Serdar', 'Josh Doig', 'Isak Hien', 'Ondrej Duda', 'Thomas Henry', 'Paweł Dawidowicz', 'Giangiacomo Magnani', 'Cyril Ngonge', 'Koray Günter', 'Jordi Mboula', 'Federico Bonazzoli', 'Diego Coppola', 'Milan Đurić', 'Martin Hongla', 'Ajdin Hrustić', 'Bruno Amione', 'Michael Folorunsho', 'Yayah Kallon', 'Filippo Terracciano', 'Simone Perilli', 'Jackson Tchatchoua', 'Juan David Cabal', 'Jayden Braaf', 'Mattia Chiesa', 'Alessandro Berardi']

Club: Empoli
['Tommaso Baldanzi', 'Francesco Caputo', 'Răzvan Marin', 'Emmanuel Gyasi', 'Nicolò Cambiaghi', 'Tyronne Ebuehi', 'Sebastiano Luperto', 'Matteo Cancellieri', 'Giuseppe Pezzella', 'Simone Bastoni', 'Bartosz Bereszyński', 'Elia Caprile', 'Alberto Grassi', 'Ardian Ismajli', 'Youssef Maleh', 'Etrit Berisha', 'Liberato Cacace', 'Lorenzo Tonelli', 'Viktor Kovalenko', 'Sebastian Walukiewicz', 'Filippo Ranocchia', 'Luca Belardinelli', 'Jacopo Fazzini', 'Daniel Maldini', 'Samuele Perisan']

Club: Salernitana
['Boulaye Dia', 'Guillermo Ochoa', 'Antonio Candreva', 'Giulio Maggiore', 'Jovane Cabral', 'Lassana Coulibaly', 'Benoît Costil', 'Flavius Daniliuc', 'Pasquale Mazzocchi', 'Norbert Gyömbér', 'Emil Bohinen', 'Domagoj Bradarić', 'Dylan Bronn', 'Federico Fazio', 'Matteo Lovato', 'Agustín Martegani', 'Lorenzo Pirola', 'Junior Sambia', 'Grigoris Kastanos', 'Erik Botheim', 'Vincenzo Fiorillo', 'Mateusz Łęgowski', 'Loum Tchaouna', 'Simy']

Club: Genoa
['Ruslan Malinovskyi', 'Junior Messias', 'Mateo Retegui', 'Aarón', 'Albert Guðmundsson', 'Morten Thorsby', 'Ridgeciano Haps', 'Silvan Hefti', 'Kevin Strootman', 'Milan Badelj', 'Morten Frendrup', 'Josep Martínez', 'Mattia Bani', 'Radu Drăgușin', 'Pablo Galdames', 'Filip Jagiełło', 'Stefano Sabelli', 'Johan Vásquez', 'Alessandro Vogliacco', 'Caleb Ekuban', 'Berkan Kutlu', 'Nicola Leali', 'George Pușcaș', 'Koni De Winter', 'Alan Matturro', 'Daniele Sommariva', 'Léandre Kuavita']

Club: Lecce
['Gabriel Strefezza', 'Wladimiro Falcone', 'Federico Baschirotto', 'Marin Pongračić', 'Valentin Gendrey', 'Rémi Oudin', 'Lorenzo Venuti', 'Alexis Blin', 'Antonino Gallo', 'Ahmed Touba', 'Lameck Banda', 'Joan González', 'Roberto Piccoli', 'Ylber Ramadani', 'Pontus Almqvist', 'Mohamed Kaba', 'Kastriot Dermaku', 'Hamza Rafia', 'Marcin Listkowski', 'Giacomo Faticanti', 'Daniel Samek', 'Medon Berisha', 'Federico Brancolini']

Club: Cagliari
['Andrea Petagna', 'Gianluca Lapadula', 'Nahitan Nández', 'Pantelis Hatzidiakos', 'Tommaso Augello', 'Jakub Jankto', 'Marco Mancosu', 'Gastón Pereiro', 'Eldor Shomurodov', 'Mateusz Wieteska', 'Alberto Dossena', 'Edoardo Goldaniga', 'Antoine Makoumbou', 'Boris Radunović', 'Marko Rog', 'Simone Scuffet', 'Nicolas Viola', 'Paulo Azzi', 'Leonardo Pavoletti', 'Gabriele Zappa', 'Elio Capradossi', 'Alessandro Deiola', 'Adam Obert', 'Zito Luvumbo', 'Ibrahim Sulemana', 'Alessandro Di Pardo', 'Gaetano Oristanio', 'Simone Aresti', 'Jacopo Desogus']

Club: Frosinone
['Luca Mazzitelli', 'Walid Cheddira', 'Luca Garritano', 'Abdou Harroui', 'Pol Lirola', 'Caleb Okoli', 'Stefano Turati', 'Giuseppe Caso', 'Kaio Jorge', 'Matías Soulé', 'Mehdi Bourabia', 'Reinier', 'Simone Romagnoli', 'Jaime Baez', 'Riccardo Marchizza', 'Soufiane Bidaoui', 'Karlo Lulić', 'Marco Brescianini', 'Marvin Çuni', 'Pierluigi Frattali', 'Enzo Barrenechea', 'Michele Cerofolini', 'Anthony Oyono', 'Arijon Ibrahimović', 'Justin Ferizaj']




League(id=14, name=Championship, nationality=England, clubs=24)
Club: Leicester City
['Ricardo Pereira', 'Wilfred Ndidi', 'Jamie Vardy', 'Conor Coady', 'Kiernan Dewsbury-Hall', 'Wout Faes', 'Kelechi Iheanacho', 'James Justin', 'Stephy Mavididi', 'Patson Daka', 'Dennis Praet', 'Daniel Iversen', 'Jannik Vestergaard', 'Harry Winks', 'Harry Souttar', 'Danny Ward', 'Yunus Akgün', 'Hamza Choudhury', 'Mads Hermansen', 'Callum Doyle', 'Marc AlBrighton & Hove Albion', 'Thomas Cannon', 'Abdul Fatawu Issahaku', 'Alex Smithies', 'Cesare Casadei', 'Wanya Marçal', 'Kasey McAteer', 'Tawanda Maswanhise', 'Jakub Stolarczyk']

Club: Leeds United
['Patrick Bamford', 'Daniel James', 'Illan Meslier', 'Ethan Ampadu', 'Liam Cooper', 'Karl Darlow', 'Junior Firpo', 'Wilfried Gnonto', 'Joël Piroe', 'Joe Rodon', 'Djed Spence', 'Jaidon Anthony', 'Luke Ayling', 'Stuart Dallas', 'Glen Kamara', 'Georginio Rutter', 'Pascal Struijk', 'Crysencio Summerville', 'Sam Byram', 'Joe Gelhardt', 'Ilia Gruev', 'Hélder Costa', 'Charlie Cresswell', 'Ian Poveda', 'Jamie Shackleton', 'Lewis Bate', 'Leo Hjelde', 'Archie Gray', 'Mateo Joseph', 'Darko Gyabi']

Club: Southampton
['Kyle Walker-Peters', 'Ché Adams', 'Jan Bednarek', 'Taylor Harwood-Bellis', 'Mason Holgate', 'Ryan Manning', 'Jack Stephens', 'Kamaldeen Sulemana', 'Carlos Alcaraz', 'Joe Aribo', 'Stuart Armstrong', 'Ryan Fraser', 'Adam Armstrong', 'Alex McCarthy', 'Ross Stewart', 'Gavin Bazunu', 'James Bree', 'Flynn Downes', 'Joe Lumley', 'Sékou Mara', 'Will Smallbone', 'Samuel Edozie', 'Shea Charles', 'Dynel Simeu', 'Thierry Small', 'Jake Vokins', 'Juan Larios', 'Zach Awe', 'Samuel Amo-Ameyaw']

Club: Norwich City
['Christian Fassnacht', 'Gabriel Sara', 'Angus Gunn', 'Hwang Ui Jo', 'Shane Duffy', 'Grant Hanley', 'Jack Stacey', 'Dimitris Giannoulis', 'Kenny McLean', 'Josh Sargent', 'Ashley Barnes', 'Onel Hernández', 'Marcelino Núñez', 'Borja Sainz', 'Danny Batth', 'George Long', 'Sam McCallum', 'Ben Gibson', 'Przemysław Płacheta', 'Jacob Sørensen', 'Liam Gibbs', 'Adam Idah', 'Jonathan Rowe', 'Tony Springett', 'Daniel Barden', 'Jon McCracken']

Club: Middlesbrough
['Dael Fry', 'Isaiah Jones', 'Darragh Lenihan', 'Riley McGree', 'Paddy McNair', "Lewis O'Brien", 'Daniel Barlaser', 'Matt Clarke', 'Matt Crooks', 'Seny Dieng', 'Tommy Smith', 'Marcus Forss', 'Hayden Hackney', 'Jonny Howson', 'Anfernee Dijksteel', 'Sam Greenwood', 'Emmanuel Latte Lath', 'Lukas Engel', 'Hayden Coulson', 'Morgan Rogers', 'Josh Coburn', 'Samuel Silvera', 'Tom Glover', 'Jamie Jones', 'Rav van den Berg', 'Alex Gilbert', 'Bryant Bilongo', 'Joe Gibson', 'Sonny Finch', 'Jack Hannah', 'Cain Sykes']

Club: West Bromwich Albion
['Jed Wallace', 'John Swift', 'Josh Maja', 'Okay Yokuşlu', 'Nathaniel Chalobah', 'Daryl Dike', 'Darnell Furlong', 'Jayson Molumby', 'Alex Mowatt', 'Erik Pieters', 'Conor Townsend', 'Semi Ajayi', 'Kyle Bartley', 'Martin Kelly', 'Grady Diangana', 'Cédric Kipré', 'Alex Palmer', 'Matt Phillips', 'Adam Reach', 'Brandon Thomas-Asante', 'Jeremy Sarmiento', 'Caleb Taylor', 'Josh Griffiths', 'Reyes Cleary', 'Tom Fellows', 'Ted Cann']

Club: Millwall
['Jake Cooper', 'Zian Flemming', 'Tom Bradshaw', 'George Honeyman', 'Kevin Nisbet', 'Casper De Norre', 'Shaun Hutchinson', 'Danny McNamara', 'Murray Wallace', 'Joe Bryan', 'Ryan Leonard', 'George Saville', 'Allan Campbell', 'Billy Mitchell', 'Bartosz Białkowski', 'Matija Šarkić', 'Duncan Watmore', 'Wes Harding', 'Ryan Longman', 'Brooke Norton-Cuffy', 'Connal Trueman', 'Romain Esse', 'Aidomo Emakhu']

Club: Watford
['Wesley Hoedt', 'Rhys Healey', 'Imrân Louza', 'Daniel Bachmann', 'Tom Ince', 'Francisco Sierralta', 'Edo Kayembe', 'Jamal Lewis', 'Ryan Porteous', 'Vakoun Issouf Bayo', 'Jeremy Ngakia', 'Ken Sema', 'Giorgi Chakvetadze', 'Jake Livermore', 'Tom Dele-Bashiru', 'Ismaël Koné', 'Matheus Martins', 'Mattie Pollock', 'Yáser Asprilla', 'Ben Hamer', 'Mileta Rajovic', 'James Morris', 'Ryan Andrews', 'Tobi Adeyemo', 'Myles Roberts', 'Alfie Marriott']

Club: Coventry City
['Milan van Ewijk', 'Haji Wright', 'Ben Sheaf', "Callum O'Hare", 'Tatsuhiro Sakamoto', 'Jake Bidwell', 'Kyle McFadzean', 'Luis Binks', 'Jay Dasilva', 'Josh Eccles', 'Matt Godden', 'Kasey Palmer', 'Ben Wilson', 'Jamie Allen', 'Joel Latibeaudiere', 'Ellis Simms', 'Bobby Thomas', 'Brad Collins', 'Liam Kitching', 'Simon Moore', 'Liam Kelly', 'Yasin Ayari', 'Fábio Tavares', 'Marco Rus', 'Evan Eghosa', 'Justin Obikwu', 'Cian Tyler', 'Isaac Moore']

Club: Preston North End
['Ben Whiteman', 'Freddie Woodman', 'Jordan Storey', 'Will Keane', 'Robbie Brady', 'Alan Browne', 'Ched Evans', 'Andrew Hughes', 'Ali McCann', 'Milutin Osmajić', 'Emil Riis', 'Liam Lindsay', 'Brad Potts', 'Jack Whatmough', 'Patrick Bauer', 'Greg Cunningham', 'Duane Holmes', 'Ryan Ledson', 'Liam Millar', 'Mads Frøkjær-Jensen', 'Ben Woodburn', 'Calvin Ramsay', 'David Cornell', 'Layton Stewart', 'Noah Mawene', 'Kian Best', 'Kaedyn Kamara', 'Kian Taylor', 'Kitt Nelson', 'Josh Seary']

Club: Stoke City
['Sead Hakšabanović', 'Mark Travers', 'André Vidigal', 'Mehdi Léris', 'Ben Pearson', 'Lewis Baker', 'Wesley', 'Luke McNally', 'Ben Wilmot', 'Wouter Burger', 'Tyrese Campbell', 'Daniel Johnson', 'Josh Laurent', 'Ryan Mmaee', 'Enda Stevens', 'Dwight Gayle', 'Michael Rose', 'Jack Bonham', 'Frank Fielding', 'Ki-Jana Hoever', 'Jordan Thompson', 'Lynden Gooch', 'Junior Tchamadeu', "D'Margio Wright-Phillips", 'Bae Jun Ho', 'Blondy Nna Noukeu', 'Emre Tezgel', 'Nathan Lowe']

Club: Hull City
['Rúben Vinagre', 'Jean Michaël Seri', 'Ozan Tufan', 'Cyrus Christie', 'Jacob Greaves', 'Adama Traoré', 'Scott Twine', 'Doğukan Sinik', 'Regan Slater', 'Aaron Connolly', 'Jaden Philogene', 'Matt Ingram', 'Alfie Jones', 'Sean McLoughlin', 'Tyler Morton', 'Allahyar Sayyadmanesh', 'Ryan Allsop', 'Lewie Coyle', 'Liam Delap', 'Greg Docherty', 'Jason Lokilo', 'Harry Vaughan', 'Andy Smith', 'Thimothée Lo-Tutala', 'James Furlong', 'Vaughn Covil', 'Matty Jacob', 'David Robson', 'Jevon Mills', 'Olly Green']

Club: Cardiff City
['Aaron Ramsey', 'Manolis Siopis', 'Rúnar Alex Rúnarsson', 'Karlan Grant', 'Yakou Méïté', "Callum O'Dowda", 'Callum Robinson', 'Iké Ugbo', 'Josh Bowler', 'Jamilu Collins', 'Perry Ng', 'Jonathan Panzo', 'Joe Ralls', 'Ryan Wintle', 'Dimitrios Goutas', 'Mark McGuinness', 'Andy Rinomhota', 'Ebou Adams', 'Mahlon Romeo', 'Romaine Sawyers', 'Jak Alnwick', 'Kion Etete', 'Rubin Colwill', 'Vontae Daley-Campbell', 'Kieron Evans', 'Ollie Tanner', 'Xavier Benjamin']

Club: Blackburn Rovers
['Arnór Sigurðsson', 'Dominic Hyam', 'Lewis Travis', 'Sondre Tronstad', 'Callum Brittain', 'Tyrhys Dolan', 'Sam Gallagher', 'Ryan Hedges', 'Harry Pickering', 'Scott Wharton', 'Hayden Carter', 'Joe Rankin-Costello', 'Sammie Szmodics', 'Leopold Wahlstedt', 'Niall Ennis', 'Aynsley Pears', 'James Hill', 'Jake Garrett', 'Dilan Markanday', 'Adam Wharton', 'Semir Telalovic', 'Sam Barnes', 'Harry Leonard', 'Jordan Eastham', 'Zak Gilsenan', 'Andrew Moran', 'Patrick Gamble', 'Joe Hilton', 'Charlie Weston', 'Jake Batty']

Club: Queens Park Rangers
['Asmir Begović', 'Ilias Chair', 'Steve Cook', 'Chris Willock', 'Sam Field', 'Kenneth Paal', 'Jimmy Dunne', 'Lyndon Dykes', 'Jake Clarke-Salter', 'Jack Colback', 'Morgan Fox', 'Albert Adomah', 'Andre Dozzell', 'Osman Kakay', 'Paul Smyth', 'Jordan Archer', 'Taylor Richards', 'Sinclair Armstrong', 'Charlie Kelman', 'Elijah Dixon-Bonner', 'Ziyad Larkeche', 'Stephen Duke-McKenna', 'Joe Walsh', 'Aaron Drewe', 'Alexander Aoraha', 'Rafferty Pedder', 'Hamzad Kargbo']

Club: Birmingham City
['Krystian Bielik', 'Ethan Laird', 'John Ruddy', 'Juninho Bacuna', 'Cody Drameh', 'Scott Hogan', 'Koji Miyoshi', 'Ivan Šunjić', 'Oliver Burke', 'Kevin Long', 'Keshi Anderson', 'Lee Buchanan', 'Siriki Dembélé', 'Tyler Roberts', 'Marc Roberts', 'Dion Sanderson', 'Emanuel Aiwu', 'Neil Etheridge', 'George Hall', 'Lukas Jutkiewicz', 'Emmanuel Longelo', 'Gary Gardner', 'Jay Stansfield', 'Alfie Chang', 'Jordan James', 'Zach Jeacock', 'Marcel Oakley', 'Brandon Khela']

Club: Ipswich Town
['Brandon Williams', 'Conor Chaplin', 'Sam Morsy', 'Leif Davis', 'Nathan Broadhead', 'Wes Burns', 'Jack Taylor', 'Luke Woolfenden', 'Harry Clarke', 'Lee Evans', 'Freddie Ladapo', 'Massimo Luongo', 'Christian Walton', 'Cameron Burgess', 'Janoi Donacien', 'George Hirst', 'Dominic Ball', 'George Edmundson', 'Marcus Harness', 'Sone Aluko', 'Omari Hutchinson', 'Kayden Jackson', 'Václav Hladký', 'Cameron Humphreys', 'Dane Scarlett', 'Elkan Baggott', 'Nick Hayes', 'Cieran Slicker']

Club: Sunderland
['Jack Clarke', 'Daniel Ballard', 'Anthony Patterson', 'Patrick Roberts', 'Adil Aouchiche', 'Dan Neil', 'Timothée Pembélé', 'Bradley Dack', "Luke O'Nien", 'Alex Pritchard', 'Dennis Cirkin', 'Trai Hume', 'Ajibola Alese', 'Jewison Bennette', 'Corry Evans', 'Pierre Ekwah', 'Jay Matete', 'Nectarios Triantis', 'Abdoullah Ba', 'Nathan Bishop', 'Jobe Bellingham', 'Jenson Seelt', 'Eliezer Mayenda', 'Niall Huggins', 'Max Thompson', 'Luís Semedo', 'Zak Johnson', 'Ellis Taylor']

Club: Bristol City
['Rob Dickie', 'Rob Atkinson', 'Kal Naismith', 'Andreas Weimann', 'Ross McCrorie', 'Joe Williams', 'Harry Cornick', 'Matty James', 'Jason Knight', "Max O'Leary", 'Cameron Pring', 'Nahki Wells', 'Taylor Gardner-Hickman', 'Mark Sykes', 'Zak Vyner', 'Andy King', 'Anis Mehmeti', 'George Tanner', 'Tommy Conway', 'Stefan Bajic', 'Haydon Roberts', 'Sam Bell', 'Ayman Benarous', 'Marlee François', 'Omar Taylor-Clarke', 'Harry Leeson', 'Harvey Wiles-Richards', 'Callum Wood']

Club: Swansea City
['Matt Grimes', 'Jamie Paterson', 'Ben Cabango', 'Jay Fulton', 'Jerry Yates', 'Harry Darling', 'Josh Ginnelly', 'Jamal Lowe', 'Joe Allen', 'Kyle Naughton', 'Kristian Pedersen', 'Andy Fisher', 'Charlie Patino', 'Carl Rushworth', 'Josh Tymon', 'Nathan Wood', 'Oliver Cooper', 'Liam Cullen', 'Liam Walsh', 'Josh Key', 'Nathanael Ogbeta', 'Bashir Humphreys', 'Mykola Kuharevych', 'Nathan Tjoe-A-On', 'Harrison Ashby', 'Azeem Abdulai', 'Cameron Congreve', 'Lewis Webb']

Club: Sheffield Wednesday
['Barry Bannan', 'John Buckley', 'Devis Vásquez', 'Josh Windass', 'Michael Ihiekwe', 'Liam Palmer', 'Michael Smith', 'Will Vaulks', "Di'Shon Bernard", 'George Byers', 'Juan Delgado', 'Mohamed Diaby', 'Jeff Hendrick', 'Reece James', 'Cameron Dawson', 'Bambo Diaby', 'Ashley Fletcher', 'Lee Gregory', 'Dominic Iorfa', 'Marvin Johnson', 'Anthony Musaba', 'Mallik Wilks', 'Akin Famewo', 'Callum Paterson', 'Tyreeq Bakinson', 'Pol Valentín', 'Ciaran Brennan', 'Pierce Charles']

Club: Huddersfield Town
['Lee Nicholls', 'Michał Helik', 'Matty Pearson', 'Sorba Thomas', 'Delano Burgzorg', 'Tom Edwards', 'Josh Koroma', 'Rarmani Edmonds-Green', 'Jonathan Hogg', 'Tom Lees', 'Chris Maxwell', 'Oliver Turton', 'Danny Ward', 'Ben Wiles', 'David Kasumu', 'Yuta Nakayama', 'Jack Rudoni', 'Josh Ruffels', 'Brahima Diarra', 'Ben Jackson', 'Jaheim Headley', 'Kian Harratt', 'Pat Jones', 'Loick Ayina', 'Josh Austerfield', 'Kyle Hudlin', 'Jacob Chapman']

Club: Rotherham United
['Viktor Johansson', 'Fred Onyedinma', 'Jordan Hugill', 'Cameron Humphreys-Grant', 'Oliver Rathbone', 'Shane Ferguson', 'Grant Hall', 'Sean Morrison', 'Sam Nombe', 'Dillon Phillips', 'Cafú', 'André Green', 'Hakeem Odoffin', 'Lee Peltier', 'Tyler Blackett', 'Tom Eaves', 'Jamie Lindsay', 'Arvin Appiah', 'Cohen Bramall', 'Georgie Kelly', 'Dexter Lembikisa', 'Tolaji Bola']

Club: Plymouth Argyle
['Michael Cooper', 'Bali Mumba', 'Finn Azaz', 'Macaulay Gillesphey', 'Pleguezuelo', 'Dan Scarr', 'Joe Edwards', 'Luke Cundle', 'Ryan Hardie', 'Jordan Houghton', 'Adam Randell', 'Morgan Whittaker', 'Callum Wright', 'Matt Butcher', 'Conor Hazard', 'Kaine Kesler-Hayden', 'Brendan Galloway', 'Lewis Gibson', 'Ben Waine', 'Lewis Warrington', 'Callum Burton', 'Saxon Earley', 'Mickel Miller', 'Tyreik Wright', 'Zak Baker', 'Freddie Issaka', 'Caleb Roberts']




League(id=330, name=Liga 1, nationality=Romania, clubs=3)
Club: FCSB
['Florinel Coman', 'Vlad Chiricheș', 'Darius Olaru', 'Alexandru Băluță', 'Cristian Ganea', 'Octavian Popescu', 'Risto Radunović', 'Adrian Șut', 'Ștefan Târnovanu', 'Andrea Compagno', 'Damjan Đoković', 'Siyabonga Ngezana', 'David Miculescu', 'Alexandru Pantea', 'Ovidiu Popescu', 'Valentin Crețu', 'Joyskim Dawa', 'Denis Haruț', 'Andrei Vlad', 'Mihai Lixandru', 'Ionuț Panțîru', 'Eduard Radaslavescu', 'Răzvan Udrea']

Club: FC Hermannstadt
['Daniel Paraschiv', 'Baba Alhassan', 'Cristian Neguț', 'Mihai Butean', 'Cătălin Căbuz', 'Valerică Găman', 'Sota Mino', 'Gabriel Iancu', 'Ionuț Stoica', 'Silviu Balaure', 'Cristi Bărbuț', 'Florin Bejan', 'Paolo Medina', 'Adrian Petre', 'Petrișor Petrescu', 'Ionuț Biceanu', 'Vlad Muțiu', 'Alexandru Oroian', 'Rúben Fonseca', 'Marius Antoche', 'Dragoș Iancu', 'Bogdan Rotar', 'Cosmin Bucuroiu', 'Alexandru Jipa', 'Alexandru Utiu']

Club: UTA Arad
['Aly Abeid', 'Andrej Fábry', 'Frederik Holst', 'Alexandru Benga', 'Rareș Pop', 'Cătălin Carp', 'Godberg Cooper', 'Marcelo Freitas', 'Denis Dumitrașcu', 'Florin Iacob', 'Herald Marku', 'Marko Roganović', 'Albert Stahl', 'Danylo Kucher', 'Ivaylo Markov', 'Damian Isac', 'Kyvon Leidsman', 'Stefanos Stroungis', 'Cristian Mihai', 'Claudiu Negoescu']




League(id=63, name=Super League, nationality=Greece, clubs=2)
Club: AEK Athens
['Levi García', 'Orbelín Pineda', 'Nordin Amrabat', 'Mijat Gaćinović', 'Petros Mantalos', 'Steven Zuber', 'Harold Moukoudi', 'Djibril Sidibé', 'Damian Szymański', 'Domagoj Vida', 'Sergio Araujo', 'Giorgos Athanasiadis', 'Jens Jønsson', 'Cican Stanković', 'Niclas Eliasson', 'Milad Mohammadi', 'Ezequiel Ponce', 'Alexander Callens', 'Ehsan Haji Safi', 'Lazaros Rota', 'Paolo Fernandes', 'Konstantinos Galanopoulos', 'Tom van Weert', 'Gerasimos Mitoglou', 'Rodolfo Pizarro', 'Vedad Radonja', 'Georgios Theocharis']

Club: Panathinaikos
['Alberto Brignoli', 'Rubén Pérez', 'Willian Arão', 'Bernard', 'Aitor', 'Sebastián Palacios', 'Bart Schenkeveld', 'Tonny Vilhena', 'Yury Lodygin', 'Hörður Magnússon', 'Daniel Mancini', 'Filip Đuričić', 'Zeca', 'Tin Jedvaj', 'Juankar', 'Andraž Šporar', 'Benjamin Verbič', 'Fotis Ioannidis', 'Alexander Jeremejeff', 'László Kleinheisler', 'Giannis Kotsiras', 'Erik Palmer-Brown', 'Adam Gnezda Čerin', 'Filip Mladenović', 'Georgios Vagiannidis', 'Vasilios Xenopoulos', 'Georgios Sideras']




League(id=308, name=Liga Portugal, nationality=Portugal, clubs=18)
Club: Benfica
['Ángel Di María', 'Rafa', 'Orkun Kökçü', 'João Mário', 'Nicolás Otamendi', 'Arthur Cabral', 'Florentino', 'David Neres', 'Fredrik Aursnes', 'Alexander Bah', 'Gonçalo Guedes', 'António Silva', 'Juan Bernat', 'Anatoliy Trubin', 'Chiquinho', 'Morato', 'Tiago Gouveia', 'Petar Musa', 'João Victor', 'David Jurásek', 'Tomás Araújo', 'Casper Tengstedt', 'Samuel Soares']

Club: FC Porto
['Diogo Costa', 'Mehdi Taremi', 'Pepe', 'Pepê', 'Evanilson', 'Galeno', 'Fran Navarro', 'Stephen Eustáquio', 'Marko Grujić', 'Marcano', 'João Mário', 'Fábio Cardoso', 'Nico González', 'Toni Martínez', 'Wendell', 'Zaidu Sanusi', 'David Carmo', 'Alan Varela', 'Gabriel Veron', 'Iván Jaime', 'Francisco Conceição', 'Jorge Sánchez', 'Cláudio Ramos', 'André Franco', 'Samuel Portugal', 'Danny Loader', 'Romário Baró', 'Gui Guedes', 'Gonçalo Borges', 'Francisco Meixedo']

Club: Sporting CP
['Pedro Gonçalves', 'Sebastián Coates', 'Adán', 'Marcus Edwards', 'Nuno Santos', 'Gonçalo Inácio', 'Matheus Reis', 'Hidemasa Morita', 'Paulinho', 'Morten Hjulmand', 'Trincão', 'Jeremiah St. Juste', 'Ousmane Diomande', 'Viktor Gyökeres', 'Ricardo Esgaio', 'Luís Neto', 'Daniel Bragança', 'Fresneda', 'Franco Israel', 'Dário Essugo', 'Gonçalo Esteves', 'Eduardo Henrique', 'Eduardo Quaresma', 'Geny Catamo', 'Rodrigo Ribeiro', 'Rafael Camacho', 'Diego Callai']

Club: SC Braga
['Ricardo Horta', 'Ali Al Musrati', 'Matheus', 'Pizzi', 'Simon Banza', 'José Fonte', 'André Horta', 'Bruma', 'Sikou Niakaté', 'Abel Ruiz', 'Rony Lopes', 'Paulo Oliveira', 'Víctor Gómez', 'Adrián Marín', 'Rodrigo Zalazar', 'Castro', 'Lucas Piazón', 'Vitor Carvalho', 'Álvaro Djaló', 'Cristian Borja', 'Tiago Sá', 'Joe Mendes', 'Serdar Saatçı', 'Lukas Hornicek', 'Roger Fernandes']

Club: Vitória SC
['André André', 'Tiago Silva', 'Miguel Maga', 'André Silva', 'Mikel Villanueva', 'Bruno Varela', 'Nuno Santos', 'Toni Borevković', 'Ricardo Mangas', 'Jota Silva', 'Jorge Fernandes', 'Afonso Freitas', 'Bruno Gaspar', 'Nélson da Luz', 'Tomás Ribeiro', 'Alisson Safira', 'Butzke', 'Charles', 'Daniel Silva', 'Tomás Händel', 'Celton Biai', 'Mamadou Tounkara', 'Jota Pereira']

Club: Rio Ave FC
['Guga Rodrigues', 'Aderllan Santos', 'Emmanuel Boateng', 'Jhonatan', 'Patrick William', 'Joca', 'Vítor Gomes', 'Josué Sá', 'Hernâni', 'André Pereira', 'Leonardo Ruiz', 'Zé Manuel', 'Amine Oudrhiri', 'Ukra', 'Magrão']

Club: Arouca
['Ignacio De Arruabarrena', 'Mateus Quaresma', 'Jason', 'Morlaye Sylla', 'Tiago Esgaio', 'David Simão', 'André Bukia', 'Rafa Mújica', 'Alfonso Trezza', 'Nino Galović', 'Yusuf Lawal', 'Bogdan Milovanov', 'Montero', 'Thiago Rodrigues', 'Oriol Busquets', 'Pedro Moreira', 'Cristo González', 'Eboue Kouassi', 'Miguel Puche', 'Matías Rocha', 'João Valido', 'Benji Michel', 'Vitinho', 'Yaw Moses', 'Rafael Fernandes']

Club: FC Famalicão
['Zaydou Youssouf', 'Luiz Júnior', 'Riccieli', 'Jhonder Cádiz', 'Henrique Araújo', 'Francisco Moura', 'Gustavo Assunção', 'Nathan', 'Martín', 'Alex Dobre', 'Enea Mihaj', 'Rúben Lima', 'Chiquinho', 'Tom Lacoux', 'Pablo Felipe', 'José Luis Rodríguez', 'Mirko Topić', 'Gustavo Sá', 'Justin de Haas', 'Ivan Zlobin', 'Dani Morer', 'Théo Fonseca', 'Samuel Lobato']

Club: Farense
['João Talocha', 'Cláudio Falcão', 'Mattheus Oliveira', 'Bruno Duarte', 'Rafael Barbosa', 'Rui Costa', 'Vítor Gonçalves', 'Marco Matias', 'John Velásquez', 'Artur Jorge', 'Luiz Felipe', 'Gonçalo Silva', 'Pastor', 'Fran Delgado']

Club: GD Chaves
['Bruno Langa', 'Rúben Lameiras', 'Steven Vitória', 'Kelechi Nwakali', 'João Pedro', 'João Correia', 'Guima', 'Rúben Ribeiro', 'Héctor', 'Abass Issah', 'Benny Sousa', 'Ygor Nogueira', 'João Queirós', 'Habib Sylla', 'Bruno Rodrigues', 'Edu Borges']

Club: Boavista FC
['Rodrigo Abascal', 'Gaius Makouta', 'Salvador Agra', 'Chidozie Awaziem', 'Pedro Malheiro', 'Vincent Sasso', 'Filipe Ferreira', 'Sebastián Pérez', 'Ibrahima Camará', 'Róbert Boženík', 'Bruno Lourenço', 'César', 'Ilija Vukotić', 'Tiago Morais', 'João Gonçalves', 'Masaki Watai', 'Luís Santos', 'Miguel Reisinho', 'Martim Tavares', 'Jeriel De Santis', 'Júlio Dabó', 'Pedro Gomes', 'Berna']

Club: Estoril Praia
['Daniel Figueira', 'Bernardo Vital', 'Eliaquim Mangala', 'Cassiano', 'Alex Soares', 'Rodrigo Martins', 'Rafik Guitane', 'Pedro Álvaro', 'Tiago Araújo', 'Rodrigo Gomes', 'Koba Leïn Koindredi', 'Heriberto Tavares', 'João Carlos', 'Jordan Holsgrove', 'Alejandro Marqués', 'Mor Ndiaye', 'Volnei Feltes']

Club: Portimonense SC
['Kosuke Nakamura', 'Maurício', 'Filipe Relvas', 'Luquinha', 'Carlinhos', 'Pedrão', 'Paulo Estrela', 'Ronie Carrillo', 'Moustapha Seck', 'Sylvester Jasper', 'Lucas Ventura', 'Gonçalo Costa']

Club: Casa Pia AC
['Ricardo Batista', 'Vasco Fernandes', 'Leonardo Lelo', 'André Geraldes', 'João Nunes', 'Yuki Soma', 'Nermin Zolotić', 'Felippe Cardoso', 'Varela', 'Clayton', 'Larrazabal', 'Fernando Andrade', 'Duplexe Tchamba', 'Rafael Brito', 'Lucas Paes']

Club: Estrela Amadora
['Miguel Lopes', 'Pedro Sá', 'Léo Jabá', 'Mansur', 'António Filipe', 'Bruno Brígido', 'Jean Felipe', 'Kikas', 'Alioune Ndour', 'Vitó', 'Leo Cordeiro']

Club: Gil Vicente
['Andrew', 'Murilo', 'Kanya Fujimoto', 'Stanislav Kritsyuk', 'Rúben Fernandes', 'Jesús Castillo', 'Ali Alipour', 'Juan Boselli', 'Pedro Tiba', 'Zé Carlos', 'Martim Neto', 'Maxime Dominguez', 'Roko Baturina', 'Brian Araújo', 'Roan Wilson', 'Leonardo Buta']

Club: Moreirense FC
['Maracás', 'Fabiano Souza', 'Camacho', 'Lawrence Ofori', 'Kewin', 'André Luís', 'Gonçalo Franco', 'Caio Secco', 'Matheus Aiás', 'Godfried Ayesu Owusu Frimpong', 'Pedro Amador', 'Rafael Santos', 'Rúben Ismael']

Club: FC Vizela
['Samu', 'Bruno Wilson', 'Anderson Jesus', 'Fabijan Buntić', 'Alberto Soro', 'Joaquín Novillo', 'Rafael Bustamante', 'Matías Lacava', 'Alex Méndez', 'Osama Rashid', 'Nuno Moreira', 'Dylan Saint-Louis', 'Tomás Silva', 'Orest Lebedenko', 'Matheus Pereira', 'Samuel Essende', 'Francesco Ruberto', 'Iker Unzueta', 'Pedro Ortiz', 'Hugo Oliveira']




League(id=65, name=Premier Division, nationality=Republic of Ireland, clubs=7)
Club: Shamrock Rovers
['Jack Byrne', 'Graham Burke', 'Roberto Lopes', 'Neil Farrugia', 'Alan Mannus', 'Trevor Clarke', 'Dan Cleary', 'Rory Gaffney', 'Lee Grace', 'Seán Hoare', "Gary O'Neill", 'Liam Burt', 'Sean Gannon', 'Richie Towell', 'Dylan Watts', 'Johnny Kenny', 'Aaron Greene', 'Sean Kavanagh', 'Markus Poom', 'Simon Power', 'Ronan Finn', 'Leon Pöhls', 'Darragh Nugent', 'Gideon Tetteh', 'Kieran Cruise', 'Sean Carey', 'Conan Noonan', 'Toms Leitis']

Club: Derry City
['Michael Duffy', 'Patrick McEleney', 'Paul McMullan', 'Will Patching', 'Mark Connolly', "Adam O'Reilly", 'Danny Mullen', 'Sadou Diallo', 'Ben Doherty', 'Cameron Dummigan', 'Brian Maher', 'Ronan Boyce', 'Ciarán Coll', 'Jamie McGonigle', 'Cameron McJannet', 'Ciaron Harkin', 'Brandon Kavanagh', 'Shane McEleney', 'Colm Whelan', 'Jordan McEneff', 'Sam Todd', 'Tadhg Ryan', 'Cian Kavanagh', 'Evan McLaughlin', 'Jack Lemoignan']

Club: Dundalk
['Patrick Hoban', 'Nathan Shepperd', 'Robbie Benson', 'Darragh Leahy', 'Alfie Lewis', 'Greg Sloggett', 'Andy Boyle', 'Darren Brownlie', 'Archie Davies', 'Daryl Horgan', 'Dan Kelly', "Ryan O'Kane", 'Keith Ward', 'Johannes Yli-Kokko', 'Paul Doyle', 'Connor Malley', 'Hayden Muller', 'Louie Annesley', 'Robbie McCourt', 'John Martin', 'John Mountney', 'Peter Cherrie', 'Sam Durrant', 'Mayowa Animasahun', 'Mark Byrne', 'Cameron Elliott']

Club: Sligo Rovers
['Nando Pijnaker', 'Garry Buckley', 'John Mahon', 'Greg Bolger', 'Fabrice Hartmann', 'Reece Hutchinson', 'David Cawley', 'Will Fitzgerald', 'Danny Lafferty', 'Frank Liivak', 'Niall Morahan', 'Johan Brannefalk', 'Lukas Browning-Lagerfeldt', "Karl O'Sullivan", 'Kailin Barlow', 'Richard Brush', 'Gary Boylan', 'Mark Byrne', 'Sean McAteer']

Club: Shelbourne
['Conor Kearns', 'Paddy Barrett', 'Luke Byrne', 'Shane Farrell', 'Jack Moylan', 'Matty Smith', 'Tyreke Wilson', 'Seán Boyd', 'Shane Griffin', 'JJ Lunney', 'Gavin Molloy', 'Evan Caffrey', 'Will Jarvis', 'Andrew Quinn', 'John Ross Wilson', 'Mark Coyle', 'Jad Hakiki', 'Brian McManus', 'Harry Wood', 'Kameron Ledwidge', 'Gbemi Arubi', 'David Toure', 'Gavin Hodgins']

Club: Cork City
['Ruairi Keating', 'Barry Coffey', 'Aaron Bolger', 'Ally Gilchrist', 'Jaze Kabia', 'Tunde Owolabi', 'Cian Coleman', "Joe O'Brien-Whitmarsh", 'Ben Worman', 'Darragh Crowley', 'Kevin Čustović', 'Conor Drinan', 'Cian Murphy', 'Ethon Varian', 'Cian Bargary', 'Jimmy Corcoran', 'Jonas Häkkinen', 'Joshua Honohan', 'Oliver Byrne', "John O'Donovan", 'Gordon Walker']

Club: Drogheda United
['Darragh Markey', 'Dayle Rooney', 'Ryan Brennan', 'Gary Deegan', 'Adam Foley', 'Conor Kane', 'Conor Keeley', 'Dylan Grimes', 'Luke Heeney', 'Evan Weir', 'Aaron McNally', 'Darragh Noone', 'Jamie Egan', 'Kyle Robinson', 'Luke Wade-Slater', 'Jarlath Jones', 'Andrew Wogan', 'Michael Leddy', "Matthew O'Brien", 'Emre Topçu', 'Colm Cox', 'Warren Davis', 'Victor Arong', 'Evan Haddock', 'Callum Ralph']




League(id=353, name=Liga Profesional, nationality=Argentina, clubs=20)
Club: River Plate
['Ignacio Fernández', 'Rodrigo Aliendro', 'Nicolás De la Cruz', 'Franco Armani', 'Esequiel Barco', 'Leandro González Pirez', 'Enzo Pérez', 'Milton Casco', 'Paulo Díaz', 'Manuel Lanzini', 'Miguel Borja', 'Enzo Díaz', 'Emanuel Mammana', 'Pablo Solari', 'David Martínez', 'Agustín Palavecino', 'Gonzalo Martínez', 'Salomón Rondón', 'Santiago Simón', 'Matías Suárez', 'Bruno Zuculini', 'Facundo Colidio', 'Ramiro Funes Mori', 'Andrés Herrera', 'Jonatan Maidana', 'Ezequiel Centurión', 'Jonathan Dos Santos', 'Walter Gargano', 'Matías Kranevitter', 'Pablo López', 'Sebastián Boselli', 'Santiago Brunelli', 'Ramiro Cristóbal', 'Matías Alfonso', 'Rodrigo Formento', 'Pablo García', 'Facundo Kidd', 'Horacio Salaberry', 'Joaquín Trasante', 'Gonzalo Viera', 'Ezequiel Busquets', 'Agustín Chopitea', 'Juan Cruz De Los Santos', 'Joaquín Lavega', 'Cristian Barros', 'Faustino Barone', 'Agustín Vera', 'José Arbio', 'Fabricio Vidal']

Club: Boca Juniors
['Edinson Cavani', 'Sergio Romero', 'Marcos Rojo', 'Frank Fabra', 'Nicolás Figal', 'Luis Advíncula', 'Guillermo Fernández', 'Cristian Medina', 'Miguel Ángel Merentiel', 'Darío Benedetto', 'Lucas Janson', 'Bruno Valdez', 'Jorman Campuzano', 'Ezequiel Fernández', 'Javier García', 'Exequiel Zeballos', 'Lucas Blondel', 'Luca Langoni', 'Facundo Roncaglia', 'Nicolás Valentini', 'Marcelo Weigandt', 'Valentín Barco', 'Norberto Briasco', 'Ezequiel Bullaude', 'Juan Ramírez', 'Marcelo Saracchi', 'Vicente Taborda', 'Diego González']

Club: Racing Club
['Aníbal Moreno', 'Gabriel Arias', 'Gonzalo Piovi', 'Leonardo Sigali', 'Leonel Miranda', 'Emiliano Vecchio', 'Johan Carbonero', 'Nazareno Colombo', 'Jonatan Gómez', 'Gabriel Hauche', 'Roger Martínez', 'Gabriel Rojas', 'Facundo Mura', 'Gastón Martirena', 'Maximiliano Romero', 'Juan Ignacio Nardoni', 'Nicolás Oroz', 'Iván Pillud', 'Nicolás Reniero', 'Matias Tagliamonte', 'Agustín Ojeda', 'Santiago Quirós', 'Catriel Cabellos', 'Tobías Rubio', 'Emiliano Saliadarre', 'Román Fernández', 'Milton Cantero', 'Santino Vera']

Club: San Lorenzo
['Augusto Batalla', 'Malcom Braida', 'Gastón Hernández', 'Adam Bareiro', 'Nahuel Barrios', 'Jalil Elías', 'Rafael Pérez', 'Gastón Ramírez', 'Facundo Altamirano', 'Agustín Giay', 'Carlos Sánchez', 'Carlos Auzqui', 'Federico Girotti', 'Gonzalo Luján', 'Gastón Campi', 'Ezequiel Cerutti', 'Iván Leguizamón', 'Gonzalo Maroni', 'Manuel Insaurralde', 'Alexis Sabella', 'Nicolás Blandi', 'Francisco Perruzzi', 'Jeremías James', 'Diego Perea', 'Elián Irala', 'Tomás Silva', 'Ezequiel Herrera', 'Matías Hernandez']

Club: Estudiantes
['Santiago Ascacíbar', 'Benjamín Rollheiser', 'Leonardo Godoy', 'Jorge Rodríguez', 'Fernando Zuqui', 'Mariano Andújar', 'Mauro Boselli', 'Luciano Lollo', 'Pablo Piatti', 'Zaid Romero', 'José Sosa', 'Gaston Benedetti', 'Guido Carrillo', 'Ezequiel Muñoz', 'Matías Godoy', 'Santiago Núñez', 'Mauro Méndez', 'Daniel Sappa', 'Franco Zapiola', 'Juan Cruz Guasone', 'Eros Mancuso', 'Nicolás Palavecino', 'Gonzalo Piñeiro', 'Axel Atum', 'Fabricio Iacovich', 'Agustín Palavecino', 'Deian Verón']

Club: Independiente
['Rodrigo Rey', 'Iván Marcone', 'Martín Cauteruccio', 'Ayrton Costa', 'Javier Báez', 'Julio Buffarini', 'Joaquín Laso', 'Tomás Pozzo', 'Renzo Bacchia', 'Baltasar Barcia', 'Edgar Elizalde', 'Lucas González', 'Rodrigo Márquez', 'Damián Pérez', 'Santiago Toloza', 'Braian Martínez', 'Agustín Mulet', 'Martín Sarrafiore', 'Patricio Ostachuk']

Club: Lanús
['Pedro De la Vega', 'Cristian Lema', 'Leandro Díaz', 'Juan José Cáceres', 'Raúl Loaiza', 'Lautaro Acosta', 'Alan Aguerre', 'Franco Troyansky', 'Lucas Acosta', 'Diego Braghieri', 'Julián Fernández', 'José Sand', 'Luciano Boggio', 'José Canale', 'Felipe Peña', 'Gonzalo Pérez', 'Juan Sánchez Miño', 'Franco Watson', 'Braian Aguirre', 'Matías Esquivel', 'Franco Orozco', 'Maximiliano González', 'Brian Aguilar', 'Agustín Rodríguez', 'Alexis Segovia', 'Julio Soler', 'Luciano Peraggini', 'Patricio Albornoz']

Club: Colón
['Rafael Delgado', 'Facundo Garcés', 'Damian Batallini', 'Rubén Botta', 'Alberto Espínola', 'Paolo Goltz', 'Baldomero Perlaza', 'Ramón Ábila', 'Ignacio Chicco', 'Emmanuel Mas', 'Eric Meza', 'Cristian Vega', 'Ángel Cardozo Lucena', 'Santiago Pierotti', 'Javier Toledo', 'Favio Álvarez', 'Carlos Arrua', 'Jorge Benítez', 'Stefano Moreyra', 'Tomás Galván', 'Matías Ibáñez', 'Gian Nardelli', 'Joaquín Ibáñez', 'Laureano Troncoso', 'Gonzalo Silva', 'Braian Guille']

Club: Vélez Sarsfield
['Lautaro Giannetti', 'Elías Gómez', 'Francisco Pizzini', 'Braian Romero', 'Claudio Aquino', 'Walter Bou', 'Leonardo Burián', 'Santiago Cáseres', 'Gastón Gómez', 'Tomás Guidara', 'Leonardo Jara', 'Gianluca Prestianni', 'Miguel Brizuela', 'José Florentín', 'Yeison Gordillo', 'Juan Ignacio Méndez', 'Abiel Osorio', 'Elías Cabrera', 'Nicolás Garayalde', 'Valentín Gómez', 'Christian Ordoñez', 'Damián Fernández', 'Lenny Lobato', 'Santiago Castro', 'Joaquín García', 'Thiago Fernández', 'Emmanuel Gómez Riga', 'Patricio Pernicone']

Club: Rosario Central
['Víctor Ignacio Malcorra', 'Jaminton Campaz', 'Carlos Quintana', 'Jorge Broun', 'Juan Cruz Komar', 'Francis Mac Allister', 'Damián Martínez', 'Lautaro Giaccone', 'Facundo Mallo', 'Walter Montoya', 'Kevin Ortiz', 'Alan Rodríguez', 'Agustín Sández', 'Ismael Cortez', 'Agustín Toledo', 'Francesco Lo Celso', 'Luca Martínez Dupuy', 'Fabricio Oviedo', 'Octavio Bianchi', "Tomás O'Connor", 'Giovanni Bogado', 'Kevin Silva', 'Juan Cruz Cerrudo', 'Fernando Rodríguez']

Club: Atlético Tucumán
['Ramiro Carrera', 'Joaquín Pereyra', 'Bruno Bianchi', 'Tomás Marchiori', 'Bautista Kociubinski', 'Renzo Tesuri', 'Mateo Coronel', 'Hernán De La Fuente', 'Ramiro Ruiz Rodríguez', 'Marcelo Estigarribia', 'Cristian Menéndez', 'Nicolás Romero', 'Adrián Sánchez', 'Marcelo Ortíz', 'Marcelo González', 'Wilson Ibarrola', 'Ignacio Maestro Puch', 'Axel Rodríguez', 'Luis Ojeda', 'Tomás Castro Ponce', 'Francisco Di Franco', 'Francisco Flores', 'Justo Giani', 'Agustín Lagos']

Club: Huracán
['Rodrigo Echeverría', 'Federico Fattori', 'Sebastián Meza', 'Lucas Cháves', 'Matías Cóccaro', 'Fabio Pereyra', 'Ignacio Pussetto', 'Joel Soñora', 'Fernando Tobio', 'Walter Mazzantti', 'Héctor Fertoli', 'Valentín Burgoa', 'Fernando Torrent', 'Guillermo Benítez', 'Cesar Ibañez', 'Lucas Souto', 'Agostino Spina', 'Franco Alfonso', 'Lucas Carrizo', 'Patricio Pizarro', 'Fernando Godoy', 'Matías Gómez', 'Enzo Luna', 'Valentín Sánchez', 'Santiago Luján', 'Iván Valenzuela']

Club: Tigre
['Alexis Castro', 'Robert Rojas', 'Lucas Menossi', 'Aaron Molinas', 'José Paradela', 'Abel Luciatti', 'Emanuel Aguilera', 'Renzo López', 'Gonzalo Marinelli', 'Santiago Rojas', 'Blas Armoa', 'Tomás Badaloni', 'Víctor Cabrera', 'Agustín Cardozo', 'Juan Cruz Esquivel', 'Kevin Lomónaco', 'Sebastián Prieto', 'Ijiel Protti', 'Lautaro Montoya', 'Agustín Obando', 'Cristian Zabala', 'Agustín Baldi', 'Gonzalo Flores', 'Ezequiel Forclaz']

Club: Banfield
['Juan Álvarez', 'Milton Giménez', 'Emanuel Insua', 'Alejandro Cabrera', 'Facundo Cambeses', 'Alejandro Maciel', 'Jesús Soraire', 'Ezequiel Cañete', 'Emanuel Coronel', 'Alexis Maldonado', 'Matías Ramírez', 'Eric Remedi', 'Juan Bisanz', 'Sebastián Sosa Sánchez', 'Nicolás Sosa Sánchez', 'Horacio Tijanovich', 'Luis Del Pino Mago', 'Franco Quinteros', 'Aarón Quirós', 'Gabriel Aranda', 'Lautaro Ríos', 'Ignacio Agustín Rodríguez', 'Alan Di Pippa', 'Pedro Souto', 'Matías González', 'Mateo Pérez', 'Facundo Sanguinetti']

Club: Instituto
['Jorge Carranza', 'Adrián Martínez', 'Gabriel Graciani', 'Gastón Lódico', 'Manuel Roffo', 'Jonás Acevedo', 'Fernando Alarcón', 'Santiago Rodríguez', 'Luciano Aued', 'Nicolás Linares', 'Leonel Mosevich', 'Ezequiel Parnisari', 'Lucas Rodríguez', 'Jonathan Bay', 'Roberto Bochi', 'Sebastián Corda', 'Lucas Albertengo', 'Giuliano Cerato', 'Juan José Franco', 'Djorkaeff Reasco', 'Brahian Cuello', 'Gregorio Rodríguez', 'Matías Romero', 'Nicolás Watson', 'Oscar Garrido', 'Nicolás Claudio Barrientos', 'Manuel Liendo']

Club: Belgrano
['Nahuel Losada', 'Ulises Sanchez', 'Juan Barinaga', 'Ariel Rojas', 'Santiago Longo', 'Matías García', 'Nicolas Meriano', 'Diego Novaretti', 'Erik Godoy', 'Franco Jara', 'Iván Ortigoza', 'Alejandro Rébola', 'Fabian Bordagaray', 'Lucas Diarte', 'Alex Ibacache', 'Ibrahim Hesar', 'Pablo Chavarría', 'Guillermo Pereira', 'Manuel Vicentini', 'Andrés Amaya', 'Alan Mariano Miño']

Club: Godoy Cruz
['Diego Rodríguez', 'Hernán López Muñoz', 'Federico Rasmussen', 'Tadeo Allende', 'Pier Barrios', 'Lucas Arce', 'Roberto Nicolás Fernández', 'Gianluca Ferrari', 'Brian Salvareschi', 'Tomás Conechny', 'Bruno Leyes', 'Salomón Rodríguez', 'Juan Andrada', 'Thomas Galdames', 'Cristian Núñez', 'Elías Pereyra', 'Rodrigo Saracho', 'Enzo Larrosa', 'Julian Eseiza', 'Martin Luciano', 'Nahuel Ulariaga', 'Luciano Cingolani', 'Daniel Barrea', 'Mateo Mendoza', 'Gastón Pedernera', 'Matías Soria', 'Agustín Villalobos', 'Edilson Salinas']

Club: Platense
['Nicolás Eduardo Castro', 'Ramiro Macagno', 'Iván Rossi', 'Gastón Suso', 'Juan Infante', 'Gabriel Gudiño', 'Raúl Alberto Lozano', 'Sasha Marcich', 'Ciro Rius', 'Franco Díaz', 'Leonel Picco', 'Mauro Quiroga', 'Ignacio Vázquez', 'Gonzalo Asís', 'Joaquín Blázquez', 'Jeronimo Cacciabue', 'Miguel Jacquet', 'Ronaldo Martínez', 'Nicolás Morgantini', 'Nicolás Servetto', 'Maximiliano Zalazar', 'Juan Pablo Pignani', 'Luciano Ferreyra', 'Alejandro Sánchez', 'Agustin Alonso', 'Nadir Zeineddin', 'Federico González', 'Mateo Pellegrino', 'Gonzalo Valdivia']

Club: Sarmiento
['Juan Manuel Insaurralde', 'Facundo Ferreyra', 'Lisandro López', 'José Devecchi', 'Gonzalo Bettini', 'Gabriel Díaz Núñez', 'Alejandro Donatti', 'Manuel García', 'Guido Mainero', 'Agustín Fontana', 'Nahuel Gallardo', 'Harrinson Mancilla', 'Sergio Quiroga', 'Franco Sbuttoni', 'Yair Arismendi', 'Fernando Martínez', 'José Mauri', 'Emanuel Hernández', 'Juan Cruz Kaprof', 'Jean Pierre Rosso', 'Diego Calcaterra', 'Alan Marinelli', 'Maico Quiroz', 'Manuel Mónaco', 'Federico Paradela', 'Joaquín Cabrera', 'Santiago Morales']

Club: Barracas Central
['Andrés Desábato', 'Francisco Álvarez', 'Iván Tapia', 'Lucas Colitto', 'Facundo Mater', 'Ricardo Centurión', 'Juan Ignacio Díaz', 'Bruno Sepúlveda', 'Carlos Arce', 'Brian Calderara', 'Maximiliano Rodríguez', 'Nicolas Capraro', 'Rodrigo Insua', 'Matías Laba', 'Mauro Peinipil', 'Siro Rosane', 'Rodrigo Herrera', 'Guido Villar', 'Cristian Arce', 'Alexis Domínguez', 'Fernando Prado', 'Joaquín Susvielles', 'Marcos Benítez', 'Manuel Brondo', 'Maximiliano Puig', 'David Zalazar', 'Alan Cantero', 'Lucas Fabrizio Lopez']




League(id=66, name=Ekstraklasa, nationality=Poland, clubs=13)
Club: Lech Poznań
['Ali Gholizadeh', 'Mikael Ishak', 'Jesper Karlström', 'Dino Hotić', 'Antonio Milić', 'Bartosz Salamon', 'Afonso Sousa', 'Radosław Murawski', 'Joel Pereira', 'Miha Blažič', 'Filip Dagerstål', 'Kristoffer Velde', 'Filip Bednarek', 'Elias Andersson', 'Alan Czerwiński', 'Nika Kvekveskiri', 'Filip Marchwiński', 'Bartosz Mrozek', 'Barry Douglas', 'Filip Szymczak', 'Adriel Ba Loua', 'Artur Sobiech', 'Maksymilian Pingot', 'Filip Wilak', 'Maksymilian Dziuba', 'Michał Gurgul', 'Mateusz Mędrala', 'Bartosz Tomaszewski']

Club: Legia Warszawa
['Josué', 'Gil Dias', 'Marc Gual', 'Artur Jędrzejczyk', 'Tomáš Pekhart', 'Paweł Wszołek', 'Bartosz Kapustka', 'Patryk Kun', 'Bartosz Slisz', 'Marco Burch', 'Rafał Augustyniak', 'Juergen Elitim', 'Yuri Ribeiro', 'Patryk Sokołowski', 'Kacper Tobiasz', 'Makana Baku', 'Dominik Hładun', 'Blaž Kramer', 'Ernest Muçi', 'Radovan Pankov', 'Igor Kharatin', 'Lindsay Rose', 'Maciej Rosołek', 'Gabriel Kobylak', 'Jurgen Çelhaka', 'Ramil Mustafaev', 'Igor Strzałek', 'Jakub Jędrasik', 'Filip Rejczyk']

Club: Pogoń Szczecin
['Kamil Grosicki', 'João Gamboa', 'Leonardo Koutris', 'Benedikt Zech', 'Valentin Cojocaru', 'Efthymios Koulouris', 'Dante Stipica', 'Linus Egnell Wahlqvist', 'Vahan Bichakhchyan', 'Danijel Lončar', 'Luka Zahović', 'Rafał Kurzawa', 'Marcel Wędrychowski', 'Léo Borges', 'Mariusz Malec', 'Paweł Stolarski', 'Mariusz Fornalczyk', 'Alexander Gorgon', 'Kacper Smoliński', 'Wojciech Lisowski', 'Stanisław Wawrzynowicz', 'Bartosz Klebaniuk', 'Yadegar Rostami', 'Maciej Kowal', 'Olaf Korczakowski']

Club: Zagłębie Lubin
['Damian Dąbrowski', 'Sokratis Dioudis', 'Mikkel Kirkeskov', 'Damjan Bohar', 'Sergiy Buletsa', 'Bartosz Kopacz', 'Juan Muñoz', 'Kacper Chodyna', 'Luís Mata', 'Mateusz Wdowiak', 'Mateusz Grzybek', 'Jarosław Jach', 'Kamil Kruk', 'Dawid Kurminowski', 'Aleks Ławniczak', 'Tomasz Makowski', 'Michał Nalepa', 'Marko Poletanović', 'Jasmin Burić', 'Tornike Gaprindashvili', 'Bartłomiej Kłudka', 'Marek Mróz', 'Tomasz Pieńko', 'Arkadiusz Woźniak', 'Rafał Adamski', 'Szymon Weirauch', 'Filip Kocaba', 'Igor Orlikowski']

Club: Piast Gliwice
['Damian Kądzior', 'František Plach', 'Jakub Czerwiński', 'Patryk Dziczek', 'Jorge Félix', 'Tom Hateley', 'Aléxandros Katránis', 'Ariel Mosór', 'Grzegorz Tomasiewicz', 'Kamil Wilczek', 'Michał Chrapek', 'Arkadiusz Pyrka', 'Jakub Holúbek', 'Tomáš Huk', 'Tihomir Kostadinov', 'Sergiy Krykun', 'Michael Ameyaw', 'Filip Karbowy', 'Tomasz Mokwa', 'Marcel Bykowski', 'Gabriel Kirejczyk', 'Karol Szymański', 'Miguel Muñoz', 'Szczepan Mucha', 'Bartłomiej Jelonek', 'Piotr Liszewski', 'Oskar Leśniak']

Club: Radomiak Radom
['Pedro Henrique', 'Raphael Rossi', 'Rafał Wolski', 'Dawid Abramowicz', 'Christos Donis', 'Francisco Ramos', 'Roberto Alves', 'Mike Cestor', 'Leonardo Rocha', 'Hélder Sá', 'Leândro', 'Lisandro Semedo', 'Luís Machado', 'Frank Castañeda', 'Mateusz Cichocki', 'Jan Grzesik', 'Edi Semedo', 'Damian Jakubik', 'Michał Kaput', 'Luizão', 'Krzysztof Bąkowski', 'Daniel Pik', 'Krystian Okoniewski', 'Albert Posiadała', 'Jakub Snopczyński']

Club: Górnik Zabrze
['Lukas Podolski', 'Boris Sekulić', 'Konstantinos Triantafyllopoulos', 'Filipe Nascimento', 'Rafał Janicki', 'Erik Janža', 'Damian Rasak', 'Michał Szromnik', 'Daisuke Yokota', 'Lawrence Ennali', 'Dani Pacheco', 'Daniel Bielica', 'Sebastian Musiolik', 'Paweł Olkowski', 'Michal Sipľak', 'Szymon Czyż', 'Robert Dadok', 'Piotr Krawczyk', 'Kryspin Szcześniak', 'Kamil Lukoszek', 'Krzysztof Kolanko', 'Jakub Pochcioł']

Club: Warta Poznań
['Dawid Szymonowicz', 'Dimitrios Stavropoulos', 'Adam Zreľák', 'Jakub Bartkowski', 'Jakub Kiełb', 'Michał Kopczyński', 'Adrian Lis', 'Miguel Luís', 'Kajetan Szmyt', 'Bogdan Țîru', 'Dario Vizinger', 'Filip Borowski', 'Mateusz Kupczak', 'Niilo Mäenpää', 'Stefan Savić', 'Konrad Matuszewski', 'Maciej Żurawski', 'Jędrzej Grobelny', 'Wiktor Pleśnierowicz', 'Kacper Przybyłko', 'Jakub Wajman', 'Wiktor Kamiński', 'Mateusz Lechowicz', 'Jakub Paszkowski']

Club: Korona Kielce
['Ronaldo Deaconu', 'Dalmau', 'Jakub Łukowski', 'Marius Briceag', 'Nono', 'Martin Remacle', 'Mateusz Czyżycki', 'Kyrylo Petrov', 'Miłosz Trojak', 'Dawid Błanik', 'Konrad Forenc', 'Marcus Godinho', 'Bartosz Kwiecień', 'Piotr Malarczyk', 'Jacek Podgórski', 'Evgeniy Shikavka', 'Dalibor Takáč', 'Dominick Zator', 'Xavier Dziekoński', 'Hubert Szulc', 'Jakub Konstantyn', 'Kacper Kucharczyk', 'Rafał Mamla', 'Miłosz Strzeboński']

Club: ŁKS Łódź
['Dani Ramírez', 'Nacho Monsalve', 'Pirulo', 'Aleksander Bobek', 'Marcin Flis', 'Adrian Małachowski', 'Bartosz Szeliga', 'Kay Tejan', 'Kamil Dankowski', 'Piotr Głowacki', 'Engjëll Hoti', 'Adam Marciniak', 'Michał Mokrzycki', 'Dawid Arndt', 'Maciej Śliwa', 'Adrien Louveau', 'Artemijus Tutyškinas', 'Mieszko Lorenc', 'Piotr Janczukowicz', 'Stipe Jurić', 'Michał Kołba', 'Jakub Letniowski', 'Grzegorz Glapka', 'Ricardo Gonçalves', 'Marcel Wszołek', 'Jan Łabędzki']

Club: Śląsk Wrocław
['Kenneth Zohore', 'Erik Expósito', 'Petr Schwarz', 'Łukasz Bejger', 'Martin Konczkowski', 'Nahuel Leiva', 'Patrick Olsen', 'Peter Pokorný', 'Patryk Janasik', 'Rafał Leszczyński', 'Aleksander Paluszek', 'Konrad Poprawa', 'Michał Rzuchowski', 'Szymon Lewkot', 'Aleks Petkov', 'Piotr Samiec-Talar', 'Kacper Trelowski', 'Mateusz Żukowski', 'Cameron Borthwick-Jackson', 'Burak İnce', 'Marcel Zylla', 'Patryk Szwedzik', 'Yegor Matsenko', 'Jakub Lutostański', 'Krzysztof Kurowski', 'Miłosz Kurowski']

Club: Stal Mielec
['Maciej Domański', 'Krystian Getinger', 'Mateusz Matras', 'Ilya Shkurin', 'Koki Hinokio', 'Piotr Wlazło', 'Matthew Guillaumier', 'Krzysztof Wołkowicz', 'Marco Ehmann', 'Bert Esselink', 'Konrad Jałocha', 'Michał Trąbka', 'Leândro', 'Łukasz Wolsztyński', 'Rafa Santos', 'Mateusz Kochalski', 'Kai Meriluoto', 'Kamil Pajnowski', 'Mateusz Stępień', 'Łukasz Gerstenstein', 'Jakub Rozwadowski', 'Mateusz Dudek']

Club: Ruch Chorzów
['Wiktor Długosz', 'Filip Starzyński', 'Mateusz Bartolewski', 'Tomasz Foszmańczyk', 'Juliusz Letniowski', 'Maciej Sadlok', 'Daniel Szczepan', 'Szymon Szymański', 'Jan Sedlak', 'Patryk Sikora', 'Remigiusz Szywacz', 'Jakub Bielecki', 'Michał Buchalik', 'Konrad Kasolik', 'Tomasz Swędrowski', 'Przemysław Szur', 'Tomasz Wójtowicz', 'Paweł Baranowski', 'Michał Feliks', 'Kacper Michalski', 'Dominik Steczyk', 'Maciej Firlej', 'Kacper Skwierczyński', 'Dawid Barnowski', 'Marcel Potoczny']




League(id=319, name=Fortuna Liga, nationality=Czech Republic, clubs=3)
Club: Slavia Praha
['Tomáš Holeš', 'Oscar Dorley', 'Petr Ševčík', 'Ondřej Kolář', 'Igoh Ogbu', 'Václav Jurečka', 'Aleš Mandous', 'Lukáš Masopust', 'Ivan Schranz', 'David Douděra', 'Lukáš Provod', 'Mick van Buren', 'Christos Zafeiris', 'Jakub Hromada', 'Taras Kacharaba', 'Mojmír Chytil', 'Matěj Jurásek', 'Stanislav Tecl', 'Jan Bořil', 'David Pech', 'Muhamed Tijani', 'Michal Tomič', 'Tomáš Vlček', 'Sheriff Sinyan', 'Andres Dumitrescu', 'Conrad Wallem']

Club: Sparta Praha
['Ladislav Krejčí', 'Lukáš Haraslín', 'Jan Kuchta', 'Asger Sørensen', 'Kaan Kairinen', 'Filip Panák', 'Lukáš Sadílek', 'Jaroslav Zelený', 'Qazim Laçi', 'Jakub Pešek', 'Martin Vitík', 'Veljko Birmančević', 'Adam Karabec', 'Jan Mejdr', 'Tomáš Wiesner', 'Peter Vindahl Jensen', 'Ángelo Preciado', 'Michal Ševčík', 'Victor Olatunji', 'David Pavelka', 'Vojtěch Vorel', 'Matěj Ryneš', 'Patrik Vydra', 'Václav Sejk', 'James Gomez', 'Jakub Surovčík']

Club: Viktoria Plzeň
['Jindřich Staněk', 'Lukáš Kalvach', 'Pavel Bucha', 'Lukáš Hejda', 'Jan Kopic', 'Tomáš Chorý', 'Václav Jemelka', 'Jhon Mosquera', 'Jan Sýkora', 'Adam Vlkanova', 'Matěj Vydra', 'Rafiu Durosinmi', 'Milan Havel', 'Erik Jirka', 'Luděk Pernica', 'Ibrahim Traoré', 'Jan Kliment', 'Cadu', 'Radim Řezník', 'Libor Holík', 'Robin Hranáč', 'Pavel Šulc', 'Marián Tvrdoň', 'Sampson Dweh', 'Jan Paluska']




League(id=4, name=Jupiler Pro League, nationality=Belgium, clubs=6)
Club: RSC Anderlecht
['Kasper Schmeichel', 'Thomas Delaney', 'Jan Vertonghen', 'Thorgan Hazard', 'Ludwig Augustinsson', 'Maxime Dupé', 'Mats Rits', 'Kasper Dolberg', 'Alexis Flips', 'Anders Dreyer', 'Yari Verschaeren', 'Francis Amuzu', 'Majeed Ashimeru', 'Amadou Diawara', 'Zeno Debast', 'Benito Raman', 'Luis Vázquez', 'Louis Patris', 'Justin Lonwijk', 'Colin Coosemans', 'Mario Stroeykens', 'Kristian Arnstad', "Moussa N'Diaye", 'Killian Sardella', 'Nilson Angulo', 'Théo Leoni', 'Lucas Lissens', 'Rik Vercauteren']

Club: Club Brugge
['Simon Mignolet', 'Hans Vanaken', 'Andreas Skov Olsen', 'Brandon Mechele', 'Casper Nielsen', 'Jutglà', 'Philip Zinckernagel', 'Maxim De Cuyper', 'Björn Meijer', 'Raphael Onyedika', 'Éder Balanta', 'Tajon Buchanan', 'Denis Odoi', 'Hugo Vetlesen', 'Dedryck Boyata', 'Michał Skóraś', 'Igor Thiago', 'Josef Bursik', 'Jorne Spileers', 'Nordin Jackers', 'Antonio Nusa', 'Joel Ordoñez', 'Kyriani Sabbe', 'Nick Shinton', 'Chemsdine Talbi']

Club: Standard Liège
['Moussa Djenepo', 'Steven Alzate', 'Arnaud Bodart', 'Isaac Hayden', 'Hayao Kawabe', 'Konstantinos Laifis', "Aiden O'Neill", 'Kamal Sowah', 'Zinho Vanheusden', 'William Balikwisha', 'Merveille Bokadi', 'Wilfried Kanga', 'Gilles Dewaele', 'Marlon Fossey', 'Stipe Perica', 'Renaud Emond', 'Laurent Henkinet', 'Noah Ohio', 'Cihan Çanak', 'Romaine Mundle', 'Ibe Hautekiet', 'Isaac Price', 'Nathan Ngoy', 'Lucas Noubi', 'Daan Dierckx', 'Noah Dodeigne', 'Matthieu Epolo']

Club: OH Leuven
['Mathieu Maertens', 'Siebe Schrijvers', 'Youssef Maziz', 'Kento Misao', 'Federico Ricca', 'Jón Dagur Þorsteinsson', 'Sofian Kiyine', 'Florian Miguel', 'Joren Dom', 'Raphael Holzhauser', "Konan N'Dri", 'Ewoud Pletinckx', 'Scotty Sadzoute', 'Hamza Mendyl', 'Pierre-Yves Ngawa', 'Raz Shlomo', 'Tobe Leysen', 'Nathan Opoku', 'Thibault Vlietinck', 'Nachon Nsingi', 'Jonatan Braut-Brunes', 'Ezechiel Banzuzi', 'Alexandro Calut', 'Oregan Ravet', 'Richie Sagrado', 'Joël Schingtienne']

Club: KV Kortrijk
['Massimo Bruno', 'Mounaïm El Idrissy', 'Felipe Avenatti', 'Aleksandar Radovanović', 'Tom Vandenberghe', 'Youssef Challouk', 'Marco Kana', 'Raul Opruț', 'David Henen', 'Alex Mighten', 'Lucas Pirard', 'Dylan Mbayo', 'Nayel Mehssatou', 'Sheyi Ojo', 'Martin Regáli', 'João Silva', 'Lynnt Audoor', 'Isaak Davies', 'Dion De Neve', 'Martin Wasinski', 'Christalino Atemona', 'Ebbe De Vlaeminck']

Club: Cercle Brugge
['Thomas Didillon', 'Leonardo Lopes', 'Hugo Siquet', 'Thibo Somers', 'Jesper Daland', 'Kévin Denkey', 'Hannes Van Der Bruggen', 'Yann Gboho', 'Warleson', 'Senna Miangue', 'Boris Popovic', 'Nazinho', 'Abu Francis', 'Christiaan Ravych', 'Edgaras Utkus', 'Sébastien Bruzzese', 'Félix Lemaréchal', 'Alan Minda', 'Kazeem Olaigbe', 'Maxime Delanghe', 'Nils De Wilde', 'Louis Torres', 'Xander Martlé', 'Jordan Semedo']




League(id=19, name=Bundesliga, nationality=Germany, clubs=18)
Club: FC Bayern München
['Harry Kane', 'Joshua Kimmich', 'Manuel Neuer', 'Matthijs de Ligt', 'Jamal Musiala', 'Kingsley Coman', 'Leon Goretzka', 'Serge Gnabry', 'Kim Min Jae', 'Thomas Müller', 'Leroy Sané', 'Alphonso Davies', 'Konrad Laimer', 'Raphaël Guerreiro', 'Noussair Mazraoui', 'Dayot Upamecano', 'Eric Maxim Choupo-Moting', 'Sven Ulreich', 'Bouna Sarr', 'Mathys Tel', 'Tarek Buchmann']

Club: Borussia Dortmund
['Gregor Kobel', 'Julian Brandt', 'Niklas Süle', 'Emre Can', 'Sébastien Haller', 'Mats Hummels', 'Marco Reus', 'Nico Schlotterbeck', 'Donyell Malen', 'Karim Adeyemi', 'Ramy Bensebaini', 'Niclas Füllkrug', 'Marcel Sabitzer', 'Salih Özcan', 'Giovanni Reyna', 'Marius Wolf', 'Youssoufa Moukoko', 'Felix Nmecha', 'Julian Ryerson', 'Thomas Meunier', 'Alexander Meyer', 'Jamie Bynoe-Gittens', 'Mateu Morey', 'Marcel Lotka', 'Antonios Papadopoulos', 'Julien Duranville', 'Ole Pohlmann', 'Abdoulaye Kamara']

Club: Bayer 04 Leverkusen
['Florian Wirtz', 'Grimaldo', 'Jeremie Frimpong', 'Jonas Hofmann', 'Patrik Schick', 'Robert Andrich', 'Granit Xhaka', 'Lukáš Hrádecký', 'Jonathan Tah', 'Edmond Tapsoba', 'Exequiel Palacios', 'Piero Hincapié', 'Amine Adli', 'Nadiem Amiri', 'Adam Hložek', 'Odilon Kossounou', 'Josip Stanišić', 'Victor Boniface', 'Matěj Kovář', 'Nathan Tella', 'Timothy Fosu-Mensah', 'Arthur', 'Niklas Lomb', 'Noah Mbamba', 'Gustavo Puerta', 'Ayman Aourir', 'Madi Monamay']

Club: RB Leipzig
['Péter Gulácsi', 'Dani Olmo', 'Willi Orban', 'Loïs Openda', 'Timo Werner', 'Xaver Schlager', 'Emil Forsberg', 'Christoph Baumgartner', 'Kevin Kampl', 'Lukas Klostermann', 'Mohamed Simakan', 'Xavi Simons', 'Amadou Haidara', 'Benjamin Henrichs', 'David Raum', 'Janis Blaswich', 'Castello Lukeba', 'Yussuf Poulsen', 'Nicolas Seiwald', 'Benjamin Šeško', 'Fábio Carvalho', 'Christopher Lenz', 'Ilaix Moriba', 'Leopold Zingerle', 'El Chadaille Bitshiabu', 'Timo Schlieck']

Club: VfL Wolfsburg
['Koen Casteels', 'Maximilian Arnold', 'Ridle Baku', 'Lovro Majer', 'Patrick Wimmer', 'Yannick Gerhardt', 'Joakim Mæhle', 'Lukas Nmecha', 'Sebastiaan Bornauw', 'Václav Černý', 'Maxence Lacroix', 'Mattias Svanberg', 'Jonas Wind', 'Jakub Kamiński', 'Tiago Tomás', 'Nicolas Cozza', 'Moritz Jenz', 'Cédric Zesiger', 'Rogério', 'Pavao Pervan', 'Aster Vranckx', 'Kilian Fischer', 'Amin Sarr', 'Kevin Paredes', 'Ulysses Llanez Jr.', 'Niklas Klinger', 'Dženan Pejčinović', 'Philipp Schulze']

Club: FC Union Berlin
['Leonardo Bonucci', 'Robin Gosens', 'Frederik Rønnow', 'Kevin Volland', 'Sheraldo Becker', 'Danilho Doekhi', 'Josip Juranović', 'Robin Knoche', 'Lucas Tousart', 'Christopher Trimmel', 'Rani Khedira', 'Alex Král', 'Aïssa Laïdouni', 'Diogo Leite', 'Jérôme Roussillon', 'Janik Haberer', 'Brenden Aaronson', 'Kevin Behrens', 'Paul Jaeckel', 'András Schäfer', 'Mikkel Kaufmann', 'Alexander Schwolow', 'Benedict Hollerbach', 'David Datro Fofana', 'Jakob Busk', 'Laurenz Dehl', 'Aljoscha Kemlein', 'Yannic Stein']

Club: Borussia Mönchengladbach
['Jonas Omlin', 'Julian Weigl', 'Florian Neuhaus', 'Nico Elvedi', 'Ko Itakura', 'Kouadio Manu Koné', 'Christoph Kramer', 'Alassane Plea', 'Franck Honorat', 'Maximilian Wöber', 'Tomáš Čvančara', 'Marvin Friedrich', 'Stefan Lainer', 'Joe Scally', 'Luca Netz', 'Jordan Siebatcheu', 'Robin Hack', 'Patrick Herrmann', 'Tony Jantschke', 'Nathan Ngoumou', 'Hannes Wolf', 'Tobias Sippel', 'Jan Olschowsky', 'Moritz Nicolas', 'Rocco Reitz', 'Yvandro Borges Sanches', 'Grant-Leon Ranos', 'Fabio Chiarodia', 'Mamadou Doucouré', 'Lukas Ullrich', 'Jacob Italiano', 'Simon Walde', 'Ibrahim Digberekou']

Club: SC Freiburg
['Matthias Ginter', 'Vincenzo Grifo', 'Michael Gregoritsch', 'Christian Günter', 'Philipp Lienhart', 'Ritsu Doan', 'Nicolas Höfler', 'Roland Sallai', 'Maximilian Eggestein', 'Lukas Kübler', 'Daniel-Kofi Kyereh', 'Lucas Höler', 'Maximilian Philipp', 'Manuel Gulde', 'Florian Müller', 'Kiliann Sildillia', 'Yannik Keitel', 'Junior Adamu', 'Noah Atubolu', 'Benjamin Uphoff', 'Noah Weißhaupt', 'Jordy Makengo', 'Kenneth Schmidt', 'Max Rosenfelder', 'Merlin Röhl']

Club: Eintracht Frankfurt
['Kevin Trapp', 'Mario Götze', 'Ellyes Skhiri', 'Sebastian Rode', 'Philipp Max', 'Robin Koch', 'Tuta', 'Lucas Alario', 'Junior Dina Ebimbe', 'Kristijan Jakić', 'Ansgar Knauff', 'Omar Marmoush', 'Aurélio Buta', 'Willian Pacho', 'Farès Chaïbi', 'Makoto Hasebe', 'Jens Petter Hauge', 'Jessic Ngankam', 'Niels Nkounkou', 'Hrvoje Smolčić', 'Timmy Chandler', 'Hugo Larsson', 'Paxten Aaronson', 'Jens Grahl', 'Nnamdi Collins', 'Sidney Raebiger', 'Marcel Wenig', 'Mehdi Loune', 'Simon Simoni', 'Dario Ndubuisi Gebuhr', 'Davis Bautista']

Club: TSG Hoffenheim
['Andrej Kramarić', 'Oliver Baumann', 'Mergim Berisha', 'Ihlas Bebou', 'Wout Weghorst', 'John Brooks', 'Florian Grillitsch', 'Grischa Prömel', 'Attila Szalai', 'Kevin Vogt', 'Marius Bülter', 'Dennis Geiger', 'Ozan Kabak', 'Pavel Kadeřábek', 'Diadié Samassékou', 'Anton Stach', 'Kevin Akpoguma', 'Robert Skov', 'Julian Justvan', 'Stanley Nsoki', 'Marco John', 'Kasim Adams Nuhu', 'Finn Ole Becker', 'Maximilian Beier', 'Tom Bischof', 'Melayro Bogarde', 'Luca Philipp', 'Umut Tohumcu', 'Joshua Quarshie', 'Nahuel Noll']

Club: FSV Mainz 05
['Ludovic Ajorque', 'Lee Jae Sung', 'Dominik Kohr', 'Leandro Barreiro Martins', 'Anthony Caci', 'Karim Onisiwo', 'Silvan Widmer', 'Robin Zentner', 'Stefan Bell', 'Andreas Hanche-Olsen', 'Marco Richter', 'Jonathan Burkardt', 'Danny da Costa', 'Tom Krauß', 'Phillipp Mwene', 'Edimilson Fernandes', 'Maxim Leitsch', 'Sepp van den Berg', 'Aymen Barkok', 'Daniel Batz', 'Merveille Papela', 'Nelson Weiper', 'Lasse Rieß', 'Brajan Gruda', 'Eniss Shabani', 'Philipp Schulz']

Club: FC Köln
['Florian Kainz', 'Timo Hübers', 'Marvin Schwäbe', 'Dejan Ljubičić', 'Julian Chabot', 'Mark Uth', 'Linton Maina', 'Eric Martel', 'Benno Schmitz', 'Luca Waldschmidt', 'Leart Paqarada', 'Davie Selke', 'Luca Kilian', 'Jan Thielmann', 'Dominique Heintz', 'Sargis Adamyan', 'Rasmus Carstensen', 'Faride Alidou', 'Jacob Christensen', 'Denis Huseinbašić', 'Noah Katterbach', 'Dimitris Limnios', 'Steffen Tigges', 'Mathias Olesen', 'Philipp Pentke', 'Florian Dietz', 'Meiko Sponsel', 'Damion Downs', 'Rijad Smajić', 'Jonas Nickisch', 'Georg Strauch', 'Matthias Köbbing']

Club: SV Werder Bremen
['Naby Keïta', 'Marvin Ducksch', 'Jiří Pavlenka', 'Mitchell Weiser', 'Rafael Santos Borré', 'Marco Friedl', 'Amos Pieper', 'Jens Stage', 'Niklas Stark', 'Leonardo Bittencourt', 'Dawid Kownacki', 'Senne Lynen', 'Romano Schmid', 'Miloš Veljković', 'Anthony Jung', 'Felix Agu', 'Olivier Deman', 'Christian Groß', 'Nicolai Rapp', 'Michael Zetterer', 'Justin Njinmah', 'Nick Woltemade', 'Johan Mina', 'Dudu']

Club: FC Augsburg
['Niklas Dorsch', 'Kevin Mbabu', 'Iago', 'Ermedin Demirović', 'Jeffrey Gouweleeuw', 'Arne Maier', 'Felix Uduokhai', 'Masaya Okugawa', 'Reece Oxford', 'Patric Pfeiffer', 'Elvis Rexhbeçaj', 'Japhet Tanganga', 'Ruben Vargas', 'Maximilian Bauer', 'Finn Dahmen', 'Dion Drena Beljo', 'Irvin Cardona', 'Arne Engels', 'Tomáš Koubek', 'Sven Michel', 'Mads Pedersen', 'Phillip Tietz', 'Robert Gumny', 'Fredrik Jensen', 'Nathanaël Mbuku', 'Tim Breithaupt', 'David Čolina', 'Raphael Framberger', 'Frederik Winther', 'Mert Kömür', 'Marcel Łubik', 'Aaron Zehnter']

Club: VfB Stuttgart
['Serhou Guirassy', 'Alexander Nübel', 'Waldemar Anton', 'Hiroki Ito', 'Deniz Undav', 'Silas', 'Maximilian Mittelstädt', 'Anthony Rouault', 'Dan-Axel Zagadou', 'Chris Führich', 'Atakan Karazor', 'Angelo Stiller', 'Josha Vagnoman', 'Genki Haraguchi', 'Jeong Woo Yeong', 'Jamie Leweling', 'Fabian Bredlow', 'Enzo Millot', 'Leonidas Stergiou', 'Nikolas Nartey', 'Pascal Stenzel', 'Roberto Massimo', 'Lilian Egloff', 'Thomas Kastanaras', 'Jovan Milošević', 'Florian Schock', 'Dennis Seimen', 'Laurin Ulrich', 'Momo Cissé', 'Leonhard Münst', 'Jordan Meyer']

Club: VfL Bochum
['Manuel Riemann', 'Danilo', 'Philipp Hofmann', 'Anthony Losilla', 'Kevin Stöger', 'Takuma Asano', 'Ivan Ordets', 'Christopher Antwi-Adjei', 'Philipp Förster', 'Erhan Mašović', 'Gonçalo Paciência', 'Maximilian Wittek', 'Michael Esser', 'Cristian Gamboa', 'Patrick Osterhage', 'Keven Schlotterbeck', 'Bernardo', 'Matúš Bero', 'Lukas Daschner', 'Felix Passlack', 'Moritz-Broni Kwarteng', 'Lys Mousset', 'Moritz Broschinski', 'Noah Loosli', 'Jordi Osei-Tutu', 'Niclas Thiede', 'Tim Oermann', 'Moritz Römling', 'Mohammed Tolba']

Club: SV Darmstadt 98
['Marcel Schuhen', 'Matthias Bader', 'Fabian Holland', 'Marvin Mehlem', 'Christoph Zimmermann', 'Christoph Klarer', 'Bartol Franjić', 'Tobias Kempe', 'Braydon Manu', 'Tim Skarke', 'Mathias Honsak', 'Matej Maglica', 'Jannik Müller', 'Klaus Gjasula', 'Fraser Hornby', 'Thomas Isherwood', 'Andreas Müller', 'Fabian Nürnberger', 'Fabian Schnellhardt', 'Emir Karic', 'Luca Pfeiffer', 'Frank Ronstadt', 'Aaron Seydel', 'Filip Stojilković', 'Clemens Riedel', 'Alexander Brunst', 'Oscar Vilhelmsson', 'Morten Behrens', 'Fabio Torsiello', 'Max Wendt']

Club: Heidenheim
['Tim Kleindienst', 'Jan-Niklas Beste', 'Patrick Mainka', 'Kevin Müller', 'Marnon Busch', 'Jonas Föhrenbach', 'Lennard Maloney', 'Marvin Pieringer', 'Nikola Dovedan', 'Benedikt Gimber', 'Jan Schöppner', 'Kevin Sessa', 'Tim Siersleben', 'Florian Pick', 'Norman Theuerkauf', 'Denis Thomalla', 'Adrian Beck', 'Stefan Schimmer', 'Christian Kühlwetter', 'Vitus Eicher', 'Thomas Keller', 'Omar Haktab Traoré', 'Eren Dinkçi', 'Frank Feller', 'Luka Janeš', 'Seedy Jarju', 'Christopher Negele', 'Elidon Qenaj', 'Paul Tschernuth']




League(id=53, name=La Liga, nationality=Spain, clubs=20)
Club: Real Madrid
['Thibaut Courtois', 'Vini Jr.', 'Federico Valverde', 'Luka Modrić', 'Jude Bellingham', 'Toni Kroos', 'Éder Militão', 'David Alaba', 'Antonio Rüdiger', 'Rodrygo', 'Aurélien Tchouaméni', 'Nacho Fernández', 'Eduardo Camavinga', 'Carvajal', 'Joselu', 'Ferland Mendy', 'Kepa', 'Lucas Vázquez', 'Brahim', 'Dani Ceballos', 'Fran García', 'Arda Güler', 'Andriy Lunin', 'Iker Bravo', 'Peter', 'Obrador', 'Marvel', 'Noel', 'Cañizares', 'Álvaro', 'Takuhiro Nakai']

Club: FC Barcelona
['Robert Lewandowski', 'Marc-André ter Stegen', 'Frenkie de Jong', 'Pedri', 'Ronald Araujo', 'İlkay Gündoğan', 'João Cancelo', 'Jules Koundé', 'Raphinha', 'Andreas Christensen', 'Gavi', 'Iñigo Martínez', 'Ferran Torres', 'Balde', 'João Félix', 'Sergi Roberto', 'Oriol Romeu', 'Marcos Alonso', 'Iñaki Peña', 'Mamadou Fall', 'Alarcón', 'Aleix Garrido', 'Marc Casadó', 'Mikayil Faye', 'Pau Víctor', 'Marc Vidal', 'Moha Moukhliss']

Club: Atlético Madrid
['Antoine Griezmann', 'Jan Oblak', 'Rodrigo Javier De Paul', 'Memphis Depay', 'Marcos Llorente', 'Koke', 'José María Giménez', 'Morata', 'Ángel Correa', 'Javi Galán', 'Mario Hermoso', 'Thomas Lemar', 'Nahuel Molina', 'Stefan Savić', 'Reinildo', 'Saúl', 'Azpilicueta', 'Axel Witsel', 'Samuel Lino', 'Riquelme', 'Çağlar Söyüncü', 'Ivo Grbić', 'Pablo Barrios', 'Vitolo', 'Iturbe', 'Antonio Gomis', 'Pablo Pérez', 'Diego Bri', 'Sergio Mestre']

Club: Sevilla FC
['Marcos Acuña', 'Youssef En-Nesyri', 'Fernando', 'Ivan Rakitić', 'Marko Dmitrović', 'Suso', 'Nemanja Gudelj', 'Joan Jordán', 'Erik Lamela', 'Jesús Navas', 'Lucas Ocampos', 'Óliver Torres', 'Dodi Lukébakio', 'Marcão', 'Djibril Sow', 'Loïc Badé', 'Adnan Januzaj', 'Rafa Mir', 'Adrià Pedrosa', 'Boubakary Soumaré', 'Federico Gattoni', 'Tanguy Nianzou', 'Ørjan Nyland', 'Kike Salas', 'Juanlu Sánchez', 'Zarzana', 'Alfonso Pastor', 'Alberto Flores']

Club: Athletic Club
['Unai Simón', 'Yeray', 'Muniain', 'Sancet', 'Iñaki Williams', 'Álex Berenguer', 'De Marcos', 'Yuri Berchiche', 'Ander Herrera', 'Vivian', 'Nico Williams', 'Vesga', 'Raúl García', 'Guruzeta', 'Dani García', 'Ruiz de Galarreta', 'Lekue', 'Agirrezabala', 'Villalibre', 'Imanol', 'Aitor Paredes', 'Nolaskoain', 'Beñat Prados', 'Adu Ares', 'Luis Bilbao', 'Álex Padilla']

Club: Real Betis
['Nabil Fekir', 'Borja Iglesias', 'Guido Rodríguez', 'Rui Silva', 'William Carvalho', 'Isco', 'Claudio Bravo', 'Marc Bartra', 'Ayoze Pérez', 'Héctor Bellerín', 'Miranda', 'Luiz Henrique', 'Youssouf Sabaly', 'Rodri', 'Willian José', 'Andrés Guardado', 'Germán Pezzella', 'Aitor Ruibal', 'Marc Roca', 'Abdessamad Ezzalzouli', 'Abner', 'Juan Cruz', 'Yassin Fekir', 'Assane Diao Diaoune', 'Manu Morillo']

Club: Real Sociedad
['Mikel Merino', 'Álex Remiro', 'Oyarzabal', 'Robin Le Normand', 'Brais Méndez', 'Aritz Elustondo', 'Takefusa Kubo', 'Kieran Tierney', 'Hamari Traoré', 'André Silva', 'Zubeldia', 'Zubimendi', 'Umar Sadiq', 'Odriozola', 'Barrenetxea', 'Aihen Muñoz', 'Carlos Fernández', 'Mohamed-Ali Cho', 'Merquelanz', 'Pacheco', 'Turrientes', 'Olasagasti', 'Urko González', 'Jon Aramburu', 'Unai Marrero', 'Ayesa', 'Jon Magunazelaia', 'Pablo Marín']

Club: Villarreal CF
['Parejo', 'Gerard Moreno', 'Raúl Albiol', 'Etienne Capoue', 'Francis Coquelin', 'Juan Foyth', 'Morales', 'Yeremy Pino', 'Alexander Sørloth', 'Santi Comesaña', 'Pedraza', 'Pepe Reina', 'Manu Trigueros', 'Álex Baena', 'Aïssa Mandi', 'Alberto Moreno', 'Denis Suárez', 'Ben Brereton Díaz', 'Kiko Femenía', 'Matteo Gabbia', 'Terrats', 'Jorge Cuenca', 'Ilias', 'Filip Jörgensen']

Club: CA Osasuna
['David García', 'Ezequiel Ávila', 'Catena', 'Moi Gómez', 'Sergio Herrera', 'Aitor', 'Rubén García', 'Moncayola', 'Ante Budimir', 'Johan Mojica', 'Lucas Torró', 'Nacho Vidal', 'Juan Cruz', 'Kike Barja', 'Unai García', 'Rubén Peña', 'Darko Brašanac', 'Raúl García', 'Aimar Oroz', 'José Arnáiz', 'Areso', 'Pablo Ibáñez', 'Svensson', 'Guillem Molina', 'Nikolaos Michelis', 'Pablo Valencia', 'Herrando', 'Darío Ramos']

Club: Celta de Vigo
['Iago Aspas', 'Fran Beltrán', 'Joseph Aidoo', 'Guaita', 'Agustín Marchesín', 'Renato Tapia', 'Jonathan Bamba', 'Franco Cervi', 'Unai Núñez', 'Carles Pérez', 'Kevin', 'Tasos Douvikas', 'Mingueza', 'Manu Sánchez', 'Carl Starfelt', 'Luca de la Torre', 'Jørgen Strand Larsen', 'Mihailo Ristić', 'Iván Villar', 'Carlos Domínguez', 'Williot Swedberg', 'Miguel Rodríguez', 'Alfon', 'Manu Garrido', 'Mario Fuente', 'Dani González', 'Hugo Sotelo', 'Hugo Álvarez', 'Ruly García']

Club: RCD Mallorca
['Sergi Darder', 'Vedat Muriqi', 'Pablo Maffeo', 'Predrag Rajković', 'Dani Rodríguez', 'Jaume Costa', 'Martin Valjent', 'Copete', 'Cyle Larin', 'Omar Mascarell', 'Raíllo', 'Samú Costa', 'Toni Lato', 'Manu Morlanes', 'Amath Ndiaye', 'Antonio Sánchez', 'Siebe Van der Heyden', 'Giovanni González', 'Dominik Greif', 'Abdón Prats', 'Daniel Luna', 'Javi Llabrés']

Club: Rayo Vallecano
['Isi Palazón', 'Raúl de Tomás', 'Stole Dimitrievski', 'Álvaro García', 'Alfonso Espino', 'Óscar Trejo', 'Iván Balliu', 'De Frutos', 'Florian Lejeune', 'Aridane', 'Óscar Valentín', 'Sergio Camello', 'Falcao', 'Dani Cárdenas', 'Pathé Ciss', 'Bebé', 'Unai López', 'Kike Pérez', 'José Pozo', 'Pep Chavarría', 'Randy Nteka', 'Abdul Mumin', 'Andrei Rațiu', 'Martín', 'Diego Méndez']

Club: Getafe FC
['Enes Ünal', 'Mauro Arambarri', 'David Soria', 'Nemanja Maksimović', 'Luis Milla', 'Dakonam Djené', 'Domingos Duarte', 'Diego Rico', 'Damián Suárez', 'Omar Alderete', 'Óscar', 'Aleñá', 'Borja Mayoral', 'Stefan Mitrović', 'Anthony Lozano', 'Mata', 'Gastón Álvarez', 'Juan Iglesias', 'Fabrizio Angileri', 'Daniel Fuzato', 'Carmona', 'Latasa', 'John Patrick', 'Alex Rodríguez']

Club: Girona FC
['Viktor Tsygankov', 'Aleix García', 'Arnau Martínez', 'David López', 'Paulo Gazzaniga', 'Daley Blind', 'Cristhian Stuani', 'Yangel Herrera', 'Eric García', 'Portu', 'Borja García', 'Miguel Gutiérrez', 'Iván Martín', 'Toni Villa', 'Bernardo Espinosa', 'Valery', 'Juan Carlos', 'Yan Couto', 'Juanpe', 'Artem Dovbyk', 'Sávio', 'Pablo Torre', 'Ibrahima Kébé', 'Jhon Solís', 'Toni Fuidias', 'Ricard Artero', 'Monjonell', 'Joel Roca', 'Wadi Ibrahim Suzuki']

Club: Valencia CF
['Gayà', 'Giorgi Mamardashvili', 'Gabriel Paulista', 'Pepelu', 'André Almeida', 'Thierry Correia', 'Mouctar Diakhaby', 'Selim Amallah', 'Hugo Guillamón', 'Hugo Duro', 'Dimitri Foulquier', 'Sergi Canós', 'Jaume', 'Cenk Özkacar', 'Roman Yaremchuk', 'Jesús Vázquez', 'Cristian Rivero', 'Cristhian Mosquera', 'Pablo Gozálbez', 'Marco Camus']

Club: UD Almería
['Edgar', 'Lucas Robertone', 'Fernando', 'Luís Maximiano', 'César Montes', 'Iddrisu Baba', 'Embarba', 'Léo Baptistão', 'Luis Javier Suárez', 'Lázaro', 'Akieme', 'Melero', 'Álex Centelles', 'Dion Lopy', 'Largie Ramazani', 'Álex Pozo', 'Chumi', 'Houboulang Mendes', 'Pubill', 'Kaiky', 'Ibrahima Koné', 'Diego Mariño', 'Arribas', 'Arnau Puigmal', 'Marko Milovanović', 'Martin Šviderský']

Club: Cádiz CF
['Jeremías Conan Ledesma', 'Gonzalo Escalante', 'Maximiliano Gómez', 'Darwin Machís', 'Rubén Alcaraz', 'Víctor Chust', 'Álex Fernández', 'Luís Hernández', 'Fali', 'Negredo', 'Iván Alejo', 'Iza Carcelén', 'Rominigue Kouamé', 'Rubén Sobrino', 'Zaldúa', 'Roger Martí', 'Chris Ramos', 'David Gil', 'Sergi Guardiola', 'Jorge Meré', 'Brian Ocampo', 'San Emeterio', 'Robert Navarro', 'Javi Hernández', 'José Mari', 'Mamadou Mbaye', 'Martín Calderón', 'Kikín', 'Víctor Aznar', 'Karl Edouard Etta Eyong']

Club: UD Las Palmas
['Jonathan Viera', 'Munir', 'Eric Curbelo', 'Álvaro Valles', 'Saúl Coco', 'Enzo Loiodice', 'Moleiro', 'Sandro', 'Sergi Cardona', 'Aarón', 'Pejiño', 'Mika Mármol', 'Omenuke Mfulu', 'Daley Sinkgraven', 'Marc Cardona', 'Álvaro Lemos', 'Máximo Perrone', 'Kirian', 'Alex Suárez', 'Julian Araujo', 'Sory Kaba', 'Benito', 'Marvin', 'Fabio González', 'Javi Muñoz', 'Cristian Herrera']

Club: Granada CF
['Myrto Uzuni', 'Lucas Boyé', 'Melendo', 'José Callejón', 'Víctor Díaz', 'Shon Weissman', 'Carlos Neva', 'Puertas', 'Vallejo', 'Gumbau', 'Wilson Manafá', 'Alberto Perea', 'Raúl Fernández', 'Miguel Rubio', 'Ricard', 'Gonzalo Villar', 'Famara Diédhiou', 'Álvaro Fernández', 'André Ferreira', 'Ignasi Miquel', 'Njegoš Petrović', 'Sergio Ruiz', 'Torrente', 'Bryan', 'Mortimer', 'Julio Martínez', 'Adri López']

Club: Deportivo Alavés
['Gorosabel', 'Rubén Duarte', 'Luis Rioja', 'Nahuel Tenaglia', 'Kike García', 'Ander Guevara', 'Guridi', 'Antonio Blanco', 'Ianis Hagi', 'Aleksandar Sedlar', 'Sivera', 'Giuliano Simeone', 'Abdelkabir Abqar', 'Alkain', 'Carlos Benavídez', 'Nikola Maraš', 'Abderrahman Rebbach', 'Javi López', 'Álex Sola', 'Karrikaburu', 'Joseda Álvarez', 'Owono', 'Adrián', 'Tomás Mendes']




League(id=20, name=2. Bundesliga, nationality=Germany, clubs=18)
Club: Hamburger SV
['Daniel Heuer Fernandes', 'Robert Glatzel', 'Ludovit Reis', 'Jean-Luc Dompé', 'Jonas Meffert', 'Immanuel Pherai', 'Sebastian Schonlau', 'László Bénes', 'Dennis Hadžikadunić', 'Bakery Jatta', 'Moritz Heyer', 'Levin Öztunalı', 'Ransford-Yeboah Königsdörffer', 'Miro Muheim', 'Stephan Ambrosius', 'Guilherme Ramos', 'Łukasz Poręba', 'Matheo Raab', 'Ignace Van der Brempt', 'Anssi Suhonen', 'András Németh', 'William Mikelbrencis', 'Tom Mickel', 'Elijah Krahn', 'Tom Sanne', 'Valon Zumberi', 'Bent Andresen', 'Omar Megeed', 'Nicolas-Bernd Oliveira']

Club: FC Schalke 04
['Simon Terodde', 'Timo Baumgartl', 'Cédric Brunner', 'Marius Müller', 'Ron Schallenberg', 'Dominick Drexler', 'Ralf Fährmann', 'Thomas Ouwejan', 'Sebastian Polter', 'Paul Seguin', 'Marcin Kamiński', 'Kenan Karaman', 'Henning Matriciani', 'Tobias Mohr', 'Lino Tempelmann', 'Bryan Lasme', 'Danny Latza', 'Niklas Tauer', 'Leo Greiml', 'Blendi Idrizi', 'Derry John Murkin', 'Soichiro Kozuki', 'Michael Langer', 'Justin Heekeren', 'Yusuf Kabadayi', 'Assan Ouédraogo', 'Ibrahima Cissé', 'Keke Topp']

Club: Hertha Berlin
['Marc-Oliver Kempf', 'Jonjoe Kenny', 'Fabian Reese', 'Michał Karbownik', 'Márton Dárdai', 'Marius Gersbeck', 'Florian Niederlechner', 'Smail Prevljak', 'Agustín Rogel', 'Jeremy Dudziak', 'Toni Leistner', 'Myziane Maolida', 'Deyovaisio Zeefuik', 'Pál Dárdai', 'Bilal Hussein', 'Peter Pekarík', 'Haris Tabakovic', 'Linus Gechter', 'Anderson Lucoqui', 'Marten Winkler', 'Bence Dárdai', 'Derry Scherhant', 'Kélian Nsona', 'Ensar Aksakal', 'Ibrahim Maza', 'Tjark Ernst', 'Pascal Klemens', 'Veit Stange', 'Robert Kwasigroch']

Club: Hannover 96
['Marcel Halstenberg', 'Ron-Robert Zieler', 'Derrick Köhn', 'Fabian Kunze', 'Louis Schaub', 'Cedric Teuchert', 'Sei Muroya', 'Max Christiansen', 'Phil Neumann', 'Håvard Nielsen', 'Andreas Voglsammer', 'Max Besuschkow', 'Julian Börner', 'Jannik Dehm', 'Sebastian Ernst', 'Bright Akwo Arrey-Mbi', 'Brooklyn Ezeh', 'Enzo Leopold', 'Leo Weinkauf', 'Muhammed Damar', 'Antonio Foti', 'Nicolò Tresoldi', 'Yannik Lührs', 'Thaddäus-Monju Momuluh', 'Toni Stahl', 'Eric Uhlmann', 'Leon-Oumar Wechsel']

Club: Fortuna Düsseldorf
['Shinta Appelkamp', 'Marcel Sobottka', 'Ao Tanaka', 'Matthias Zimmermann', 'Nicolas Gavory', 'André Hoffmann', 'Felix Klaus', 'Jordy de Wijs', 'Daniel Ginczek', 'Christos Tzolis', 'Emmanuel Iyoha', 'Florian Kastenmeier', 'Tim Oberdorf', 'Vincent Vermeij', 'Yannik Engelhardt', 'Ísak Bergmann Jóhannesson', 'Jamil Siebert', 'Dennis Jastrzembski', 'Karol Niemczycki', 'Jona Niemiec', 'Dennis Gorka', 'David Savic', 'Takashi Uchino', 'Daniel Bunk']

Club: Kaiserslautern
['Terrence Boyd', 'Andreas Luthe', 'Ragnar Ache', 'Erik Durm', 'Philipp Klement', 'Marlon Ritter', 'Boris Tomiak', 'Kevin Kraus', 'Tymoteusz Puchacz', 'Jan Elvedi', 'Philipp Hercher', 'Julian Niehues', 'Aaron Opoku', 'Tobias Raschl', 'Kenny Prince Redondo', 'Nikola Soldo', 'Hendrick Zuck', 'Afeez Aremu', 'Jean Zimmer', 'Ben Zolinski', 'Daniel Hanslik', 'Julian Krahl', 'Avdo Spahić', 'Lex-Tyger Lobinger', 'Richmond Tachie', 'Aaron Basenach', 'Neal Gibs']

Club: FC Nürnberg
['Christian Mathenia', 'Christopher Schindler', 'Mats Møller Dæhli', 'Jannes Horn', 'Iván Márquez', 'Florian Flick', 'Johannes Geis', 'Tim Handwerker', 'Florian Hübner', 'James Lawrence', 'Taylan Duman', 'Benjamin Goller', 'Jan Gyamerah', 'Daichi Hayashi', 'Erik Wekesser', 'Jens Castrop', 'Christoph Daferner', 'Joseph Hungbo', 'Felix Lohkemper', 'Lukas Schleimer', 'Enrico Valentini', 'Ahmet Gürleyen', 'Carl Klaus', 'Nathaniel Brown', 'Kanji Okunuki', 'Can Uzun', 'Pascal Fuchs', 'Jan Reichert', 'Ali Loune', 'Jannik Hofmann']

Club: Karlsruher SC
['Lars Stindl', 'Marvin Wanitzek', 'Patrick Drewes', 'Jérôme Gondorf', 'Fabian Schleusener', 'Marcel Franke', 'Philip Heise', 'Sebastian Jung', 'Christoph Kobald', 'Paul Nebel', 'Robin Bormuth', 'Dženis Burnić', 'Leon Jensen', 'Marco Thiede', "Daniel O'Shaughnessy", 'Igor Matanović', 'Budu Zivzivadze', 'Marcel Beifus', 'David Herold', 'Kai Eisele', 'Max Weiß', 'Tim Rossmann', 'Eren Öztürk', 'Efe-Kaan Sihlaroglu']

Club: SC Paderborn 07
['Max Kruse', 'Florent Muslija', 'Jannik Huth', 'David Kinsombi', 'Felix Platte', 'Robert Leipertz', 'Jannis Heuer', 'Marcel Hoffmeier', 'Kai Klefisch', 'Raphael Obermair', 'Maximilian Rohr', 'Filip Bilbija', 'Sirlord Conteh', 'Tobias Müller', 'Visar Musliu', 'Marco Schuster', 'Adriano Grimaldi', 'Sebastian Klaas', 'Pelle Boevink', 'Calvin Brackelmann', 'Niclas Nadj', 'Jesse Tugbenyo', 'Kimberly Ezekwem', 'Laurin Curda', 'Mattes Hansen', 'Justus Henke', 'Arne Schulz', 'Ilyas Ansah', 'Dawyn-Paul Donner', 'Florian Pruhs']

Club: FC St. Pauli
['Jackson Irvine', 'Manolis Saliakas', 'Marcel Hartel', 'Simon Zoller', 'Eric Smith', 'Dapo Afolayan', 'Karol Mets', 'Nikola Vasilj', 'Hauke Wahl', 'Danel Sinani', 'Andreas Albers', 'Sascha Burchert', 'Johannes Eggestein', 'David Nemeth', 'Etienne Amenyido', 'Adam Dźwigała', 'Connor Metcalfe', 'Philipp Treu', 'Carlo Boukhalfa', 'Lars Ritzka', 'Elias Saad', 'Maurides', 'Scott Banks', 'Sören Ahlers', 'Luca Günther', 'Bennet Winter', 'Niklas Jessen']

Club: Hansa Rostock
['Markus Kolke', 'Kai Pröger', 'Sebastian Vasiliadis', 'Janik Bachmann', 'Jonas David', 'Christian Kinsombi', 'Dennis Dressel', 'Oliver Hüsing', 'Svante Ingelsson', 'Nils Körber', 'Nico Neidhart', 'Juan José Perea', 'Simon Rhein', 'Damian Roßbach', 'Sarpreet Singh', 'Júnior Brumado', 'Kevin Schumacher', 'Nils Fröling', 'Lukas Hinterseer', 'Thomas Meißner', 'Alexander Rossipal', 'John-Patrick Strauß', 'Jasper van der Werff', 'Salomon Patrick Amougou Nkoa', 'Serhat-Semih Güler', 'Lukas Scherff', 'Milosz Brzozowski', 'Max Hagemoser', 'Louis Köster']

Club: SpVgg Greuther Fürth
['Branimir Hrgota', 'Andreas Linde', 'Julian Green', 'Oussama Haddadi', 'Marco Meyerhöfer', 'Dennis Srbeny', 'Simon Asta', 'Luca Itter', 'Damian Michalski', 'Lukas Petkov', 'Dickson Abiama', 'Kerim Çalhanoğlu', 'Jomaine Consbruch', 'Gideon Jung', 'Orestis Kiomourtzoglou', 'Tim Lemperle', 'Armindo Sieb', 'Jonas Urbig', 'Robert Wagner', 'Oliver Fobassam', 'Leon Schaffran', 'Maximilian Dietz', 'Lucien Littbarski', 'Oualid Mhamdi', 'Devin Angleberger']

Club: Holstein Kiel
['Steven Skrzybski', 'Lewis Holtby', 'Timo Becker', 'Thomas Dähne', 'Patrick Erras', 'Shuto Machino', 'Philipp Sander', 'Ba-Muaka Simakala', 'Marco Komenda', 'Benedikt Pichler', 'Finn Porath', 'Marvin Schulz', 'Marko Ivezić', 'Carl Johansson', 'Jann-Fiete Arp', 'Hólmbert Aron Friðjónsson', 'Joshua Mees', 'Tom Rothe', 'Marcel Engelhardt', 'Nicolai Remberg', 'Lasse Rosenboom', 'Colin Kleine-Bekel', 'Timon Weiner', 'Jonas Sterner', 'Nico Carrera', 'Lucas Wolf', 'Aurel Wagbe', 'Niklas Niehoff']

Club: 1. FC Magdeburg
['Barış Atik', 'Ahmet Arslan', 'Julian Pollersbeck', 'Herbert Bockhorn', 'Jason Ceka', 'Amara Condé', 'Mo El Hankouri', 'Daniel Elfadli', 'Cristiano Piccini', 'Leon Bell Bell', 'Silas Gnaka', 'Daniel Heber', 'Jean Hugonet', 'Tatsuya Itō', 'Dominik Reimann', 'Andi Hoti', 'Jamie Lawrence', 'Alexander Nollenberger', 'Luca Schuler', 'Malcolm Cacutalua', 'Luc Castaignos', 'Connor Krempicki', 'Xavier Amaechi', 'Jonah Fabisch', 'Belal Halbouni', 'Noah Kruth', 'Tarek Chahed', 'Eldin Dzogovic', 'Stefan Korsch']

Club: VfL Osnabrück
['Michaël Cuisance', 'Robert Tesche', 'Lennart Grill', 'Bashkim Ajdini', 'Timo Beermann', 'Philipp Kühn', 'Maximilian Thalhammer', 'Dave Gnaase', 'Charalambos Makridis', 'Noel Niemann', 'John Verhoek', 'Kwasi Okyere Wriedt', 'Christian Conteh', 'Erik Engelhardt', 'Maxwell Gyamfi', 'Lukas Kunze', 'Lars Kehl', 'Florian Kleinhansl', 'Jannes Wulff', 'Florian Bähr', 'Paterson Chato', 'Manuel Haas', 'Oliver Wähling', 'Niklas Wiemann', 'Henry Rorig', 'Daniel Adamczyk', 'Emeka Oduah', 'Kevin Wiethaup', 'Luca Böggemann']

Club: Eintracht Braunschweig
['Anthony Ujah', 'Sebastian Griesbeck', 'Robert Ivanov', 'Jannis Nikolaou', 'Brian Behrendt', 'Kaan Caliskaner', 'Anton Donkor', 'Ron-Thorben Hoffmann', 'Robin Krauße', 'Saulo Decarli', 'Fabio Kaufmann', 'Hasan Kuruçay', 'Jan Hendrik Marx', 'Maurice Multhaup', 'Danilo Wiebe', 'Youssef Amyn', 'Tino Casali', 'Keita Endo', 'Johan Arath Gómez', 'Þórir Jóhann Helgason', 'Luc Ihorst', 'Niko Kijewski', 'Marvin Rittmüller', 'Rayan Philippe', 'Yannik Bangsow', 'Sidi Sané', 'Leon Suzuki', 'Rami Zouaoui', 'Justin Duda', 'Emil Kischka']

Club: Wehen Wiesbaden
['Nick Bätzner', 'Aleksandar Vukotić', 'Sascha Mockenhaupt', 'Ivan Prtajin', 'Martin Angha', 'Thijmen Goppel', 'Florian Carstens', 'Marcus Mathisen', 'Gino Fechner', 'Kianz Froese', 'Bjarke Jacobsen', 'Antonio Jonjić', 'Julius Kade', 'Max Reinthaler', 'Florian Stritzel', 'Robin Heußer', 'Franko Kovačević', 'Arthur Lyska', 'Emanuel Taffertshofer', 'Keanan Bennetts', 'John Iredale', 'Lee Hyun Ju', 'Mohamed Amsif', 'Amar Ćatić', 'Lasse Günther', 'Nico Rieble', 'Amin Farouk', 'Nassim Elouarti', 'Noah Brdar']

Club: SV Elversberg
['Jannik Rochelt', 'Hugo Vandermersch', 'Joseph Boyamba', 'Manuel Feil', 'Frederik Jäkel', 'Marcel Correia', 'Robin Fellhauer', 'Thore Jacobsen', 'Nicolas Kristof', 'Dominik Martinović', 'Luca Schnellbacher', 'Maurice Neubauer', 'Semih Sahin', 'Kevin Conrad', 'Wahid Faghir', 'Koffi', 'Arne Sicker', 'Nico Antonitsch', 'Tim Boss', 'Carlo Sickinger', 'Luca Dürholtz', 'Lukas Pinckert', 'Paul Stock', 'Paul Wanner', 'Frank Lehmann', 'Patryk Dragon', 'Sebastian Saftig']




League(id=60, name=League One, nationality=England, clubs=24)
Club: Derby County
['Sonny Bradley', 'Eíran Cashin', 'Conor Hourihane', 'Max Bird', 'Nathaniel Méndez-Laing', 'Joe Wildsmith', 'Callum Elder', 'Tyrese Fornah', 'Curtis Nelson', 'Martyn Waghorn', 'Joe Ward', 'James Collins', 'Elliot Embleton', 'Craig Forsyth', 'Korey Smith', 'Josh Vickers', 'Conor Washington', 'Kane Wilson', 'Tom Barkhuizen', 'Louie Sibley', 'Tyreece John-Jules', 'Liam Thompson', 'Scott Loach', 'Jake Rooney', 'Darren Robinson']

Club: Bolton Wanderers
['Ricardo Santos', 'Nathan Baxter', 'Dion Charles', 'Victor Adeboyejo', 'George Johnston', 'Carlos Mendes Gomes', 'Josh Dacres-Cogley', 'Kyle Dempsey', 'Aaron Morley', 'Gethin Jones', 'Paris Maghoma', 'Josh Sheehan', 'Eoin Toal', 'Will Forrester', 'Jack Iredale', 'Randell Williams', 'Jón Daði Böðvarsson', 'Cameron Jerome', 'George Thomason', 'Zac Ashworth', 'Joel Coleman', 'Dan Nlundulu']

Club: Charlton Athletic
['George Dobson', 'Michael Hector', 'Scott Fraser', 'Alfie May', 'Corey Blackett-Taylor', 'Terry Taylor', 'Tayo Edun', 'Harry Isted', 'Lloyd Jones', 'Panutche Camará', 'Miles Leaburn', 'Terell Thomas', 'Chuks Aneke', 'Chem Campbell', 'Charlie Kirk', 'Ashley Maynard-Brewer', 'Conor McGrandles', 'Lucas Ness', 'Slobodan Tedić', 'Louie Watson', 'James Abankwah', 'Tyreece Campbell', 'Deji Elerewe', 'Karoy Anderson', 'Richard Chin', 'Nathan Asiimwe', 'Daniel Kanu']

Club: Reading
['Ovie Ejaria', 'Lewis Wing', 'Andy Yiadom', 'David Button', 'Harlee Dean', 'Tom Holmes', 'Sam Hutchinson', 'Tom McIntyre', 'Nesta Guinness-Walker', 'Harvey Knibbs', 'Amadou Mbengue', 'Sam Smith', 'Femi Azeez', 'Paul Omo Mukairu', 'Mamadi Camará', 'Jeriel Dorsett', 'Charlie Savage', 'Coniah Boyce-Clarke', 'Kelvin Abrefa', 'Nelson Abbey', 'Michael Craig', 'Kelvin Ehibhatiomhan', 'Jahmari Clarke', 'Tyler Bindon', 'Caylan Vickers', 'Matty Carson']

Club: Blackpool
['Marvin Ekpiteta', 'Kenny Dougall', 'Jordan Rhodes', 'Callum Connolly', 'James Husband', 'Shayne Lavery', 'Jordan Lawrence-Gabriel', 'Matthew Pennington', 'Daniel Grimshaw', 'CJ Hamilton', 'Ollie Norburn', 'Jensen Weir', 'Karamoko Dembélé', 'Andy Lyons', 'Matty Virtue', 'Jake Beesley', 'Olly Casey', 'Owen Dale', 'Kyle Joseph', 'Dominic Thompson', 'Sonny Carey', 'Albie Morgan', "Richard O'Donnell", 'Doug Tharme', 'Kylian Kouassi', 'Mackenzie Chapman']

Club: Barnsley
['Callum Styles', 'Luca Connell', 'Herbie Kane', 'Nicky Cadden', 'Adam Phillips', 'Jordan Williams', 'Devante Cole', 'Maël de Gevigney', 'Robbie Cundy', 'Conor McCarthy', "Corey O'Keeffe", 'Liam Roberts', 'Josh Benson', 'Jamie McCart', 'Jon Russell', 'Max Watters', 'Sam Cosgrove', 'John McAtee', 'Barry Cotter', 'Owen Dodgson', 'Kacper Lopata', 'Matty Wolfe', 'Ben Killip', 'Kyran Lofthouse', 'Fábio Jaló', 'Charlie Winfield', 'Theo Chapman', 'Aiden Marsh']

Club: Portsmouth
['Colby Bishop', 'Regan Poole', 'Joe Rafferty', 'Joe Morrell', 'Tino Anjorin', 'Marlon Pack', 'Sean Raggett', 'Tom Lowery', 'Will Norris', 'Connor Ogilvie', 'Anthony Scully', 'Ryley Towler', 'Gavin Whyte', 'Paddy Lane', 'Christian Saydee', 'Conor Shaughnessy', 'Jack Sparkes', 'Ben Stevenson', 'Zak Swanson', 'Denver Hume', 'Ryan Schofield', 'Kusini Yengi', 'Terry Devlin', 'Abu Kamara', 'Alex Robertson', 'Josh Dockerill']

Club: Wigan Athletic
['Jason Kerr', 'Stephen Humphrys', 'Callum Lang', 'Ben Amos', 'Kelland Watts', 'Charlie Wyke', 'Liam Shaw', 'Sean Clare', 'Josh Magennis', 'Thelo Aasgaard', 'Jordan Jones', 'Tom Pearce', 'Jonny Smith', 'Matthew Smith', 'Charlie Hughes', 'James Balagizi', 'Callum McManaman', 'Liam Morrison', 'Josh Stones', 'Sam Tickle', 'Scott Smith', 'Babajide Adeeko', 'Chris Sze']

Club: Wycombe Wanderers
['Josh Scowen', 'Max Stryjek', 'Luke Leahy', 'Garath McCleary', 'Ryan Tafazolli', 'Chris Forino', 'Joe Jacobson', 'Killian Phillips', 'Jack Grimmer', 'Richard Keogh', 'Sam Vokes', 'Jason McCarthy', 'David Wheeler', 'Brandon Hanlan', 'Kieran Sadlier', 'Dale Taylor', 'Kane Vincent-Young', 'Harry Boyes', 'Kian Breckin', 'Joe Low', 'Tjay De Barr', 'Freddie Potts', 'Jasper Pattenden', 'Laurie Shala', 'Christie Ward', 'Declan Skura']

Club: Peterborough United
['Jonson Clarke-Harris', 'Ronnie Edwards', 'Kwame Poku', 'Ephron Mason-Clark', 'Jeando Fuchs', 'Peter Kioso', 'David Ajiboye', 'Harrison Burrows', 'Archie Collins', 'Josh Knight', 'Hector Kyprianou', 'Joel Randall', 'Romoney Crichlow', 'Ricky-Jade Jones', 'Jacob Wakeling', 'Nicholas Bilokapic', 'Ryan De Havilland', 'Kai Corbett', 'Fynn Talley', 'Will Blackmore', 'Emmanuel Fernandez', "Charlie O'Connell"]

Club: Oxford United
['Cameron Brannagan', 'Elliott Moore', 'Jordan Thorniley', 'Billy Bodin', 'Ciaron Brown', 'Mark Harris', 'Josh McEachran', 'Marcus Browne', 'Sam Long', 'Marcus McGuane', 'Simon Eastwood', 'Kyle Edwards', 'Greg Leigh', 'Josh Murphy', 'Rúben Rodrigues', 'James Beadle', 'James Henry', 'Edward McGinty', 'Stanley Mills', 'Tyler Goodrham', 'Sonny Perkins', 'Fin Stevens', 'Stephan Negru', "Gatlin O'Donkor", 'Oisin Smyth', 'Max Woltman', 'Teddy Mfuni', 'Josh Johnson']

Club: Shrewsbury Town
['Chey Dunkley', 'Marko Maroši', 'Tom Bayliss', 'Jordan Shipley', 'Daniel Udoh', 'Tom Flanagan', 'George Nurse', 'Carl Winchester', 'Morgan Feeney', 'Brandon Fleming', 'Kieran Phillips', 'Elliott Bennett', 'Nohan Kenneh', 'Mal Benning', 'Ryan Bowman', 'Max Mata', 'Taylor Perry', 'Joe Anderson', 'Harry Burgoyne', 'Tunmise Sobowale', 'Elliot Thorpe', 'Michael Parker', 'Jason Sraha', 'Josh Bailey', 'Declan Hutchings', 'Nana Owusu']

Club: Lincoln City
["Paudie O'Connor", 'Tyler Walker', 'Ethan Erhahon', 'Ethan Hamilton', 'Ben House', 'Danny Mândroiu', 'Alex Mitchell', 'Lewis Montsma', 'Jack Burroughs', 'Adam Jackson', 'Lasse Sørensen', 'Ted Bishop', 'Jaden Brown', 'TJ Eyoma', 'Reeco Hackett', 'Alistair Smith', 'Lukas Jensen', 'Sean Roughan', 'Jack Vale', 'Hakeeb Adelakun', 'Jordan Wright', 'Dylan Duffy', 'Jovon Makama', 'Oisin Gallagher', 'MJ Kamson-Kamara']

Club: Leyton Orient
['Idris El Mizouni', 'Jordan Graham', 'Theo Archibald', 'Omar Beckles', 'Dan Agyei', 'Sol Brynn', 'Dan Happe', 'Tom James', 'George Moncur', 'Joe Pigott', 'Brandon Cooper', 'Rob Hunt', 'Ruel Sotiriou', 'Ed Turns', 'Ethan Galbraith', 'Darren Pratley', 'Jayden Sweeney', 'Jordan Brown', 'Aaron Drinan', 'Max Sanders', 'Adam Thompson', 'Sam Howes', 'Shaqai Forde', 'Zech Obiero', 'Rhys Byrne', 'Charlie Pegrum', 'Harrison Sodje', 'Emmanuel Harvest']

Club: Bristol Rovers
['Aaron Collins', 'Ryan Woods', 'Jevani Brown', 'James Wilson', 'Scott Sinclair', 'George Friend', 'Connor Taylor', 'Sam Finley', 'Grant Ward', 'James Belshaw', 'Matthew Cox', 'Antony Evans', 'Lewis Gordon', 'Luca Hoole', 'Jordan Rossiter', 'Luke Thomas', 'Harvey Vale', 'Lamare Bogarde', 'James Gibbons', 'John Marquis', 'Luke McCormick', 'Tristan Crama', 'Josh Grant', 'Matthew Hall', 'Jerry Lawrence']

Club: Burton Albion
['Mason Bennett', 'Jamal Blackman', 'Sam Hughes', 'Tom Hamer', 'Cole Stockton', 'John Brayford', 'Josh Gordon', 'Deji Oshilaja', 'Joe Powell', 'Ryan Sweeney', 'Jake Caprice', 'Max Crocombe', 'Mark Helm', 'Jasper Moon', 'Steve Seddon', 'Mustapha Carayol', 'Rekeem Harper', 'Kwadwo Baah', 'Kegs Chauke', 'Ciaran Gilligan', 'Bobby Kamwa', 'Joshua Walker', 'Jakub Niemczyk']

Club: Fleetwood Town
['Josh Earl', 'Danny Mayor', 'Shaun Rooney', 'Jay Lynch', 'Jack Marriott', 'Toto Nsiala', 'Josh Vela', 'Brendan Wiredu', 'Ryan Broom', 'Adam Montgomery', 'Xavier Simons', 'Jayden Stockley', 'Kabongo Tshimanga', 'Harrison Holgate', 'Promise Omochere', 'Phoenix Patterson', 'Scott Robertson', 'Cian Hayes', 'Carl Johnston', 'Harvey Macadam', 'Maleace Asamoah', 'Callum Dolan', 'David Harrington', 'Ryan Graydon', 'Junior Quitirna', 'Stephen McMullan', 'Tom Donaghy', 'Kyle White']

Club: Exeter City
['Demetri Mitchell', 'Tom Carroll', 'Alex Hartridge', 'Harry Kite', 'Ilmari Niskanen', 'Pierce Sweeney', 'Will Aimson', 'Cheick Diabaté', 'Vincent Harper', 'Zak Jules', 'Admiral Muskwe', 'Jack Aitchison', 'Ryan Trevitt', 'Gary Woods', 'Dion Rankine', 'James Scott', 'Viljami Sinisalo', 'Kyle Taylor', 'Reece Cole', 'Sonny Cox', 'Pedro Borges', 'Gabriel Billington', 'Mitch Beardmore', 'Max Edgecombe', "Joe O'Connor"]

Club: Stevenage
['Carl Piergianni', 'Dan Sweeney', 'Ben Thompson', 'Nathan Thompson', 'Taye Ashby-Hammond', 'Dan Butler', 'Jordan Roberts', 'Louis Thompson', 'Terence Vancooten', 'Jake Forster-Caskey', 'Luther James-Wildin', 'Alex MacDonald', 'Jamie Reid', 'Kane Smith', 'Nick Freeman', 'Elliott List', 'Aaron Pressley', 'Harvey White', 'Harry Anderson', 'Kane Hemmings', 'Charlie McNeill', 'Finley Burns', 'Krisztián Hegyi', 'Theo Alexandrou', 'Makise Evans', 'Harrison Smith', 'Rylee Mitchell']

Club: Carlisle United
['Owen Moxon', 'Sean Maguire', 'Paul Huntington', 'Jack Armer', 'Callum Guy', 'Sam Lavelle', 'Dylan McGeouch', 'Jökull Andrésson', 'Jordan Gibson', 'Jon Mellish', 'Tomáš Holý', 'Joshua Kayode', 'Alfie McCalmont', 'Luke Plange', 'Daniel Butterworth', 'Joe Garner', 'Fin Back', 'Ben Barclay', 'Corey Whelan', 'Ryan Edmondson', 'Jayden Harris', 'Jack Robinson', 'Taylor Charters', 'Jack Ellis', 'Gabriel Breeze']

Club: Port Vale
['Connor Ripley', 'Mitch Clark', 'Ben Garrity', 'Conor Grant', 'Alex Iacovitti', 'Nathan Smith', 'Ethan Chislett', 'Alfie Devine', 'Tom Conlon', 'Dan Jones', 'Funso Ojo', 'James Wilson', 'Gavin Massey', 'Lewis Cass', 'Ryan Loft', 'Jason Lowe', 'Jayson Leutwiler', 'Tom Sang', 'Oliver Arblaster', 'James Plant', 'Kofi Balmer', 'Rhys Walters']

Club: Northampton Town
['Sam Hoskins', 'Jon Guthrie', 'Marc Leonard', 'Shaun McWilliams', 'Manny Monthé', 'Mitch Pinnock', 'Tyreece Simpson', 'Lee Burge', 'Ali Koiki', 'Ben Fox', 'Aaron McGowan', 'Jack Sowerby', 'Louis Appéré', 'Patrick Brough', 'Tyler Magloire', 'Akin Odimayo', 'Sam Sherring', 'Kieron Bowie', 'Ryan Haynes', 'Harvey Lintott', 'Will Hondermarck', 'Danny Hylton', 'Max Thompson', 'Peter Abimbola', 'James Dadge', 'Josh Tomlinson']

Club: Cheltenham Town
['Luke Southwood', 'Elliot Bonds', 'Curtis Davies', 'Lewis Freestone', 'Liam Sercombe', 'Aidan Keena', 'Seàn Long', 'Curtis Thompson', 'Will Ferry', 'Liam Smith', 'Robert Street', 'Ben Williams', 'Tom Bradbury', 'George Lloyd', 'Josh Williams', 'Will Goodwin', 'James Olayinka', 'Ellis Chapman', 'Grant Horton', 'Jovan Malcolm', 'Daniel Adshead', 'Oliver Hammond', 'Cameron Peupion', 'Max Harris']

Club: Cambridge United
['Ryan Bennett', 'Jordan Cousins', 'Paul Digby', 'Harrison Dunk', 'Adam May', 'Danny Andrew', 'Liam Bennett', 'James Brophy', 'Gassan Ahadme', 'Sullay Kaikai', 'Michael Morrison', 'Jubril Okedina', 'George Thomas', 'Zeno Ibsen Rossi', 'Jack Lankester', 'Fejiri Okenabirhie', 'Jack Stevens', 'Brandon Haunstrup', 'Elias Kachunga', 'Saikou Janneh', 'Will Mannion', 'Lewis Simper', 'James Holden', 'Glenn McConnell', 'Mamadou Jobe']




League(id=56, name=Allsvenskan, nationality=Sweden, clubs=6)
Club: Malmö FF
['Anders Christiansen', 'Pontus Jansson', 'Sergio Peña', 'Niklas Moisander', 'Lasse Berg Johnsen', 'Sebastian Jørgensen', 'Isaac Kiese Thelin', 'Anton Tinnerholm', 'Stefano Vecchia', 'Oliver Berg', 'Johan Dahlin', 'Oscar Lewicki', 'Taha Abdi Ali', 'Derek Cornelius', 'Ismael Diawara', 'Sebastian Nanasi', 'Mahamé Siby', 'Martin Olsson', 'Joseph Ceesay', 'Søren Rieks', 'Jonas Knudsen', 'Otto Rosengren']

Club: BK Häcken
['Mikkel Rygaard', 'Samuel Gustafson', 'Even Hovland', 'Aiham Ousou', 'Amor Layouni', 'Simon Gustafson', 'Peter Abrahamsson', 'Ishaq Abdulrazak', 'Johan Hammar', 'Jacob Barrett Laursen', 'Edward Chilufya', 'Ola Kamara', 'Valgeir Lunddal', 'Tobias Sana', 'Simon Sandberg', 'Blair Turgott', 'Tomas Totland', 'Romeo Amane', 'Kadir Hodžić', 'Johan Brattberg', 'Ali Youssef', 'Pontus Dahbo', 'Momodou Lamin Sonko', 'Filip Trpcevski', 'Sebastian Banozic']

Club: AIK
['Kristoffer Nordfeldt', 'Alexander Milošević', 'Mads Døhr Thychosen', 'Benjamin Hansen', 'John Guidetti', 'Erick Otieno', 'Anton Salétros', 'Rui Modesto', 'Abdussalam Magashy', 'Sotirios Papagiannopoulos', 'Axel Björnström', 'Samuel Brolin', 'Jimmy Durmaz', 'Aboubakar Keita', 'Omar Faraj', 'Jetmir Haliti', 'Budimir Janošević', 'Zachary Elbouzedi', 'Benjamin Kimpioka', 'Abdihakin Ali', 'Victor Andersson', 'Taha Ayari', 'Alexander Fesshaie']

Club: IFK Göteborg
['Marcus Berg', 'Gustav Svensson', 'Anders Trondsen', 'Emil Salomonsson', 'Oscar Wendt', 'Arbnor Mucolli', 'Johan Bångsbo', 'Adam Carlén', 'Pontus Dahlberg', 'Sebastian Eriksson', 'Sebastian Hausner', 'Sebastian Ohlsson', 'Suleiman Abdullahi', 'Hussein Carneil', 'Eman Marković', 'Gustaf Norlin', 'Thomas Santos', 'Lucas Kåhed', 'Adam Ingi Benediktsson', 'Abundance Salaou']

Club: IF Elfsborg
['Sebastian Holmén', 'Johan Larsson', 'Simon Hedlund', 'Niklas Hult', 'Jeppe Okkels', 'Per Frick', 'Michael Baidoo', 'Alexander Bernhardsson', 'Gustav Henriksson', 'Maudo Lamine Jarjué', 'Hakon Valdimarsson', 'Emmanuel Boateng', 'Sveinn Aron Guðjohnsen', 'Tim Rönning', 'André Boman', 'Jens Jakob Thomasen', 'Andri Fannar Baldursson', 'Buhari Ibrahim', 'Noah Söderberg', 'Ahmed Qasem', 'Timothy Noor Ouma', 'Viktor Widell', 'Besfort Zeneli']

Club: Brommapojkarna
['Jesper Löfgren', 'Alex Timossi Andersson', 'Leonard Zuta', 'Alexander Jensen', 'Oscar Pettersson', 'Amadeus Sögaard', 'André Calisir', 'Ludvig Fritzson', 'Tim Waker', 'Kevin Ackermann', 'Marijan Cosic', 'Nikola Vasic', 'Alexander Abrahamsson', 'Torbjørn L. Heggem', 'Monir Jelassi', 'Lucas Hägg Johansson', 'Gustav Sandberg Magnusson', 'Wilmer Odefalk', 'Zeidane Inoussa', 'Alexander Johansson', 'Otega Ekperuoh']




League(id=2012, name=Super League, nationality=China PR, clubs=7)
Club: Shandong Taishan
['Moisés', 'Marouane Fellaini', 'Cryzan', 'Jadson', 'Fei Nanduo', 'Wang Dalei', 'Liu Binbin', 'Shi Ke', 'Zheng Zheng', 'Ji Xiang', 'Liu Yang', 'Wang Tong', 'Huang Zhengyu', 'Chen Pu', 'Han Rongze', 'Liao Lisheng', 'Matheus Pato', 'Zhang Chi', 'Hu Jinghang', 'Song Long', 'Tong Lei', 'Li Yuanyi', 'Sun Guowen', 'Li Hailong', 'Liu Shibo', 'Zhao Jianfei', 'Mijit Mewlan']

Club: Shanghai Port
['Oscar', 'Jiang Guangtai', 'Matías Vargas', 'Wu Lei', 'Yan Junling', 'Lucas João', 'Markus Pink', 'Issa Kallon', 'Zhang Linpeng', 'Li Shuai', 'Cai Huikang', 'Li Ang', 'Wang Shenchao', 'Lü Wenjun', 'Chen Binbin', 'Muzepper Mirahmetjan', 'Wei Zhen', 'Li Shenglong', 'Du Jia', 'Xu Xin', 'Yang Shiyuan', 'Yu Hai', 'Chen Wei', 'Li Shenyuan', 'Liu Zhurun', 'Zhang Huachen', 'Halik Abraham', 'Xiang Rongjun']

Club: Shanghai Shenhua
['Christian Bassogog', 'Cao Yunding', 'João Teixeira', 'Cephas Malele', 'Wu Xi', 'Ibrahim Amadou', 'Jiang Shenglong', 'Zhu Chenjie', 'Aidi Fulangxisi', 'Ma Zhen', 'Dai Weijun', 'Macario Hing-Glover', 'Yu Hanchao', 'Wang Haijian', 'Cui Lin', 'Jin Yangyang', 'Xu Haoyang', 'Liu Ruofan', 'Wen Jiabao', 'Xu Yougang', 'Bao Yaxiong', 'Yang Zexiang', 'He Longhai', 'Zhang Wei', 'Zhou Junchen', 'Fei Ernanduo', 'Wang Junqiang', 'Zhou Zhengkai']

Club: Beijing Guoan
['Michael Ngadeu', 'Fábio Abreu', 'Kang Sang Woo', 'Zhang Yuning', 'Li Lei', 'Yang Liyu', 'Zhang Xizhe', 'Li Ke', 'Piao Cheng', 'Wang Gang', 'Yu Dabao', 'Zhang Chengdong', 'Chi Zhongguo', 'Wang Ziming', 'Han Jiaqi', 'Bai Yang', 'Hou Sen', 'Zhang Yuan', 'Zou Dehai', 'Feng Boxuan', 'Gao Tianyi', 'Muhmet Nebijan', 'Liang Shaowen', 'Fang Hao', 'Ruan Qilong', 'Gao Jian', 'Yan Yu']

Club: Changchun Yatai
['Serginho', 'Tan Long', 'Peter Žulj', 'Jores Okore', 'Wang Jinxian', 'Wu Yake', 'Liu Yun', 'Bi Jinhao', 'Yi Teng', 'Abduhamit Abdugheni', 'Cao Yongjing', 'Yuan Mincheng', 'Zhang Yufeng', 'Sabit Abdusalam', 'Liao Chengjian', 'Wang Zhifeng', 'Li Hong', 'Zhang Li', 'Cui Qi', 'Cheng Changcheng', 'He Zhenyu', 'Yan Zhiyu', 'Lu Ning', 'Tian Yuda', 'Feng Shuaihang', 'Memet-Raim Memet-Ali', 'Shi Lishan', 'He Yiran']

Club: Qingdao Hainiu
['Felicio Brown Forbes', 'Evans Kangwa', 'Elvis Sarić', 'Aleksandar Andrejević', 'Liu Junshuai', 'Peng Xinli', 'Feng Jin', 'Zhang Wei', 'Wang Jianming', 'Zheng Long', 'Zhong Jinbao', 'Ma Xingyu', 'Long Wei', 'Mu Pengfei', 'Song Wenjie', 'Xu Dong', 'Jiang Ning', 'Liu Zhenli', 'Liu Jiashen', 'Xu Yang', 'Chen Chunxin', 'Sha Yibo', 'Hu Ming', 'Liu Chaoyang', 'Fu Yuncheng', 'Wang Hao', 'Hao Haiyi', 'Liu Jun']

Club: Meizhou Hakka
['Rade Dugalić', 'Yin Hongbo', 'Nebojša Kosović', 'Rodrigo Henrique', 'Liao Junjian', 'Rao Weihui', 'Cheng Yuelei', 'Wang Wei', 'Pan Ximing', 'Shi Liang', 'Chen Zhechao', 'Guo Quanbo', 'Ye Chugui', 'Yin Congyao', 'Yang Yihu', 'Cui Wei', 'Li Yongjia', 'Yang Chaosheng', 'Yang Yilin', 'Yao Daogang', 'Chen Jie', 'Wen Junjie', 'Li Junfeng', 'Mai Gaolin', 'Deng Xiongtao', 'Li Junfeng', 'Jin Liangkuan']




League(id=337, name=Primera División, nationality=Paraguay, clubs=5)
Club: Libertad
['Alexander Barboza', 'Martín Silva', 'Lorenzo Melgarejo', 'Bautista Merlini', 'Iván Piris', 'Diego Viera', 'Héctor Villalba', 'Óscar Cardozo', 'Roque Santa Cruz', 'Antonio Bareiro', 'Luis Cardozo', 'Hugo Martínez', 'Iván Ramírez', 'Hernesto Caballero', 'Matías Espinoza', 'William Mendieta', 'Cristian Riveros', 'Álvaro Campuzano', 'Néstor Giménez', 'Lucas Sanabria', 'Rubén Lezcano', 'Rodrigo Morínigo', 'Adrián Alcaraz', 'Iván Flores', 'Marcelo Fernández', 'Ángel González']

Club: Olimpia
['Derlis González', 'Alejandro Silva', 'Gastón Olveira', 'Richard Ortiz', 'Facundo Bruera', 'Brian Montenegro', 'Antolín Alcáraz', 'Sergio Otálvaro', 'Víctor Salazar', 'Juan Espínola', 'Saúl Salcedo', 'Mateo Gamarra', 'Iván Torres', 'Walter González', 'Fernando Cardozo', 'Hugo Fernández', 'Marcos Gómez', 'Ramón Martínez', 'Facundo Zabala', 'Orlando Barreto', 'Guillermo Paiva', 'Hugo Quintana', 'Luis Zárate', 'Jhohan Romaña', 'Sebastián Quintana', 'Allan Wlk', 'Diego Torres', 'Juan Manuel Romero']

Club: Guaraní
['Néstor Camacho', 'Facundo Barceló', 'José Moya', 'Rubén Darío Ríos', 'Federico Santander', 'Elías Sarquis', 'Gastón Gil Romero', 'Miguel Ángel Benítez', 'Luis Fariña', 'Rodrigo Muñoz', 'Rodrigo Amarilla', 'Martín Rodríguez', 'Romeo Benítez', 'Raúl Cáceres', 'Alexis Cantero', 'David Gallardo', 'Luis Gilberto Martínez', 'Thiago Servín', 'Fernando Román', 'Gustavo Vargas', 'Estivel Moreira', 'Víctor Rivarola', 'Brahian Fernández', 'Ángel Sánchez Chávez']

Club: Cerro Porteño
['Jean', 'Federico Carrizo', 'Rafael Carrascal', 'Fernando Fernández', 'Robert Piris Da Motta', 'Diego Churín', 'Enzo Giménez', 'Miguel Ángel Martínez', 'Damián Bobadilla', 'Eduardo Brock', 'Wilder Viera', 'Daniel Rivas', 'Junior Noguera', 'José Miers', 'Juan José Giménez', 'Alan Nuñez']

Club: Tacuary
['Óscar Ruiz', 'Ezequiel Alfonso', 'Luis Cabral', 'Alexis Fernández', 'Marcelo Paredes', 'Rodney Pedrozo', 'Derlis Rodríguez', 'Matías Verdún', 'Ronal Domínguez', 'Jorge González', 'Luís Mario Martínez', 'Aldo Bareiro', 'Valdeci', 'Edgar Ramón Benítez', 'Gustavo Medina', 'Javier Vallejos', 'Diego Huesca']




League(id=54, name=La Liga 2, nationality=Spain, clubs=21)
Club: RCD Espanyol
['Martin Braithwaite', 'Pere Milla', 'Brian Oliván', 'Puado', 'Keidi Bare', 'Edu Expósito', 'Pacheco', 'Leandro Cabrera', 'Calero', 'Óscar Gil', 'Sergi Gómez', 'Nico Melamed', 'Lazo', 'Pol Lozano', 'Salvi Sánchez', 'José Gragera', 'Jofre Carreras', 'Omar El Hilali', 'Fortuño', 'Joan García', 'Gori', 'Pau Casadesús', 'Recasens', 'Tan Kaiyuan']

Club: Real Valladolid CF
['Jordi Masip', 'Joni Montiel', 'Kenedy', 'Javi Sánchez', 'Escudero', 'Monchu', 'Luis Pérez', 'Iván Sánchez', 'De La Hoz', 'Mickaël Malsa', 'Marcos André', 'Anuar', 'Mamadou Sylla', 'Meseguer', 'Gustavo Henrique', 'Flavien-Enzo Boyomo', 'Stanko Jurić', 'Lucas Rosa', 'Raúl Moro', 'Salazar']

Club: Elche CF
['Edgar Badia', 'Fidel', 'Bigas', 'Clerc', 'Sergio León', 'Óscar Plano', 'Josan', 'Tete Morente', 'Mario Gaspar', 'Raúl Guti', 'Lautaro Blanco', 'Nicolás Fernández', 'Diego González', 'Nicolás Castro', 'Aleix Febas', 'Carreira', 'Álex Martín', 'Salinas', 'John Donald', 'Borja Garcés', 'Cris Salvador', 'San Román', 'Mourad Daoudi El Ghezouani', 'Jesús López']

Club: SD Eibar
['Sergio Álvarez', 'Stoichkov', 'Unai Vencedor', 'Aketxe', 'Arbilla', 'Corpas', 'Frederico Venâncio', 'Yoel', 'Álvaro Tejero', 'Konrad de la Fuente', 'Quique', 'Matheus Pereira', 'Jon Bautista', 'Berrocal', 'Rober Correa', 'Yanis Rahmani', 'Mario Soriano', 'Luca Zidane', 'Ríos Reina']

Club: Levante UD
['Alex Muñoz', 'Mohamed Bouldini', 'Rúben Vezo', 'Pablo Martínez', 'Brugui', 'De La Fuente', 'Postigo', 'Cantero', 'Joan Femenías', 'Dani Gómez', 'Sergio Lozano', 'Oriol Rey', 'Algobia', 'Rober Ibáñez', 'Óscar Clemente', 'Giorgi Kochorashvili', 'Iván Romero', 'Álex Blesa', 'Hugo Redón']

Club: Real Zaragoza
['Cristian Álvarez', 'Jair Amador', 'Francés', 'Manu Vallejo', 'Toni Moya', 'Sergi Enrich', 'Sinan Bakış', 'Bermejo', 'Fran Gámez', 'Jaume Grau', 'Lluís López', 'Mollejo', 'Marc Aguado', 'Iván Azón', 'Maikel Mesa', 'Quentin Lecoeuche', 'Santiago Mouriño', 'Carlos Nieto', 'Gaëtan Poussin', 'Valera', 'Francho Serrano', 'Daniel Rebollo']

Club: CD Tenerife
['Enric Gallego', 'Roberto López', 'Nacho', 'Ángel', 'Juan Soriano', 'Yann Bodiger', 'Jérémy Mellot', 'Aitor Sanz', 'José Amo', 'Àlex Corredera', 'Mohammed Dauda', 'Waldo', 'Nikola Šipčić', 'Elady', 'Aitor Buñuel', 'Sergio González', 'José León', 'Javi Alonso', 'Teto', 'Tomeu Nadal', 'Romero', 'Moha Ramos', 'Ethyan', 'Medrano', 'Loïc Williams', 'Dylan Perera']

Club: Real Oviedo
['Dani Calvo', 'David Costas', 'Jaime Seoane', 'Camarasa', 'Paulino', 'Lucas Ahijado', 'Viti Rozada', 'Borja Bastón', 'Romario Ibarra', 'Rodri Tarín', 'Quentin Braat', 'Abel Bretones', 'Leo Román', 'Mario Hernández', 'Sebas Moyano', 'Luismi', 'Alex Millán', 'Pomares', 'Jimmy', 'Oier Luengo', 'Yayo', 'Álex Cardero', 'Marco Suárez', 'Lucas Laso', 'Osky']

Club: Racing Santander
['Clément Grenier', 'Germán', 'Iñigo Vicente', 'Lago Júnior', 'Saúl', 'Rubén Alves', 'Andrés Martín', 'Ezkieta', 'Miquel Parera', 'Jorge Pombo', 'Íñigo Sainz-Maza', 'Ekain', 'Aldasoro', 'Dani Fernández', 'Pol Moreno', 'Marco Sangalli', 'Arana', 'Mantilla', 'Iván Morante', 'Peque', 'Yeray', 'Germán Fernández', 'Dani González']

Club: Albacete BP
['Manu Fuster', 'Jonathan Silva', 'Toni Datković', 'Quiles', 'Juanma García', 'Alvaro Rodríguez', 'Glauder', 'Higinio', 'Olaetxea', 'Riki', 'Samuel Shashoua', 'Julio Alonso', 'Carlos Isaac', 'Ros', 'Bernabé', 'Agus Medina', 'Mohamed Djetei', 'Dani Escriche', 'Diego Johannesson', 'Altube', 'Maestre', 'Pedro Benito', 'Pacheco']

Club: Burgos CF
['Caro', 'Curro Sánchez', 'Córdoba', 'Elgezabal', 'Fer Niño', 'Atienza', 'Álex Bermejo', 'Andy', 'José Matos', 'Raúl Navarro', 'Dani Ojeda', 'Edu Espiau', 'Miki Muñoz', 'Grego Sierra', 'Kévin Appin', 'Loïc Badiashile', 'López-Pinto', 'Ander Martín', 'Borja González', 'del Cerro']

Club: FC Cartagena
['Alcalá', 'Raúl Lizoain', 'Jairo', 'Gonzalo Verdú', 'Damián Musto', 'Kiko Olivas', 'Mikel Rico', 'Jony', 'Iván Calero', 'David Ferreiro', 'José Fontán', 'Marc Martínez', 'Juan Carlos', 'Úmaro Embaló', 'Juan José Narváez', 'Ortuño', 'Hector Hevel', 'Tomás Alarcón', 'Lautaro', 'Isak Jansson', 'Luis Muñoz', 'Dani Albiar', 'Jony Álamo', 'Arnau Solà']

Club: SD Huesca
['Pulido', 'Álvaro', 'Óscar Sielva', 'Gerard Valentín', 'Javi Martínez', 'Iván Martos', 'Loureiro', 'Juanjo Nieto', 'Jovanny Bolívar', 'Joaquín', 'Samuel Obeng', 'Juan Pérez', 'Jérémy Blasco', 'Kento Hashimoto', 'Aboubakary Kanté', 'Enzo Lombardo', 'Javi Mier', 'Hugo Vallejo', 'Rubén Pulido', 'Vilarrasa', 'Álex Balboa', 'Berto Hórreo', 'Kortajarena', 'Rafa Tresaco', 'David García', 'Manu Rico']

Club: CD Leganés
['Allan-Roméo Nyom', 'Jorge Miramón', 'Miguel', 'Dani Raba', 'Yvan Neyou', 'Seydouba Cisse', 'Undabarrena', 'Sergio', 'Darío Poveda', 'Jorge Sáenz', 'Josema', 'Julián Chicco', 'Franquesa', 'Ureña', 'Dani Jiménez', 'Luis Perea', 'Arambarri', 'Diego Conde', 'Diyaeddine Abzi', 'Diego García', 'Naim García', 'Issa Fomba', 'Lalo Aguilar', 'Javi Garrido']

Club: FC Andorra
['Nicolás Ratti', 'Christos Albanis', 'Sergi Samper', 'Diego Alende', 'Anderson Arroyo', 'Dani Martín', 'Sergio Molina', 'José Marsà', 'Aurélien Scheidler', 'Diego Pampín', 'Vilanova', 'Ruben Bover', 'Iván Gil', 'Lobete', 'Álex Pastor', 'Migue Leal', 'Álex Petxa', 'Iker Benito', 'Jandro Orellana', 'Martí Vilà', 'Laorent Shabani', 'Marc Bombardó']

Club: CD Eldense
['Álex Martínez', 'Marc Mateu', 'Timor', 'Derick Poloni', 'Florin Andone', 'Chapela', 'Eddie Salcedo', 'Vallejo', 'Zubiaurre', 'Juanto Ortuño', 'Soberón', 'Aceves', 'Marc-Olivier Doué', 'Álex Bernal', 'Carlos Hernández', 'Pedro Capó', 'Miguel Marí']

Club: AD Alcorcón
['Yan Brice Eteki', 'Jean-Sylvain Babin', 'Mosquera', 'Chema', 'Víctor García', 'Álex López', 'Chiki', 'Juanma Bravo', 'Álvaro Bustos', 'Jesús Ruiz', 'Javi Castro', 'Jacobo', 'Javi Lara', 'Juan Artola', 'Iago López', 'Morillas', 'Koldo Obieta']

Club: Racing de Ferrol
['Cantero', 'Álvaro Giménez', 'Álex López', 'Iker Losada', 'Josep Señé', 'Sabin Merino', 'Nacho', 'Enrique Clemente', 'Moi Delgado', 'Delmás', 'Manu Justo', 'Fran Manzanara', 'Emilio Bernad', 'Jon García', 'Gianfranco Gazzaniga', 'Chuca', 'Héber Pena', 'Cubero']

Club: CD Mirandés
['Miguel Baeza', 'Rubén Sánchez', 'Barbu', 'Diego Moreno', 'Tachi', 'Nikita Iosifov', 'Javi Martón', 'Gabri Martínez', 'Álvaro Sanz', 'Verdasca', 'Alcedo', 'Ramón Juan', 'Mathis Lachuer', 'Pablo Tomeo', 'Luis López', 'Sergio Barcia', 'Iago Domínguez', 'Alan Godoy']

Club: SD Amorebieta
['Etxeita', 'Eraso', 'Jon Morcillo', 'Pep Gayà', 'Lasure', 'Erik Morán', 'Jorge Mier', 'Rayco', 'Iker Seguín', 'Avilés', 'Ryan Edwards', 'Manu Hernando', 'Magunagoitia', 'Àlex Carbonell', 'Unai Marino', 'Félix', 'Pablo Cuñat']

Club: Villarreal CF B
['Del Moral', 'Dani Tasende', 'Altimira', 'Carlo Adriano', 'Ontiveros', 'Collado', 'Iker Álvarez', 'Andrés Ferrari', 'Pablo Iñiguez', 'Miguel Morro', 'Carlos Romero', 'Lanchi', 'Abraham', 'Rodri Alonso', 'Fabio Blanco', 'Tiago José Geralnik', 'Espigares', 'Alex Forés', 'Gelardo', 'Hugo Pérez', 'Jordi Ortega']




League(id=332, name=Premier League, nationality=Ukraine, clubs=2)
Club: Dynamo Kyiv
['Mykola Shaparenko', 'Vitaliy Buyalskyi', 'Georgiy Bushchan', 'Andriy Yarmolenko', 'Denys Popov', 'Oleksandr Karavaev', 'Volodymyr Shepelev', 'Oleksandr Tymchyk', 'Oleksandr Syrota', 'Vladyslav Dubinchak', 'Vladyslav Vanat', 'Oleksandr Andrievskyi', 'Vladyslav Kabaev', 'Benito', 'Ruslan Neshcheret', 'Kristian Bilovar', 'Volodymyr Brazhko', 'Anton Tsarenko', 'Maksym Dyachuk', 'Kaheem Parris', 'Kostyantyn Vivcharenko', 'Samba Diallo', 'Denys Ignatenko', 'Navin Malysh', 'Valentyn Morgun', 'Reshat Ramadani', 'Nazar Voloshyn']

Club: Shakhtar Donetsk
['Taras Stepanenko', 'Yaroslav Rakitskyi', 'Mykola Matviienko', 'Artem Bondarenko', 'Heorhii Sudakov', 'Lassina Traoré', 'Oleksandr Zubkov', 'Valeriy Bondar', 'Dmytro Riznyk', 'Dmytro Chyhrynskyi', 'Yukhym Konoplia', 'Maryan Shved', 'Danylo Sikan', 'Giorgi Gocholeishvili', 'Oleksiy Kaschuk', 'Dmytro Kryskiv', 'Pedrinho', 'Kevin Kelsy', 'Yehor Nazaryna', 'Eguinaldo', 'Stav Lemkin', 'Newerton', 'Dmytro Topalov', 'Denil Castillo', 'Oleg Ocheretko', 'Bohdan Viunnyk', 'Tymur Puzankov']




League(id=336, name=Liga BetPlay, nationality=Colombia, clubs=4)
Club: Millonarios
['Álvaro Montero', 'Leonardo Castro', 'David Silva', 'Daniel Cataño', 'Andrés Llinás', 'Daniel Giraldo', 'Elvis Perlaza', 'Juan Pablo Vargas', 'Larry Vásquez', 'Jorge Arias', 'Omar Bertel', 'Juan Carlos Pereira', 'Fernando Uribe', 'Stiven Vega', 'Oscar Vanegas', 'Jader Valencia', 'Yuber Quiñones', 'Édgar Guerra', 'Juan Moreno', 'Alex Moreno Paz', 'Andrés Murillo', 'Kliver Moreno', 'Ricardo Rosales', 'Samuel Asprilla', 'Luis Paredes', 'Dewar Victoria', 'Juan David Torres', 'Camilo Romero']

Club: Junior
['Carlos Bacca', 'Carlos Sierra', 'Luis González', 'Edwin Herrera', 'Fredy Hinestroza', 'Didier Moreno', 'Walmer Pacheco', 'Andrey Estupiñán', 'Vladimir Hernández', 'Léider Berrío', 'Omar Albornoz', 'Nilson Castrillón', 'Jefersson Martínez', 'Homer Martínez', 'Leider Berdugo', 'Jhon Vélez', 'Jaime Acosta']

Club: Deportes Tolima
['Junior Hernández', 'Jeison Lucumí', 'Julián Quiñónes', 'William Cuesta', 'Yeison Guzmán', 'Juan David Ríos', 'Facundo Boné', 'Juan Camilo Chaverra', 'Carlos Esparragoza', 'Diego Herazo', 'Eduardo Sosa', 'Cristian Vargas', 'Jeison Angulo', 'Anderson Angulo', 'Estéfano Arango', 'Léider Riascos', 'Juan Arboleda', 'Brayan Gil', 'Juan Nieto', 'Cristian Trujillo', 'Neto Volpi', 'Fabián Mosquera', 'Kevin Pérez', 'Álvaro Meléndez', 'Juan José Mera', 'Shean Paul Barbosa', 'Juan David Carabalí', 'Juan Rubiano', 'Santiago Gutierrez']

Club: Santa Fe
['Hugo Rodallega', 'José Aja', 'Dairon Mosquera', 'Iván Rojas', 'Fabián Sambueza', 'Christian Marrugo', 'Julián Millán', 'Fabián Viáfara', 'Harold Rivera', 'Juan Espitia', 'Fabio Delgado', 'Jersson González', 'Juan Daniel Roa', 'Jhojan Torres', 'David Ramírez Picsiotti', 'Omar Rodríguez', 'Carlos Alberto Moreno']




League(id=2076, name=3. Liga, nationality=Germany, clubs=20)
Club: Saarbrücken
['Richard Neudecker', 'Kasim Rabihic', 'Calogero Rizzuto', 'Patrick Sontheimer', 'Bjarne Thoelke', 'Boné Uaferro', 'Manuel Zeitz', 'Marcel Gaus', 'Julian Günther-Schmidt', 'Sebastian Jacob', 'Luca Kerber', 'Patrick Schmidt', 'Lukas Boeder', 'Tim Schreiber', 'Julius Biada', 'Dominik Becker', 'Kai Brünker', 'Tim Civeja', 'Simon Stehle', 'Fabio Di Michele Sanchez', 'Tim Paterok', 'Frederik Recktenwald', 'Andy Breuer']

Club: 1860 München
['Marco Hiller', 'Jesper Verlaat', 'Albion Vrenezi', 'Fynn Lakenmacher', 'Tim Rieder', 'Morris Schröter', 'Joël Zwarts', 'Julian Guttau', 'Niklas Lang', 'Phillipp Steinhart', 'Tarsis Bonga', 'Marlon Frey', 'Fabian Greilinger', 'Kilian Ludewig', 'Manfred Starke', 'Valmir Sulejmani', 'Niklas Tarnat', 'Eroll Zejnullahu', 'Leroy Kwadwo', 'David Richter', 'Kaan Kurt', 'Mansour Ouro-Tagba', 'Miloš Ćoćić', 'Michael Glück', 'Julius Schmid', 'Devin Sür', 'Tim Kloss']

Club: DSC Arminia Bielefeld
['Noah Joel Sarenren Bazee', 'Fabian Klos', 'Manuel Wintzheimer', 'Merveille Biankadi', 'Nicklas Shipnoski', 'Aygün Yıldırım', 'Semi Belkahia', 'Nassim Boujellab', 'Sam Schreck', 'Jonas Kersken', 'Christopher Lannert', 'Marius Wörl', 'Gerrit Gohlke', 'Can Özkan', 'Leandro Putaro', 'Leon Schneider', 'Maximilian Großer', 'Kaito Mizuta', 'Leo Oppermann', 'Louis Oppie', 'Tom Geerkens', 'Vladislav Cherny', 'Lucas Kiewitt', 'Henrik Koch', 'Jonah Busse', 'Henry Obermeyer']

Club: Dynamo Dresden
['Kevin Broll', 'Lucas Cueto', 'Niklas Hauptmann', 'Stefan Kutschke', 'Jonathan Meier', 'Robin Meißner', 'Paul Will', 'Lars Bünning', 'Stefan Drljača', 'Kevin Ehlers', 'Jakob Lewald', 'Kyrylo Melichenko', 'Manuel Schäffler', 'Tom Zimmerschied', 'Tobias Kraulich', 'Panagiotis Vlachodimos', 'Dennis Borkowski', 'Claudio Kammerknecht', 'Jakob Lemmer', 'Park Kyu Hyun', 'Jan Shcherbakovski', 'Luca Herrmann', 'Jong-min Seo', 'Jonas Oehmichen', 'Paul Lehmann', 'Erik Herrmann']

Club: SV Sandhausen
['Rouwen Hennings', 'Dennis Diekmeier', 'Tim Knipping', 'Sebastian Stolze', 'Alexander Mühling', 'David Otto', 'Luca Zander', 'Yassin Ben Balla', 'Christoph Ehlich', 'Franck Evina', 'Alexander Fuchs', 'Timo Königsmann', 'Tim Maciejewski', 'Nikolai Rehnen', 'Lion Schuster', 'Abu Bekir Ömer El Zein', 'Felix Göttlicher', 'Joe-Joe Richardson', 'Max Geschwill', 'Daniel Klein', 'Lucas Laux', 'Richard Meier', 'Livan Burcu', 'Dennis Egel']

Club: Viktoria Köln
['Bryan Henning', 'Lars Dietz', 'Simon Handle', 'Patrick Koronkiewicz', 'Luca Marseiler', 'Michael Schultz', 'Ben Voll', 'Jeremias Lorch', 'André Becker', 'Moritz Fritz', 'Christoph Greger', 'Florian Heister', 'Niklas May', 'Valdrin Mustafa', 'David Philipp', 'Stefano Russo', 'Seok-ju Hong', 'Suheyel Najar', 'Elias Bördner', 'Kevin Rauhut', 'Donny Bogicevic', 'Jonah Sticker', 'Kaden Amaniampong', 'Florian Engelhardt', 'David Kubatta', 'Luca de Meester']

Club: FC Ingolstadt 04
['Lukas Fröde', 'Simon Lorenz', 'Ryan Malone', 'Marcel Costly', 'Leon Guwara', 'Pascal Testroet', 'Yannick Deichmann', 'Maximilian Dittgen', 'Tobias Schröck', 'Marius Funk', 'David Kopacz', 'Moritz Seiffert', 'Daouda Beleme', 'Benjamin Kanuric', 'Bryang Kayo', 'Arian Llugiqi', 'Jannik Mause', 'Donald Nduka', 'Mladen Cvjetinovic', 'Felix Keidel', 'Markus Ponath', 'Thomas Rausch', 'Maurice Dehler', 'David Udogu', 'Jeroen Krupa']

Club: FC Erzgebirge Aue
['Martin Männel', 'Marvin Stefaniak', 'Marcel Bär', 'Kilian Jakob', 'Maximilian Thiel', 'Anthony Barylla', 'Korbinian Burger', 'Tim Danhof', 'Steffen Nkansah', 'Linus Rosenlöcher', 'Marco Schikora', 'Borys Tashchy', 'Erik Majetschak', 'Mirnes Pepić', 'Omar Sijarić', 'Ramzi Ferjani', 'Joshua Schwirten', 'Tim Kips', 'Louis Lord', 'Sean Seitz', 'Niko Vukancic', 'Luc Thomas Elsner', 'Franco Schädlich', 'Steffen Meuer', 'Finn Hetzsch']

Club: Rot-Weiss Essen
['Felix Götze', 'Vinko Sapina', 'Isaiah Young', 'Felix Bastians', 'Ron Berlinski', 'Andreas Wiegel', 'Moussa Doumbouya', 'Thomas Eisfeld', 'Jakob Golz', 'José-Enrique Ríos Alonso', 'Björn Rother', 'Lucas Brumme', 'Cedric Harenbrock', 'Aaron Manu', 'Torben Müsel', 'Marvin Obuz', 'Sandro Plechaty', 'Leonardo Vonić', 'Ekin Celebi', 'Ole Springer', 'Eric Voufack', 'Felix Wienand', 'Fabian Rüth', 'Mustafa Kourouma', 'Nils Kaiser', 'Sascha Voelcke']

Club: Jahn Regensburg
['Andreas Geipl', 'Benedikt Saller', 'Florian Ballas', 'Konrad Faber', 'Felix Gebhardt', 'Alexander Bittroff', 'Christian Viet', 'Dominik Kother', 'Robin Ziegele', 'Agyemang Diawusie', 'Elias Huth', 'Oscar Schönfelder', 'Alexander Weidinger', 'Niclas Anspach', 'Eric Hottmann', 'Louis Breunig', 'Rasim Bulić', 'Noel Eichinger', 'Tobias Eisenhuth', 'Noah Ganaus', 'Bryan Hein', 'Leon Cuk', 'Jannik Graf', 'Christian Schmidt']

Club: MSV Duisburg
['Vincent Müller', 'Sebastian Mai', 'Thomas Pledl', 'Marvin Bakalorz', 'Caspar Jander', 'Pascal Köpke', 'Joshua Bitter', 'Rolf Feltscher', 'Benjamin Girth', 'Niklas Kölle', 'Kolja Pusch', 'Marvin Senger', 'Niclas Stierlin', 'Alaa Bakir', 'Tobias Fleckstein', 'Marvin Knoll', 'Dennis Smarsch', 'Maximilian Braune', 'Chinedu Ekene', 'Baran Mogultay', 'Phillip König', 'Jonas Michelbrink', 'Tim Köther', 'Hamza Anhari', 'Santiago Castaneda']

Club: VfB Lübeck
['Hanno Behrens', 'Pascal Breier', 'Philipp Klewin', 'Tommy Grupe', 'Ulrich Taffertshofer', 'Felix Drinkuth', 'Florian Egerer', 'Marius Hauptmann', 'Cyrill Akono', 'Mirko Boland', 'Manuel Farrona Pulido', 'Robin Kölle', 'Jannik Löhden', 'Sören Reddemann', 'Janek Sternberg', 'Marvin Thiel', 'Tarik Gözüsirin', 'Kimmo Hovi', 'Niklas Kastenhofer', 'Florian Kirschke', 'Morten Rüdiger', 'Jan-Marc Schneider', 'Leon Sommer', 'Robin Velasco', 'Mattis Daube', 'Mats Facklam', 'Gavin Didzilatis']

Club: Hallescher FC
['Niklas Kreuzer', 'Dominic Baumann', 'Besar Halimi', 'Aljaž Casar', 'Jonas Nietfeld', 'Erich Berko', 'Tunay Deniz', 'Nico Hug', 'Niklas Landgraf', 'Sven Müller', 'Tom Baumgart', 'Andor Bolyki', 'Patrick Hasenhüttl', 'Meris Skenderović', 'Jannes Vollert', 'Timur Gayret', 'Lucas Halangk', 'Enrique Lofolomo', 'Jordi Wegmann', 'Henry Jon Crosthwaite', 'Julian Eitschberger', 'Moritz Schulze', 'Tim-Justin Dietrich', 'Matthew Meier', 'Luca Bendel']

Club: SC Verl
['Torge Paetow', 'Mael Corboz', 'Marcel Mehlem', 'Daniel Mikić', 'Lars Lokotsch', 'Maximilian Wolfram', 'Tom Baack', 'Nico Ochojski', 'Nicolás Sessa', 'Luca Unbehaun', 'Oliver Batista Meier', 'Patrick Kammerbauer', 'Tobias Knost', 'Tom Müller', 'Yari Otto', 'Michel Stöcker', 'Joscha Wosz', 'Marcel Benger', 'Barne Pernot', 'Robin Friedrich', 'Fabio Gruber', 'Nick Otto', 'Hendrik Mittelstädt', 'Gideon Guzy', 'Leon Nübel', 'Fabian Pekruhl']

Club: SV Waldhof
['Marcel Seegert', 'Kelvin Arase', 'Laurent Jans', 'Fridolin Wagner', 'Bentley Baxter Bahn', 'Jan-Christoph Bartels', 'Jonas Carls', 'Julian Riedel', 'Berkan Taz', 'Minos Gouras', 'Tim Sechelmann', 'Pascal Sohm', 'Angelo Gattermayer', 'Julian Rieckmann', 'Samuel Abifade', 'Jalen Hawkins', 'Charles-Jesaja Herrmann', 'Malte Karbstein', 'Per Lockl', 'Yann Mabella', 'Lucien Hawryluk', 'Malwin Zok', 'Luca Bolay', 'Kennedy Okpala']

Club: Preußen Münster
['Malik Batmaz', 'Marc Lorenz', 'Sebastian Mrowca', 'Rico Preißinger', 'Dominik Schad', 'Maximilian Schulze Niehues', 'Simon Scherder', 'Andrew Wooten', 'Yassine Bouchama', 'Joel Grodowski', 'Dennis Grote', 'Ogechika Heil', 'Thomas Kok', 'Benjamin Böckle', 'Alexander Hahn', 'Shaibou Oubeyapwa', 'Gerrit Wegkamp', 'Luca Bazzoli', 'Thorben Deters', 'Daniel Kyerewaa', 'Darius Ghindovean', 'Niko Koulis', 'Johannes Schenk', 'Marvin Benjamins', 'Roman Schabbing', 'Jano ter Horst']

Club: Borussia Dortmund II
['Michael Eberwein', 'Patrick Göbel', 'Franz Pfanne', 'Ayman Azhil', 'Guille Bueno', 'Julian Hettwer', 'Paul-Philipp Besong', 'Justin Butler', 'Rodney Elongo-Yombo', 'Prince Aning', 'Samuel Bamba', 'Falko Michel', 'Bjarne Pudel', 'Lion Semić', 'Mario Šuver', 'Tiago Estevão', 'Moses Otuali', 'Ted Tattermusch', 'Felix Irorere', 'Silas Ostrzinski', 'Franz Roggow', 'Hendry Blank', 'Dennis Lütke-Frie', 'Marian Kirsch']

Club: Unterhaching
['Raphael Schifferl', 'Markus Schwabl', 'Patrick Hobsch', 'René Vollath', 'Maximilian Welzmüller', 'Sebastian Maier', 'Simon Skarlatidis', 'Mathias Fetsch', 'Manuel Stiefler', 'Dennis Waidner', 'Josef Welzmüller', 'Boipelo Mashigo', 'Viktor Zentrich', 'Andreas Hirtlreiter', 'Fabian Scherger', 'Tizian Zimmermann', 'Leonard Grob']

Club: SSV Ulm 1846
['Christian Ortag', 'Johannes Reichert', 'Thomas Geyer', 'Nicolas Jann', 'Sascha Risch', 'Lucas Röser', 'Léo Scienza', 'Lamar Yarbrough', 'Dennis Chessa', 'Felix Higl', 'Lenn Jastremski', 'Andreas Ludwig', 'Philipp Maier', 'Bastian Allgeier', 'David Grözinger', 'Max Brandt', 'Tom Gaal', 'Moritz Hannemann', 'Romario Rösch', 'Lennart Stoll', 'Lukas Ahrend', 'Dennis De Sousa Oelsner', 'Julian Kudala', 'Tobias Rühle', 'Lorenz Otto', 'Marvin Seybold']

Club: SC Freiburg II
['Hamadi Al Ghaddioui', 'Mika Baur', 'Fabian Rüdlin', 'Sandrino Braun-Schumacher', 'Maximilian Breunig', 'Patrick Lienhard', 'Alexander Lungwitz', 'Niklas Sauter', 'Julian Stark', 'Oscar Wiklöf', 'Philip Fahrner', 'Guillaume Furrer', 'Sebastian Hornung', 'Lee Ji Han', 'Lukáš Ambros', 'Franci Bouebari', 'Felix Allgaier', 'Alessio Besio', 'Joel Bichsel', 'Davino Knappe', 'Andreas Vaher', 'Yann Sturm', 'Pascal Fallmann', 'Jaaso Jantunen', 'Laurin Mack', 'Johan Manzambi', 'Gabriel Pellegrino', 'Marco Wörner', 'Drew Murray']




League(id=16, name=Ligue 1, nationality=France, clubs=18)
Club: Paris Saint Germain
['Kylian Mbappé', 'Marquinhos', 'Gianluigi Donnarumma', 'Ousmane Dembélé', 'Keylor Navas', 'Achraf Hakimi', 'Lucas Hernández', 'Randal Kolo Muani', 'Milan Škriniar', 'Marco Asensio', 'Presnel Kimpembe', 'Nuno Mendes', 'Danilo Pereira', 'Fabián Ruiz', 'Manuel Ugarte', 'Vitinha', 'Gonçalo Ramos', 'Nordi Mukiele', 'Carlos Soler', 'Lee Kang In', 'Bradley Barcola', 'Hugo Ekitike', 'Sergio Rico', 'Warren Zaïre-Emery', 'Layvin Kurzawa', 'Arnau Tenas', 'Alexandre Letellier', 'Cher Ndour']

Club: Olympique de Marseille
['Jonathan Clauss', 'Geoffrey Kondogbia', 'Pierre-Emerick Aubameyang', 'Pau López', 'Chancel Mbemba', 'Valentin Rongier', 'Jordan Veretout', 'Renan Lodi', 'Samuel Gigot', 'Joaquín Correa', 'Pape Gueye', 'Leonardo Balerdi', 'Vitinha', 'Amine Harit', 'Azzedine Ounahi', 'Ismaïla Sarr', 'Rubén Blanco', 'Iliman Ndiaye', 'Michael Murillo', 'Bamo Meïté', 'Simon Ngapandouetnbu', 'François Mughe']

Club: RC Lens
['Brice Samba', 'Kevin Danso', 'Facundo Medina', 'Przemysław Frankowski', 'Salis Abdul Samed', 'Jonathan Gradit', 'Adrien Thomasson', 'Elye Wahi', 'Florian Sotoca', 'Ruben Aguilar', 'Angelo Fulgini', 'Massadio Haïdara', 'Deiver Machado', 'Andy Diouf', 'David Costa', 'Wesley Saïd', 'Jimmy Cabot', 'Faitout Maouassa', 'Morgan Guilavogui', 'Jean-Louis Leca', 'Wuilker Faríñez', 'Óscar Cortés', 'Neil El Aynaoui', 'Abdukodir Khusanov', 'Ayanda Sishuba', 'Ibrahima Baldé', 'Yannick Pandor']

Club: AS Monaco
['Wissam Ben Yedder', 'Youssouf Fofana', 'Folarin Balogun', 'Alexandr Golovin', 'Denis Zakaria', 'Mohamed Camara', 'Breel Embolo', 'Caio Henrique', 'Vanderson', 'Guillermo Maripán', 'Mohammed Salisu', 'Wilfried Singo', 'Gelson Martins', 'Krépin Diatta', 'Takumi Minamino', 'Myron Boadu', 'Ismail Jakobs', 'Eliot Matazo', 'Eliesse Ben Seghir', 'Philipp Köhn', 'Radosław Majecki', 'Chrislain Matsima', 'Maghnes Akliouche', 'Soungoutou Magassa', 'Yllan Okou', 'Yann Lienard']

Club: LOSC Lille
['Jonathan David', 'Benjamin André', 'Rémy Cabella', 'Samuel Umtiti', 'Lucas Chevalier', 'Ismaily', 'Tiago Djaló', 'Angel Gomes', 'Nabil Bentaleb', 'Bafodé Diakité', 'Edon Zhegrova', 'Adam Ounas', 'Akim Zedadka', 'Alexsandro Ribeiro', 'Gabriel Gudmundsson', 'Yusuf Yazıcı', 'Ivan Cavaleiro', 'Vito Mannone', 'Tiago Santos', 'Leny Yoro', 'Hákon Arnar Haraldsson', 'Ignacio Miramón', 'Adam Jakubech', 'Alan Virginius']

Club: Olympique Lyonnais
['Alexandre Lacazette', 'Anthony Lopes', 'Nicolás Tagliafico', 'Corentin Tolisso', 'Maxence Caqueret', 'Dejan Lovren', 'Clinton Mata', 'Duje Ćaleta-Car', 'Mama Baldé', 'Rayan Cherki', 'Sinaly Diomandé', 'Jeffinho', 'Tino Kadewere', 'Johann Lepenant', 'Henrique', 'Paul Akouokou', 'Ainsley Maitland-Niles', 'Ernest Nuamah', 'Saël Kumbedi', 'Skelly Alvero', 'Rémy Riou', 'Mohamed El Arouch', 'Diego Moreira', "Jake O'Brien", 'Mamadou Sarr', 'Achraf Laâziri']

Club: OGC Nice
['Gaëtan Laborde', 'Khéphren Thuram', 'Jean-Clair Todibo', 'Dante', 'Sofiane Diop', 'Terem Moffi', 'Hicham Boudaoui', 'Morgan Sanson', 'Jérémie Boga', 'Alexis Claude-Maurice', 'Jordan Lotomba', 'Youssouf Ndayishimiye', 'Romain Perraud', 'Pablo Rosario', 'Melvin Bard', 'Youcef Atal', 'Marcin Bułka', 'Alexis Beka Beka', 'Evann Guessand', 'Badredine Bouanani', 'Aliou Baldé', 'Antoine Mendy', 'Teddy Boulhendi']

Club: Stade Rennais FC
['Benjamin Bourigeaud', 'Nemanja Matić', 'Martin Terrier', 'Amine Gouiri', 'Steve Mandanda', 'Ludovic Blas', 'Enzo Le Fée', 'Baptiste Santamaria', 'Arthur Theate', 'Arnaud Kalimuendo', 'Warmed Omari', 'Adrien Truffert', 'Fabian Rieder', 'Gauthier Gallon', 'Christopher Wooh', 'Désiré Doué', 'Lorenz Assignon', 'Jeanuël Belocian', 'Guéla Doué', 'Geoffrey Lembet', 'Ibrahim Salah']

Club: Montpellier
['Téji Savanier', 'Jordan Ferri', 'Benjamin Lecomte', 'Christopher Jullien', 'Falaye Sacko', 'Joris Chotard', 'Maxime Estève', 'Wahbi Khazri', 'Arnaud Nordin', 'Dimitry Bertaud', 'Boubakar Kouyaté', 'Mamadou Sakho', 'Issiaga Sylla', 'Musa Al Tamari', 'Kelvin Yeboah', 'Théo Sainte-Luce', 'Akor Jerome Adams', 'Léo Leroy', 'Bećir Omeragić', 'Sacha Delaye', 'Enzo Tchato', 'Khalil Fayad', 'Belmin Dizdarević', 'Yanis Guermouche']

Club: FC Nantes
['Alban Lafont', 'Eray Cömert', 'Pedro Chirivella', 'Nicolas Pallois', 'Mostafa Mohamed', 'Moses Simon', 'Jean-Charles Castelletto', 'Fabien Centonze', 'Ignatius Ganago', 'Quentin Merlin', 'Florent Mollet', 'Samuel Moutoussamy', 'Ronaël Pierre-Gabriel', 'Moussa Sissoko', 'Douglas Augusto', 'Abdoul Kader Bamba', 'Marcus Coco', 'Marquinhos', 'Rémy Descamps', 'Matthis Abline', 'Jaouen Hadjam', 'Denis Petrić', "Yannis M'Bemba", 'Nathan Zézé', 'Joe-Loïc Affamah', 'Robin Voisine', 'Mohamed Achi', 'Stredair Appuah', 'Hugo Barbet']

Club: FC Lorient
['Yvon Mvogo', 'Romain Faivre', 'Laurent Abergel', 'Julien Laporte', 'Vincent Le Goff', 'Montassar Talbi', 'Bamba Dieng', 'Gédéon Kalulu', 'Jean-Victor Makengo', 'Benjamin Mendy', 'Aiyegun Tosin', 'Julien Ponceau', 'Alfred Gomis', 'Bonke Innocent', 'Igor Silva', 'Isaak Touré', 'Darlin Yongwa', 'Quentin Boisgard', 'Adrian Grbić', 'Théo Le Bris', 'Joel Mvuka', 'Formose Mendy', 'Siriné Doucouré', 'Ayman Kari', 'Dembo Sylla', 'Loris Mouyokolo', 'Pablo Pagis', 'Dominique Youfeigane']

Club: Stade de Reims
['Teddy Teuma', 'Junya Ito', 'Yunis Abdelhamid', 'Yehvann Diouf', 'Marshall Munetsi', 'Azor Matusiwa', 'Emmanuel Agbadou', 'Keito Nakamura', 'Thomas Foket', 'Joseph Okumu', 'Mohamed Daramy', 'Thibault De Smet', 'Maxime Busi', 'Reda Khadra', 'Amir Richardson', 'Ludovic Butelle', 'Amine Salama', 'Oumar Diakité', 'Alexandre Olliero', 'Valentin Atangana Edoa', 'Ibrahim Diakité', 'Joshua Wilson-Esbrand', 'Mamadou Diakhon', 'Fallou Fall']

Club: Strasbourg
['Matz Sels', 'Kévin Gameiro', 'Frédéric Guilbert', 'Sanjin Prcić', 'Gerzino Nyamsi', 'Ibrahima Sissoko', 'Jean-Eudes Aholou', 'Lucas Perrin', 'Eduard Sobol', 'Thomas Delaine', 'Jessy Deminguet', 'Ismaël Doukouré', 'Junior Mwanga', 'Abakar Sylla', 'Dilane Bakwa', 'Lebo Mothiba', 'Moïse Sahi', 'Saïdou Sow', 'Habib Diarra', 'Emanuel Emegha', 'Karol Fila', 'Marvin Senaya', 'Maxime Bastian', 'Alexandre Pierre', 'Alaa Bellaarouch']

Club: Stade Brestois 29
['Marco Bizot', 'Pierre Lees-Melou', 'Brendan Chardonnet', 'Romain Del Castillo', 'Jérémy Le Douaron', 'Hugo Magnetti', 'Jordan Amavi', 'Billal Brahimi', 'Lilian Brassier', 'Mahdi Camara', 'Kamory Doumbia', 'Kenny Lala', 'Bradley Locko', 'Jonas Martin', 'Steve Mounié', 'Mathias Pereira Lage', 'Martín Satriano', 'Julien Le Cardinal', 'Achraf Dari', 'Adrien Lebeau', 'Axel Camblan', 'Josué Escartin', 'Grégoire Coudert']

Club: Clermont Foot 63
['Johan Gastien', 'Mory Diaw', 'Maxime Gonalons', 'Neto Borges', 'Yohann Magnin', 'Maximiliano Caufriez', 'Grejohn Kyei', 'Andy Pelmard', 'Elbasan Rashani', 'Alidu Seidu', 'Bilal Boutobba', 'Muhammed Cham', 'Jim Allevinah', 'Florent Ogier', 'Komnen Andrić', 'Jérémie Bela', 'Habib Keïta', 'Mehdi Zeffane', 'Yoël Armougom', 'Aïman Maurer', 'Massamba Ndiaye', 'Cheick Oumar Konaté', 'Théo Borne']

Club: Toulouse FC
['Rasmus Nicolaisen', 'Stijn Spierings', 'Zakaria Aboukhlal', 'Thijs Dallinga', 'Mikkel Desler', 'Cristian Cásseres Jr', 'Gabriel Suazo', 'Álex Domínguez', 'Aron Dønnum', 'Niklas Schmidt', 'Logan Costa', 'Moussa Diarra', 'César Gelabert', 'Denis Genreau', 'Vincent Sierro', 'Frank Magri', 'Guillaume Restes', 'Yanis Begraoui', 'Ibrahim Cissoko', 'Warren Kamanzi', 'Mamady Bangré', 'Kévin Keben', 'Naatan Skyttä', 'Oliver Zandén', 'Junior Flemmings', 'Thomas Himeur', 'Kléri Serber', 'Bonota Traoré', 'Christian Mawissa Elebi']

Club: FC Metz
['Christophe Hérelle', 'Alexandre Oukidja', 'Ismaël Traoré', 'Matthieu Udol', 'Óscar Estupiñán', 'Fali Candé', 'Koffi Kouao', 'Habib Maïga', 'Benjamin Tetteh', 'Joel Asoro', 'Maxime Colin', 'Ablie Jallow', "Kévin N'Doram", 'Cheikh Sabaly', 'Marc-Aurèle Caillard', 'Danley Jean-Jacques', 'Kévin Van Den Kerkhof', 'Vagner', 'Guillaume Dietsch', 'Lamine Camara', 'Simon Elisor', 'Sami Lahssaini', "Jean N'Guessan", 'Warren Tchimbembé', 'Arthur Atta', 'Malick Mbaye', "Joseph N'Duquidi", 'Papa Amadou Diallo', 'Aboubacar Lô']

Club: Le Havre
['Daler Kuzyaev', 'Mohamed Bayo', 'Arthur Desmas', 'Oualid El Hajjam', 'Yoann Salmier', 'Christopher Operi', 'Arouna Sangante', 'Gautier Lloris', 'Loïc Négo', 'Nabil Alioui', 'Samuel Grandsir', 'Rassoul Ndiaye', 'Yassine Kechta', 'Issa Soumaré', 'Oussama Targhalline', 'Abdoulaye Touré', 'Josué Casimir', 'Mathieu Gorgelin', 'Nolan Mbemba', 'Emmanuel Sabbi', 'Aloïs Confais', 'Étienne Kinkoué', 'Antoine Joujou', 'Kandet Diawara', 'Cheick Doumbia', 'Simon Ebonog', 'Mohamed Koné', 'Steve Ngoura', 'Élysée Logbo', 'Mathéo Bodmer', 'Yoni Gomis']




League(id=2019, name=Primera Division, nationality=Venezuela, clubs=1)
Club: Metropolitanos
['Christian Larotonda', 'Jefre Vargas', 'Walter Araujo', 'Carlos Cermeño', 'Néstor Cova', 'Juan Mancín', 'Charlis Ortiz', 'Giancarlo Schiavone', 'Luis Annese', 'Darwin Gómez', 'Jhon Marchán', 'Tito Rojas', 'Irwin Antón', 'Francisco Bareiro', 'Leminger Bolívar', 'Steven Pabón', 'Angelo Lucena', 'José Luis Moreno', 'Ely Valderrey', 'Carlos Díaz', 'Christian Camarillo', 'Leonardo Pérez', 'Jayson Martínez', 'Giovanny Sequera']




League(id=68, name=Super Lig, nationality=Turkey, clubs=16)
Club: Galatasaray
['Lucas Torreira', 'Dries Mertens', 'Wilfried Zaha', 'Mauro Icardi', 'Fernando Muslera', 'Hakim Ziyech', 'Sacha Boey', 'Kerem Demirbay', 'Angeliño', 'Tanguy Ndombele', 'Victor Nelsson', 'Sérgio Oliveira', 'Kerem Aktürkoğlu', 'Abdülkerim Bardakçı', 'Davinson Sánchez', 'Cédric Bakambu', 'Tetê', 'Günay Güvenç', 'Kaan Ayhan', 'Barış Alper Yılmaz', 'Halil İbrahim Dervişoğlu', 'Kazımcan Karataş']

Club: Fenerbahçe
['Edin Džeko', 'Dominik Livaković', 'Dušan Tadić', 'Fred', 'Cengiz Ünder', 'Michy Batshuayi', 'Ferdi Kadıoğlu', 'Rodrigo Becão', 'Sebastian Szymański', 'Alexander Djiku', 'Ryan Kent', 'Luan Peres', 'Miguel Crespo', 'İrfan Can Kahveci', 'Joshua King', 'Lincoln', 'Miha Zajc', 'Emre Mor', 'Bright Osayi-Samuel', 'Serdar Aziz', 'Mert Müldür', 'İsmail Yüksek', 'Umut Nayir', 'Mert Hakan Yandaş', 'Samet Akaydın', 'İrfan Can Eğribayat', 'Jayden Oosterwolde', 'Bartuğ Elmaz']

Club: Beşiktaş
['Vincent Aboubakar', 'Gedson Fernandes', 'Rachid Ghezzal', 'Ante Rebić', 'Eric Bailly', 'Arthur Masuaku', 'Milot Rashica', 'Valentin Rosier', 'Mert Günok', 'Amir Hadžiahmetović', 'Cenk Tosun', 'Daniel Amartey', 'Omar Colley', 'Ersin Destanoğlu', 'Jean Onana', 'Salih Uçan', 'Onur Bulut', 'Jackson Muleka', 'Tayyip Sanuç', 'Tayfur Bingöl', 'Necip Uysal', 'Umut Meraş', 'Utku Yuvakuran']

Club: Trabzonspor
['Edin Višća', 'Uğurcan Çakır', 'Nicolas Pépé', 'Anastasios Bakasetas', 'Trezeguet', 'Joaquín', 'Taxiarchis Fountas', 'Mislav Oršić', 'Enis Bardhi', 'Dimitrios Kourbelis', 'Jens Stryger Larsen', 'Umut Bozok', 'Stefano Denswil', 'Abdülkadir Ömür', 'Paul Ebere Onuachu', 'Filip Benković', 'Batista Mendy', 'Berat Özdemir', 'Eren Elmalı', 'Rayyan Baniya', 'Umut Güneş', 'Hüseyin Türkmen', 'Mehmet Can Aydın', 'Tonio Teklić', 'Enis Destan', 'Göktan Gürpüz']

Club: Adana Demirspor
['Jonas Svensson', 'Younès Belhanda', 'Badou Ndiaye', 'Kévin Rodrigues', 'Andreaw Gravillon', 'Benjamin Stambouli', 'Dorukhan Toköz', 'Nani', 'Emre Akbaba', 'Ertaç Özbir', 'Arbër Zeneli', 'Yusuf Sarı', 'Babajide David Akintola', 'Yusuf Erdoğan', 'Semih Güler', 'Goran Karačić', 'Yusuf Barası', 'Abdurrahim Dursun', 'İsmail Çokçalış', 'Vedat Karakuş']

Club: İstanbul Başakşehir
['Emmanuel Dennis', 'Léo Duarte', 'Léo Dubois', 'Mehdi Abeid', 'Krzysztof Piątek', 'Deniz Türüç', 'Danijel Aleksić', 'Serdar Gürler', 'Edgar Ié', 'Berkay Özcan', 'Dimitrios Pelkas', 'Lucas Lima', 'Jerome Opoku', 'Volkan Babacan', 'Mahmut Tekdemir', 'Ömer Ali Şahiner', 'Muhammed Şengezer', 'Şener Özbayraklı', 'Philippe Paulin Keny', 'Cemali Sertel', 'Emirhan İlkhan']

Club: Samsunspor
['Flavien Tait', 'Ercan Kara', 'Landry Dimata', 'Emre Kılınç', 'Olivier Ntcham', 'Moryké Fofana', 'Carlo Holse', 'Rick van Drongelen', 'Youssef Aït Bennasser', 'Taylan Antalyalı', 'Nanu', 'Ľubomír Šatka', 'Kingsley Schindler', 'Soner Aydoğdu', 'Marc Bola', 'Okan Kocuk', 'Gaëtan Laura', 'Marius Mouandilmadji', 'Muhammed Gümüşkaya', 'Jakub Szumski', 'Zeki Yavru', 'Osman Çelik', 'Alim Öztürk']

Club: Konyaspor
['Guilherme Sityá', 'Paul Bernardoni', 'Alexandru Cicâldău', 'Ahmet Oğuz', 'Francisco Calvo', 'Muhammet Demir', 'Yunus Mallı', 'Soner Dikmen', 'Marlos Moreno', 'Sokol Çikalleshi', 'Adil Demirbağ', 'Robert Murić', 'Bruno Paz', 'Cebrail Karayel', 'Kahraman Demirtaş', 'Uğurcan Yazğılı', 'Mehmet Ali Büyüksayar', 'Yasir Subaşı']

Club: Antalyaspor
['Helton Leite', 'Sam Larsson', 'Ömer Toprak', 'Adam Buksa', 'Britt Assombalonga', 'Zymer Bytyqi', 'Gerrit Holtmann', 'Dario Šarić', 'Güray Vural', 'Bünyamin Balcı', 'Erdal Rakip', 'Veysel Sarı', 'Erdoğan Yeşilyurt', 'Ufuk Akyol', 'Deni Milošević', 'Bahadır Öztürk', 'Jakub Kałuziński', 'Ataberk Dadakdeniz', 'Mert Yılmaz', 'Doğukan Özkan', 'Erkan Eyibil']

Club: Sivasspor
['Samu Sáiz', 'Roman Květ', 'Clinton Njie', 'Modou Barrow', 'Gerson Rodrigues', 'Hakan Arslan', 'Abdulkadir Parmak', 'Emrah Başsan', 'Uğur Çiftçi', 'Samba Camara', 'Charilaos Charisis', 'Ahmed Musa', 'Caner Osmanpaşa', 'Ali Şaşal Vural', 'Ziya Erdal', 'Burak Kapacak', 'Murat Paluli', 'Muammer Yıldırım', 'Kader Keïta']

Club: Pendikspor
['Sequeira', 'Fredrik Midtsjø', 'Halil Akbunar', 'Emeka Friday Eze', 'Arnaud Lusamba', 'Abdoulay Diaby', 'Joher Khadim Rassoul', 'Josip Vuković', 'Serkan Asan', 'Alpaslan Öztürk', 'Aias Aosman', 'Erdem Canpolat', 'Murat Akça', 'Thuram', 'İbrahim Akdağ', 'Erdem Özgenç', 'Emre Taşdemir', 'Erencan Yardımcı', 'Gökcan Kaya']

Club: Alanyaspor
['Leroy Fer', 'Efecan Karaca', 'João Novais', 'Florent Hadergjonaj', 'Jure Balkovec', 'Carlos Eduardo', 'Anderson Oliveira', 'Fatih Aksoy', 'Richard', 'Fidan Aliti', 'Nicolas Janvier', 'Ertuğrul Taşkıran', 'Furkan Bayır', 'Sergio Córdova', 'Oğuz Aydın', 'Yusuf Özdemir', 'Pione Sisto', 'Yavuz Aygün', 'Yusuf Karagöz', 'Yunus Bahadır', 'Mert Yusuf Torlak']

Club: Hatayspor
['Didier Lamkel Zé', 'Carlos Strandberg', 'Kamil Çörekçi', 'Erce Kardeşler', 'Rayane Aabid', 'Giorgi Aburjania', 'Nikola Maksimović', 'Joelson Fernandes', 'Renat Dadashov', 'Guy-Marcelin Kilama', 'Görkem Sağlam', 'Kerim Alıcı', 'Fisayo Dele-Bashiru', 'Burak Bekaroğlu', 'Ömer Beyaz', 'Mehdi Boudjemaa']

Club: Kasımpaşa
['Andreas Gianniotis', 'Haris Hajradinović', 'Cláudio Winck', 'Nuno da Costa', 'Samuel Bastien', 'Kenneth Omeruo', 'Mortadha Ben Ouanes', 'Mamadou Fall', 'Sadık Çiftpınar', 'Julien Ngoy', 'Iron Gomis', 'Aytaç Kara', 'Gökhan Gül', 'Tuncer Duhan Aksu', 'Murat Can Yıldız']

Club: İstanbulspor
['Alassane Ndao', 'David Jensen', 'Racine Coly', 'Okan Erdoğan', 'David Sambissa', 'Modestas Vorobjovas', 'Florian Loshaj', 'İbrahim Yılmaz', 'Demeaco Duhaney', 'Ali Yaşar']

Club: Kayserispor
['Carlos Mané', 'Mame Thiam', 'Olivier Kemen', 'Lionel Carole', 'Majid Hosseini', 'Miguel Cardoso', 'Bilal Bayazıt', 'Joseph Attamah', 'Ramazan Civelek', 'Ali Karimi', 'Kartal Yılmaz', 'Yaw Ackah', 'Dimitrios Kolovetsios', 'Gökhan Sazdağı', 'Anthony Uzodimma']




League(id=351, name=A-League, nationality=Australia, clubs=12)
Club: Melbourne City
['Tolgay Arslan', 'Mathew Leckie', 'Jamie Maclaren', 'Hamza Sakhi', 'Curtis Good', 'Jamie Young', 'Aziz Behich', 'Steven Ugarković', 'Marin Jakoliš', 'Andrew Nabbout', 'Nuno Reis', 'Samuel Souprayen', 'Scott Galloway', 'Callum Talbot', 'Terry Antonis', 'Alessandro Lopane', 'Jordon Hall', 'Max Caputo', 'James Nieuwenhuizen', 'Arion Sulemani', 'Emin Durakovic']

Club: Melbourne Victory
['Damien Da Silva', 'Roderick Miranda', 'Jake Brimmer', 'Bruno Fornaroli', 'Paul Izzo', 'Zinédine Machach', 'Ben Folami', 'Daniel Arzani', 'Jason Geria', 'Christopher Ikonomidis', 'Rai Marchán', 'Adama Traoré', 'Leigh Broxham', 'Connor Chapman', 'Nathan Konstandopoulos', 'Stefan Nigro', 'Nishan Velupillay', 'Eli Adams', 'Matthew Bozinovski', 'Ahmad Taleb']

Club: Western Sydney Wanderers
['Marcelo', 'Brandon Borrello', 'Lawrence Thomas', 'Marcus Antonsson', 'Joshua Brillante', 'Miloš Ninković', 'Tom Beadling', 'Gabriel Cléùr', 'Jack Clisby', 'Dylan Pierias', 'Ruon Tongyik', 'Daniel Margush', 'Tate Russell', 'Lachlan Brook', 'Nicolas Milanovic', 'Aidan Simmons', 'Alex Badolato', 'Alex Bonetig', 'Oscar Priestman', 'Zac Sapsford', 'Nathanael Blair']

Club: Western United
['Daniel Penha', 'Josh Risdon', 'Aleksandar Prijović', 'Ben Garuccio', 'Tomoki Imai', 'Angus Thurgate', 'Lachlan Wales', 'Steven Luštica', 'Riku Danzaki', 'James Donachie', 'Ramy Najjarine', 'Noah Botić', 'Thomas Heward-Belle', "Connor O'Toole", 'Jacob Tratt', 'Michael Ruhs', 'Sebastian Pasquali', 'Matthew Sutton', 'Rhys Bozinovski', 'Jake Najdovski']

Club: Adelaide United
['Javi López', 'Joe Gauci', 'Isaías', 'Ryan Kitto', 'Ben Halloran', 'Nick Ansell', 'Zach Clough', 'Hiroshi Ibusuki', 'Ben Warland', 'Lachlan Barr', 'James Delianov', 'Nestory Irankunda', 'Alexandar Popović', 'Jay Barnett', 'Luka Jovanović', 'Bernardo', 'Harry Van der Saag', 'Joshua Cavallo', 'Panashe Madanha', 'Ethan Alagich', 'Ethan Cox', 'Jonny Yull', 'Luke Duzel', 'Steven Hall', 'Musa Toure']

Club: Perth Glory
['Mark Beevers', 'Oliver Sail', 'Adam Taggart', 'Darryl Lachman', 'Salim Khelifi', 'Oliver Bozanic', 'Aaron McEneff', 'Mustafa Amini', 'David Williams', 'Johnny Koutroumbis', 'Luke Bodnar', 'Cameron Cook', 'Giordano Colli', 'Stefan Colakovski', 'Jacob Muir', 'Jarrod Carluccio', 'Luke Ivanovic', 'Joseph Forde', 'Trent Ostler', 'Adam Zimarino', 'Jayden Gorman', 'Kaelan Majekodunmi']

Club: Sydney FC
['Róbert Mak', 'Joe Lolley', 'Luke Brattan', 'Anthony Caceres', 'Jack Rodwell', 'Max Burgess', 'Rhyan Grant', 'Andrew Redmayne', 'Jordan Courtney-Perkins', 'Joel King', 'Patrick Wood', 'Jaiden Kucharski', 'Jake Girdwood-Reich', 'Aaron Gurd', 'Adam Pavlesic', 'Corey Hollman']

Club: Macarthur FC
['Valère Germain', 'Ulises Dávila', 'Filip Kurto', 'Daniel De Silva', 'Kearyn Baccus', 'Clayton Lewis', 'Matt Millar', 'Tomislav Uskok', 'Ivan Vujica', 'Jonathan Aspropotamitis', 'Jake Hollman', 'Matthew Jurman', 'Jake McGing', 'Lachlan Rose', "Charles M'Mombwa", 'Kristian Popovic', 'Jerry Skotadis', 'Raphael Borges Rodrigues', 'Jed Drew', 'Oliver Jones', 'Ali Auglah', 'Edward Caspers', 'Isaac Hovar', 'Jesper Webber', 'Alex Robinson']

Club: Brisbane Roar
["Jay O'Shea", 'Tom Aldred', 'Kai Trewin', 'Scott Neville', 'Henry Hore', 'Carlo Armiento', 'Corey Brown', 'Taras Gomulka', 'Matthew Acton', 'Jack Hingert', 'Nikola Mileusnić', 'Joe Caletti', 'Macklin Freke', 'Jez Lofthouse', 'Alex Parsons', 'Louis Zabala', 'Ayom Majok']

Club: Central Coast Mariners
['Marco Túlio', 'Brian Kaltak', 'Josh Nisbet', 'Danny Vukovic', 'Jacob Farrell', 'Daniel Hall', 'Maximilien Balard', 'Storm Roux', 'Dylan Wenzel-Halls', 'Alou Kuol', 'Christian Theoharous', 'Noah Smith', 'Harry Steele', 'Will Wilson', 'Sasha Kuzevski', 'Jack Warshawsky', 'Cameron Windust']

Club: Newcastle Jets
['Jason Berthomier', 'Reno Piscopo', 'Carl Jenkinson', "Brandon O'Neill", 'Lucas Mauragis', 'Trent Buhagiar', 'Mark Natta', 'Thomas Aquilina', 'Dane Ingham', 'Phillip Cancar', 'Kostandinos Grozos', 'Jason Hoffman', 'Callum Timmins', 'Michael Weier', 'Jacob Dowse', 'Ryan Scott', 'Daniel Stynes', 'Daniel Wilmering', 'Archie Goodwin', 'Apostolos Stamatelopoulos', 'Rory Jordan']

Club: Wellington Phoenix
['Bozhidar Kraev', 'Oskar Zawada', 'David Ball', 'Scott Wootton', 'Alex Paulsen', 'Sam Sutton', 'Kosta Barbarouses', 'Tim Payne', 'Nicholas Pennington', 'Alex Rufer', 'Ben Old', 'Mohamed Al-Taay', 'Jack Duncan', 'Finn Surman', 'Fin Conchie', 'Oskar van Hattum', 'Noah Karunaratne', 'Lukas Kelly-Heald', 'Isaac Hughes']




League(id=32, name=Serie B, nationality=Italy, clubs=16)
Club: Cremonese
['Franco Vázquez', 'Massimo Coda', 'Andrea Bertolacci', 'David Okereke', 'Gonzalo Abrego', 'Leonardo Sernicola', 'Luca Zanimacchia', 'Felix Afena-Gyan', 'Matteo Bianchetti', 'Cristian Buonaiuto', 'Michele Collocolo', 'Luca Ravanelli', 'Emanuele Valeri', 'Michele Castagnetti', 'Daniel Ciofani', 'Paolo Ghiglione', 'Luka Lochoshvili', 'Charles Pickel', 'Frank Tsadjout', 'Luca Valzania', 'Valentin Antov', 'Giacomo Quagliata', 'Nikola Sekulov', 'Mouhamadou Sarr']

Club: Parma
['Antonio Čolak', 'Hernani', 'Dennis Man', 'Cristian Ansaldi', 'Valentin Mihăilă', 'Anthony Partipilo', 'Leandro Chichizola', 'Wylan Cyprien', 'Yordan Osorio', 'Adrián Bernabé', 'Enrico Delprato', 'Nahuel Estévez', 'Lautaro Valenti', 'Adrian Benedyczak', 'Roberto Inglese', 'Simon Sohm', 'Botond Balogh', 'Gabriel Charpentier', 'Woyo Coulibaly', 'Vasilis Zagaritis', 'Yoan Bonny', 'Drissa Camara', 'Alessandro Circati', 'Edoardo Corvi', 'Antoine Hainaut']

Club: Como
['Simone Verdi', 'Oliver Abildgaard', 'Federico Barba', 'Patrick Cutrone', 'Daniele Baselli', 'Lucas Da Cunha', 'Alessandro Bellemo', 'Álex Blanco', 'Adrian Šemper', 'Alberto Cerri', 'Marco Curto', 'Nikolas Ioannou', 'Marco Sala', 'Filippo Scaglia', 'Tommaso Arrigoni', 'Luca Vignali', 'Cas Odenthal', 'Paolo Faragò', 'Alessio Iovine', 'Liam Kerrigan', 'Matteo Solini', 'Marlon Suliman Mustapha', 'Moutir Chajia', 'Alessandro Gabrielloni', 'Ben Lhassine Kone', 'Pierre Bolchini', 'Mauro Vigorito', 'Tommaso Cassandro']

Club: Palermo
['Federico Di Francesco', 'Matteo Brunori', 'Roberto Insigne', 'Fabio Lucioni', 'Mirko Pigliacelli', 'Liam Henderson', 'Pietro Ceccaroni', 'Francesco Di Mariano', 'Ionuț Nedelcearu', 'Leonardo Mancuso', 'Aleš Matějů', 'Leo Štulac', 'Kristoffer Lund Hansen', 'Nicola Valente', 'Claudio Gomes', 'Jacopo Segre', 'Mamadou Coulibaly', 'Simon Graves', 'Ivan Marconi', 'Edoardo Soleri', 'Alessio Buttaro']

Club: Pisa
['Pietro Beruatto', 'Ádám Nagy', 'Miguel Veloso', 'Emanuel Vignato', 'Stefano Moreo', 'Ernesto Torregrossa', 'Mattia Valoti', 'Antonio Caracciolo', "Marco D'Alessandro", 'Mattéo Tramoni', 'Nicolas', 'Arturo Calabresi', 'Ettore Gliozzi', 'Maxime Leverbe', 'Jan Mlakar', 'Hjörtur Hermannsson', 'Andrea Beghetto', 'Tomás Esteves', 'Marius Marin', 'Idrissa Touré', 'Gaetano Masucci', 'Alessandro De Vitis', 'Roko Jureškin', 'Simone Canestrelli', 'Tommaso Barbieri', 'Lisandru Tramoni', 'Gabriele Piccinini']

Club: Spezia
['Bartłomiej Drągowski', 'Szymon Żurkowski', 'Kelvin Amian', 'Filippo Bandinelli', 'Albin Ekdal', 'Dimitrios Nikolaou', 'Arkadiusz Reca', 'Daniele Verde', 'Jeroen Zoet', 'Mirko Antonucci', 'João Moutinho', 'Lukas Mühl', 'Salvatore Esposito', 'Petko Hristov', 'Luca Moro', 'Przemysław Wiśniewski', 'Francesco Cassata', 'Nicolò Bertola', 'Francesco Pio Esposito', 'Laurens Serpe', 'Petar Zovko']

Club: Venezia
['Joel Pohjanpalo', 'Denis Cheryshev', 'Francesco Zampano', 'Gianluca Busio', 'Jesse Joronen', 'Mato Jajalo', 'Giorgio Altare', 'Dennis Johnsen', 'Antonio Candela', 'Christian Gytkjær', 'Magnus Kofod Andersen', 'Michael Svoboda', 'Tanner Tessmann', 'Maximilian Ullmann', 'Jay Idzes', 'Marco Modolo', 'Nunzio Lella', 'Mikael Egill Ellertsson', 'Marin Šverko', 'Nicholas Pierini', 'Bjarki Steinn Bjarkason', 'Bruno Bertinato']

Club: Sampdoria
['Fabio Borini', 'Petar Stojanović', 'Valerio Verre', 'Fabio Depaoli', 'Matteo Ricci', 'Ronaldo Vieira', 'Sebastiano Esposito', 'Alex Ferrari', 'Nicola Murru', 'Antonio Barreca', 'Andrea Conti', 'Filip Stanković', 'Leonardo Benedetti', 'Manuel De Luca', 'Antonino La Gumina', 'Nicola Ravaglia', 'Kristoffer Askildsen', 'Simone Panada', 'Gerard Yepes']

Club: Ascoli
['Eric Botteghin', 'Marcello Falzerano', 'Claud Adjapong', 'Pedro Mendes', 'Marcel Büchel', 'Fabrizio Caligara', 'Nicola Falasco', 'Emiliano Viviano', 'Giuseppe Bellusci', 'Francesco Di Tacchio', 'Eddy Gnahoré', 'Pablo Rodríguez', 'Luka Bogdan', 'Tommaso Milanese', 'Vincenzo Millico', 'Danilo Quaranta', 'Brian Jepthe Bayeye', 'Samuel Giovane', 'Aljaž Tavčar', 'Luca Bolletta']

Club: Ternana
['César Falletti', 'Marco Capuano', 'Federico Dionisi', 'Frederik Sørensen', 'Tiago Casasola', 'Andrea Favilli', 'Antony Iannarilli', 'Valerio Mantovani', 'Alessandro Celli', 'Niccolò Corrado', 'Salim Diakité', 'Jakub Łabojko', 'Gabriel Brazão', 'Antonio Raimondo', 'Gabriele Onesti']

Club: Modena
['Antonio Palumbo', 'Giovanni Zaro', 'Luca Tremolada', 'Matteo Cotali', 'Diego Falcinelli', 'Riccardo Gagno', 'Antonio Pergreffi', 'Andrea Seculin', 'Luca Strizzolo', 'Mario Gargiulo', 'Fabio Gerli', 'Shady Oukhadda', 'Fabio Abiuso', 'Nicholas Bonfanti', 'Cristian Cauz', 'Luca Magnino', 'Fabio Ponsi', 'Jacopo Manconi', 'Edoardo Duca', 'Abdoul Guiebre', 'Romeo Giovannini']

Club: Reggiana
['Francesco Bardi', 'Mario Sampirisi', 'Domen Črnigoj', 'Manolo Portanova', 'Luca Cigarini', 'Cedric Diomandè Gondo', 'Marko Pajač', 'Janis Antiste', 'Filippo Melegoni', 'Filippo Romagna', 'Riccardo Fiamozzi', 'Elvis Kabashi', 'Eric Lanini', 'Luca Vido', 'Alessandro Bianco', 'Stefano Pettinari', 'Paolo Rozzio', 'Przemysław Szymiński', 'Lorenzo Libutti', 'Filippo Nardi', 'Giacomo Satalino']

Club: Cosenza
['Francesco Forte', "Tommaso D'Orazio", 'Simone Mazzocchi', 'Alessandro Micai', 'Andrea Rispoli', 'Idriz Voca', 'Giacomo Calò', 'Gennaro Tutino', 'Alessandro Fontanarosa', 'Mateusz Praszelik', 'Aldo Florenzi', 'Manuel Marras', 'Pietro Martino', 'Andrea Meroni', 'Michael Venturi', 'Salvatore Dario La Vardera', 'Leonardo Marson', 'Massimo Zilli', 'Alessandro Arioli', 'Alessandro Lai']

Club: Catanzaro
['Alfredo Donnarumma', 'Pietro Iemmello', 'Stefano Scognamillo', 'Nicolò Brighenti', "Luca D'Andrea", 'Andrea Fulignati', 'Luka Krajnc', 'Luca Verna', 'Simone Pontisso', 'Mario Šitum', 'Enrico Brignola', 'Francesco Bombagi', 'Marco Pompetti', 'Andrea Sala', 'Giuseppe Ambrosino', 'Andrea Oliveri', 'Nana Welbeck', 'Matteo Stoppa']

Club: Südtirol
['Andrea Masiello', 'Giacomo Poluzzi', 'Daniele Casiraghi', 'Fabian Tait', 'Raphael Odogwu', 'Nicola Rauti', 'Matteo Rover', 'Jérémie Broh', 'Daouda Peeters', 'Nicholas Siega', 'Kévin Vinetot', 'Luca Ghiringhelli', 'Gabriel Lunetta', 'Andrea Cagnano', 'Riccardo Ciervo', 'Andrea Cisco', 'Giuseppe Cuomo', 'Simone Davi']

Club: Cittadella
['Elhan Kastrati', 'Simone Branca', 'Domenico Frare', 'Alessandro Salvi', 'Alessio Vita', 'Nicola Pavan', 'Enrico Baldini', 'Giuseppe Carriero', 'Andrea Danzi', 'Luca Maniero', 'Matteo Angeli', 'Edoardo Sottini', 'Emil Kornvig', 'Valerio Mastrantonio', 'Lorenzo Carissoni', 'Federico Giraudo', 'Santiago Visentin', 'Filippo Manfrin', 'Alessio Rizza']




League(id=41, name=Eliteserien, nationality=Norway, clubs=2)
Club: Sarpsborg 08
['Kjetil Haug', 'Serge-Junior M. Ngouali', 'Niklas Sandberg', 'Jeppe Andersen', 'Ramon Pascal Lundqvist', 'Mikkel Maigaard', 'Simon Tibbling', 'Victor Torp', 'Bjørn Inge Utvik', 'Magnar Ødegaard', 'Joachim Thomassen', 'Eirik Wichne', 'Rafik Zekhnini', 'Sander Christiansen', 'Anders Kristiansen', 'Franklin Tebo Uchenna', 'Anton Skipper', 'Kristian Opseth', 'Amadou Camara', 'Arnau Casas', 'Leander Øy']

Club: Sandefjord
['Gilbert Koomson', 'Alexander Ruud Tveter', 'Sander Moen Foss', 'Hugo Keto', 'Jesper Taaje', 'Simon Amin', 'Aleksander D. Nilsson', 'Keanin Ayer', 'Youssef Chaib', 'Jeppe Kjær', 'Sander Risan Mørk', 'Franklin Nyenetue', 'Vetle Walle Egeli', 'Filip Loftesnes-Bjune']




League(id=83, name=K League 1, nationality=Korea Republic, clubs=4)
Club: Pohang Steelers
['Alex Grant', 'Oberdan', 'Baek Sung Dong', 'Zeca', 'Goh Young Jun', 'Ha Chang Rae', 'Park Seung Wook', 'Sim Sang Min', 'Kim Seung Dae', 'Hwang In Jae', 'Jeong Jae Hee', 'Wanderson', 'Kim Jong Woo', 'Kim In Sung', 'Kim Yong Hwan', 'Yun Pyung Gook', 'Kim Jun Ho', 'Shin Kwang Hoon', 'Park Chan Yong', 'Han Chan Hee', 'Lee Ho Jae', 'Cho Jae Hun', 'Kim Kyu Pyo', 'Cho Sung hoon', 'Park Geon Woo', 'Yoon Min Ho', 'Kang Hyun Je', 'Lee Gyu Baeg']

Club: Jeju United
['Kim Dong Joon', 'Lim Chai Min', 'Choi Young Joon', 'Reis', 'Kim Oh Gyu', 'Jeong Woon', 'Yuri', 'Jonathan Ring', 'Kim Geon Woong', 'Lee Ju Yong', 'Yeon Je Woon', 'Rim Chang Woo', 'Kim Bong Soo', 'Koo Ja Cheol', 'Ahn Tae Hyun', 'Seo Jin Su', 'Kim Ju Kong', 'Song Ju Hun', 'Im Dong Hyuk', 'Kim Seung Sub', 'Kim Keun Bae', 'Lee Gi Hyeok', 'Han Jong Mu', 'Kim Dae Hwan', 'Kwak Seung Min', 'Jeon Sung Jin', 'Kim Hyeong Geun', 'Lim Jun Sub']

Club: Incheon United
['Stefan Mugoša', 'Harrison Delbridge', 'Gerso', 'Shin Jin Ho', 'Kim Do Hyeok', 'Lee Myung Joo', 'Paul-José Mpoku', 'Oh Ban Suk', 'Hernandes', 'Kim Bo Sub', 'Kim Dong Min', 'Cheon Seong Hoon', 'Kim Jun Yub', 'Kim Dong Heon', 'Lee Tae Hui', 'Min Gyeong Hyeon', 'Hong Si Hoo', 'Jung Dong Yoon', 'Kweon Han Jin', 'Mun Ji Hwan', 'Kang Yun Koo', 'Kim Dae Jung', 'Min Seong Jun', 'Kim Yeon Soo', 'Kim Min Seok', 'Lim Hyeong Jin', 'Kim Hyun Seo', 'Ha Dong Seon']

Club: Daejeon Citizen
['Lee Chang Geun', 'Anton Krivotsyuk', 'Ju Se Jong', 'Lee Jin Hyun', 'Tiago Orobó', 'Leandrinho', 'Cho Yu Min', 'Vladislavs Gutkovskis', 'Seo Young Jae', 'Masatoshi Ishida', 'Kim Min Duk', 'Yu Kang Hyun', 'Kim In Kyun', 'Lee Hyun Sik', 'Lim Dug Keun', 'Kang Yoon Seong', 'Oh Jae Suk', 'Kim Young Uk', 'Lim Eun Soo', 'Choi Jae Hyeon', 'Jung San', 'Byeon Jun Soo', 'Kim Hyun Woo', 'Jeon Byung Kwan', 'Kim Ji Hoon', 'Lee Jong Hyun', 'Shin Sang Eun']




League(id=189, name=Super League, nationality=Switzerland, clubs=2)
Club: FC St. Gallen
['Lukas Görtler', 'Lawrence Ati Zigi', 'Jordi Quintillà', 'Chima Okoroji', 'Albert Vallci', 'Chadrac Akolo', 'Richard van der Venne', 'Bastien Toma', 'Felix Mambimbi', 'Jozo Stanić', 'Abdoulaye Diaby', 'Betim Fazliji', 'Willem Geubbels', 'Isaac Schmidt', 'Patrick Sutter', 'Julian von Moos', 'Christian Witzig', 'Mattia Zanotti', 'Gregory Karlen', 'Fabian Schubert', 'Lukas Watkowiak', 'Nicolas Lüchinger', 'Justin Janitzek', 'Nikolaj Moller', 'Stefano Guidotti', 'Musah Nuhu', 'Mihailo Stevanovic', 'Bela Dumrath']

Club: FC Luzern
['Max Meyer', 'Nicolas Haas', 'Ardon Jashari', 'Martin Frýdek', 'Asumah Abubakar', 'Kemal Ademi', 'Nicky Beloko', 'Pius Dorn', 'Kevin Spadanuda', 'Ismajl Beka', 'Jakub Kadak', 'Denis Simani', 'Vaso Vasić', 'Sofyan Chader', 'Thibault Klidje', 'Samuele Campo', 'Pascal Loretz', 'Severin Ottiger', 'Luuk Breedijk', 'Dario Ulrich', 'Lars Villiger', 'Mauricio Willimann', 'Leny Meyer', 'Luca Jaquez', 'Diego Heller', 'Noah Rupp']




League(id=2020, name=Primera Division, nationality=Peru, clubs=4)
Club: Alianza Lima
['Christian Cueva', 'Carlos Zambrano', 'Hernán Barcos', 'Pablo Sabbag', 'Andrés Andrade', 'Josepmir Ballón', 'Jairo Concha', 'Santiago García', 'Gino Peruzzi', 'Gabriel Costa', 'Ángelo Campos', 'Cristian Benavente', 'Pablo Míguez', 'Aldair Rodríguez', 'Yordi Vílchez', 'Edinson Chávez', 'Italo Espinoza']

Club: Sporting Cristal
['Yoshimar Yotún', 'Ignácio', 'Alejandro Hohberg', 'Nilson Loyola', 'Írven Ávila', 'Washington Corozo', 'Jhilmar Lora', 'Nicolás Pasquini', 'Martín Távara', 'Jostin Alarcón', 'Alejandro Duarte', 'Joao Grimaldo', 'Leandro Sosa', 'Brenner', 'Gianfranco Chávez', 'Jesús Pretell', 'Renato Solís', 'Adrián Ugarriza', 'Adrián Ascues', 'Percy Liza', 'Rafael Lutiger', 'Diego Soto', 'Leonardo Díaz', 'Flavio Alcedo', 'Matías Córdova', 'Gabriel Alfaro']

Club: Universitario
['José Carvallo', 'Alex Valera', 'Horacio Calcaterra', 'Martín Pérez Guedes', 'Piero Quispe', 'Aldo Corzo', 'Edison Flores', 'Andy Polo', 'Williams Riveros', 'Rodrigo Ureña', 'Nelson Cabanillas', 'Luis Urruti', 'José Bolívar', 'Matías Di Benedetto', 'Emanuel Herrera', 'Yuriel Celi', 'Jorge Murrugarra', 'Alexander Succar', 'José Rivera', 'Marco Saravia', 'Hugo Ancajima', 'Piero Guzmán', 'Diego Alonso Romero', 'José Aamet Calderón']

Club: Cienciano
['Kevin Sandoval', 'Alberto Quintero', 'Danilo Carando', 'Carlos Garcés', 'Miguel Vargas', 'Carlos Beltrán', 'Luis Garro', 'Hansell Riojas', 'Iván Santillán', 'Angel Ojeda', 'Claudio Torrejón', 'Paolo Hurtado']




League(id=80, name=Bundesliga, nationality=Austria, clubs=4)
Club: RB Salzburg
['Oumar Solet', 'Sekou Koita', 'Strahinja Pavlović', 'Nicolás Capaldo', 'Luka Sučić', 'Mads Bidstrup', 'Amar Dedić', 'Fernando', 'Lucas Gourna', 'Maurits Kjaergaard', 'Kamil Piątkowski', 'Alexander Schlager', 'Aleksa Terzić', 'Andreas Ulmer', 'Nico Mantl', 'Nene Dorgeles', 'Amankwah Forson', 'Daouda Guindo', 'Dijon Kameri', 'Karim Konaté', 'Leandro Morgalla', 'Bryan Okoh', 'Mamady Diambou', 'Roko Šimić', 'Petar Ratkov', 'Lukas Wallner', 'Jonas Krumrey', 'Samson Baidoo']

Club: Wolfsberger AC
['Dominik Baumgartner', 'Adis Jasic', 'Scott Kennedy', 'Simon Piesinger', 'Thorsten Röcher', 'Hendrik Bonmann', 'Mario Leitgeb', 'Florian Rieder', 'Thomas Sabitzer', 'Bernhard Zimmermann', 'Thierno Ballo', 'Konstantin Kerschbaumer', 'Nikolas Veratschnig', 'Sandro Altunashvili', 'Michael Novak', 'Lukas Gütlbauer', 'Ervin Omić', 'Jonathan Scherzer', 'Samson Okikiola Tijani', 'Kevin Bukusu', 'Augustine Boakye', 'Lukas Ibertsberger', 'David Skubl', 'Pascal Müller']

Club: Austria Klagenfurt
['Andy Irving', 'Thorsten Mahrer', 'Nicolas Wimmer', 'Kosmas Gkezos', 'Phillip Menzel', 'Christopher Wernitznig', 'Rico Benatelli', 'Christopher Cvetko', 'Turgay Gemicibaşı', 'Florian Jaritz', 'Jonas Arweiler', 'Solomon Bonnah', 'Sinan Karweina', 'Marco Knaller', 'Till Schumacher', 'Sebastian Soto', 'Simon Straudi', 'Nikola Djorić', 'Iba May', 'Nicolas Binder', 'Fabio Markelic', 'Marcel Köstenbauer', 'Matthias Dollinger', 'Jannik Robatsch', 'Bego Kujrakovic']

Club: WSG Tirol
['Valentino Müller', 'Bror Blume', 'Sandi Ogrinec', 'Ferdinand Oswald', 'Felix Bacher', 'Nik Prelec', 'Julius Ertlthaler', 'David Gugganig', 'Kofi Schulz', 'Lukas Sulzbacher', 'Luca Kronberger', 'Johannes Naschberger', 'Osarenren Okungbowa', 'Dominik Stumberger', 'Benjamin Ozegovic', 'Alexander Ranacher', 'Stefan Škrbo', 'Adam Stejskal', 'Denis Tomic', 'Aleksander Buksa', 'Justin Forst', 'David Jaunegg', 'Paul Schermer', 'Cem Üstündag', 'Yannick Vötter', 'Thomas Geris']




League(id=10, name=Eredivisie, nationality=Netherlands, clubs=14)
Club: Feyenoord
['Dávid Hancko', 'Lutsharel Geertruida', 'Gernot Trauner', 'Justin Bijlow', 'Santiago Giménez', 'Igor Paixão', 'Luka Ivanušec', 'Mats Wieffer', 'Ramiz Zerrouki', 'Ondřej Lingr', 'Quinten Timber', 'Javairô Dilrosun', 'Alireza Jahanbakhsh', 'Bart Nieuwkoop', 'Calvin Stengs', 'Ayase Ueda', 'Quilindschy Hartman', 'Timon Wellenreuther', 'Marcos López', 'Thomas van den Belt', 'Konstantinos Lamprou', 'Thomas Beelen', 'Yankuba Minteh', 'Antoni Milambo', 'Mike Kleijn']

Club: PSV
['Hirving Lozano', 'Walter Benítez', 'Luuk de Jong', 'Noa Lang', 'Joey Veerman', 'Olivier Boscagli', 'Sergiño Dest', 'Jordan Teze', 'Patrick van Aanholt', 'Johan Bakayoko', 'Mauro Júnior', 'André Ramalho', 'Jerdy Schouten', 'Armel Bella Kotchap', 'Armando Obispo', 'Guus Til', 'Malik Tillman', 'Joël Drommel', 'Yorbe Vertessen', 'Ricardo Pepi', 'Ismael Saibari', 'Shurandy Sambo', 'Boy Waterman', 'Fredrik Oppegård', 'Kjell Peersman']

Club: Ajax
['Steven Berghuis', 'Gerónimo Rulli', 'Steven Bergwijn', 'Josip Šutalo', 'Borna Sosa', 'Branco van den Boomen', 'Chuba Akpom', 'Brian Brobbey', 'Remko Pasveer', 'Devyne Rensch', 'Kenneth Taylor', 'Georges Mikautadze', 'Jakov Medić', 'Gastón Ávila', 'Jay Gorter', 'Carlos Forbs', 'Benjamin Tahirović', 'Jorrel Hato', 'Sivert Heggheim Mannsverk', 'Ahmetcan Kaplan', 'Diant Ramaj', 'Anass Salah-Eddine', 'Anton Gaaei', 'Amourricho van Axel Dongen', 'Silvano Vos', 'Olivier Aertssen', 'Charlie Setford']

Club: FC Twente
['Lars Unnerstall', 'Robin Pröpper', 'Gijs Smal', 'Joshua Brenet', 'Michal Sadílek', 'Carel Eiting', 'Mees Hilgers', 'Ricky van Wolfswinkel', 'Mitchell van Bergen', 'Michel Vlap', 'Alfons Sampsted', 'Sem Steijn', 'Manfred Ugalde', 'Daan Rots', 'Naci Ünüvar', 'Mathias Kjølø', 'Youri Regeer', 'Przemysław Tytoń', 'Alec Van Hoorenbeeck', 'Max Bruns', 'Issam El Maach', 'Irakli Yegoian', 'Sam Karssies', 'Juliën Mesbahi', 'Mats Rots']

Club: FC Utrecht
['Bart Ramselaar', 'Jens Toornstra', 'Nick Viergever', 'Vasilios Barkas', 'Zakaria Labyad', 'Mike van der Hoorn', 'Mattijs Branderhorst', 'Modibo Sagnan', 'Mats Seuntjens', 'Taylor Booth', 'Ryan Flamingo', 'Hugo Novoa', 'Hidde ter Avest', 'Mark van der Maarel', 'Marouan Azarkan', 'Othmane Boussaid', 'Can Bozdoğan', 'Souffian El Karouani', 'Victor Jensen', 'Ole Romeny', 'Isac Lidberg', 'Anthony Descotte', 'Zidane Iqbal', 'Oscar Luigi Fraulo', 'Calvin Raatsie']

Club: Fortuna Sittard
['Córdoba', 'Ivor Pandur', 'Oğuzhan Özyakup', 'Dimitrios Siovas', 'Loreintz Rosier', 'Mitchell Dijks', 'Rodrigo Guth', 'Kaj Sierhuis', 'Deroy Duarte', 'Alen Halilović', 'Ivo Pinto', 'Arianit Ferati', 'Tijjani Noslin', 'Luuk Koopmans', 'Marko Lazetić', 'Rémy Vita', 'Sadik Fofana', 'Mouhamed Belkheir', 'Nathan Markelo', 'Milan Robberechts', 'Tom Hendriks']

Club: Vitesse
['Carlens Arcus', 'Eloy Room', 'Marco van Ginkel', 'Million Manhoef', 'Davy Pröpper', 'Kacper Kozłowski', 'Melle Meulensteen', 'Nicolas Isimat-Mirin', 'Amine Boutrah', 'Saïd Hamulić', 'Thomas Buitink', 'Toni Domgjoni', 'Ramon Hendriks', 'Enzo Cornelisse', 'Dominik Oroz', 'Markus Schubert', 'Gyan de Regt']

Club: Heracles Almelo
['Emil Hansson', 'Justin Hoogma', 'Nikolai Laursen', 'Jetro Willems', 'Michael Brouwer', 'Fabian de Keijzer', 'Marko Vejinović', 'Thomas Bruns', 'Sava-Arangel Čestić', 'Jizz Hornkamp', 'Bryan Limbombe', 'Ruben Roosken', 'Brian De Keersmaecker', 'Mario Engels', 'Anas Ouahim', 'Sven Sonnenberg', 'Navajo Bakboord', 'Mohamed Sankoh', 'Melih Ibrahimoglu', 'Sylian Mokono', 'Jannes Wieckhoff', 'Abdenego Nankishi', 'Antonio Satriano', 'Sem Scheperman', 'Lasse Wehmeyer', 'Robin Jalving', 'Chiel Olde Keizer', 'Stijn Bultman', 'Timo Jansink', 'Diego van Oorschot']

Club: Sparta Rotterdam
['Nick Olij', 'Koki Saito', 'Joshua Kitolano', 'Bart Vriends', 'Jonathan de Guzmán', 'Tobias Lauritsen', 'Arno Verschueren', 'Django Warmerdam', 'Mike Eerdhuijzen', 'Djevencio van der Kust', 'Saïd Bakari', 'Charles-Andreas Brym', 'Pelle Clement', 'Camiel Neghli', 'Agustín Anello', 'Delano van Crooij', 'Tijs Velthuis', 'Youri Schoonderwaldt', 'Rick Meissen', 'Metinho', 'Pedro Alemañ', 'Kaylen Reitmaier']

Club: RKC Waalwijk
['Jeffrey Bruma', 'Michiel Kramer', 'Shawn Adewoye', 'Etienne Vaessen', 'Juriën Gaari', 'Jeroen Houwen', 'Julian Lelieveld', 'Thierry Lutonda', 'Dario Van den Buijs', 'Zakaria Bakkali', 'Denilho Cleonise', 'Aaron Meijers', 'Yassin Oukili', 'Godfried Roemeratoe', 'Patrick Vroegh', 'Filip Stevanović', 'Kevin Felida', 'Richonell Margaret', 'David Min', 'Ilias Takidine', 'Joey Kesting', 'Mark Spenkelink', 'Nouri El Harmazi']

Club: PEC Zwolle
['Nico Serrano', 'Ferdy Druijf', 'Ryan Thomas', 'Lennart Czyborra', 'Younes Namli', 'Bram van Polen', 'Thomas Lam', 'Lennart Thy', 'Jasper Schendelaar', 'Odysseus Velanas', 'Anthony Fontana', 'Dean Huiberts', 'Sam Kersten', 'Davy van den Berg', 'Apostolos Vellios', 'Zico Buurmeester', 'Eliano Reijnders', 'Kenneth Vermeer', 'Anselmo Garcia MacNulty', 'Luis Görlich', 'Mike Hauptmeijer', 'Samir Lagsir', 'Divaio Bobson', 'Mohamed Oukhattou']

Club: Excelsior
['Stijn van Gassel', 'Lazaros Lamprou', 'Redouan El Yaakoubi', 'Troy Parrott', 'Norbert Alblas', 'Couhaib Driouech', 'Adrian Fein', 'Kian Fitz-Jim', 'Siebe Horemans', 'Kik Pierie', 'Oscar Uddenäs', 'Sven Nieuwpoort', 'Mike van Duinen', 'Casper Widell', 'Arthur Zagré', 'Nikolas Agrafiotis', 'Julian Baas', 'Lennard Hartjes', 'Cisse Sandra', 'Mimeirhel Benita', 'Derensili Sanches Fernandes', 'Serano Seymor', 'Ian Smeulers', 'Jacky Donkor', 'Noah Naujoks', 'Pascal Kuiper', 'Raphaël Eyongo', 'Richie Omorowa']

Club: Go Ahead Eagles
['Victor Edvardsen', 'Bas Kuipers', 'Philippe Rommens', 'Willum Þór Willumsson', 'Bobby Adekanye', 'Jamal Amofa', 'Jeffrey de Lange', 'Oliver Valaker Edvardsen', 'Gerrit Nauber', 'Mats Deijl', 'Joris Kramer', 'Evert Linthorst', 'Erwin Mulder', 'Finn Stokkers', 'Thibo Baeten', 'Enric Llansana', 'Rashaan Fernandes', 'Sylla Sow', 'Xander Blomme', 'Dean James', 'Aventis Aventisian', 'Jakob Breum', 'Luca Everink', 'Sven Jansen', 'Nando Verdoni']

Club: FC Volendam
['Xavier Mbuyamba', 'Benaissa Benamar', 'Robert Mühren', 'Luke Le Roux', 'Damon Mirani', 'Calvin Twigt', 'Bilal Ould-Chikh', 'Brian Plat', 'Oskar Buur', 'Ibrahim El Kadiri', 'Josh Flint', 'Achraf Douiri', 'Garang Kuol', 'Lequincio Zeefuik', 'Koen Blommestijn', 'Mio Backhaus', 'Barry Lauwers', 'Joey Antonioli', 'Kayne van Oevelen']




League(id=13, name=Premier League, nationality=England, clubs=20)
Club: Manchester City
['Erling Haaland', 'Kevin De Bruyne', 'Rúben Dias', 'Rodri', 'Bernardo Silva', 'Ederson', 'Jack Grealish', 'Phil Foden', 'John Stones', 'Kyle Walker', 'Manuel Akanji', 'Joško Gvardiol', 'Mateo Kovačić', 'Nathan Aké', 'Julián Álvarez', 'Matheus Nunes', 'Stefan Ortega', 'Kalvin Phillips', 'Jérémy Doku', 'Zack Steffen', 'Sergio Gómez', 'Rico Lewis', 'Darío Sarmiento', 'Scott Carson', 'Lewis Fiorini', 'Oscar Bobb', 'Luke Mbete', 'Ben Knight']

Club: Liverpool
['Mohamed Salah', 'Virgil van Dijk', 'Alisson', 'Andrew Robertson', 'Trent Alexander-Arnold', 'Diogo Jota', 'Thiago', 'Luis Díaz', 'Cody Gakpo', 'Alexis Mac Allister', 'Darwin Núñez', 'Dominik Szoboszlai', 'Ibrahima Konaté', 'Wataru Endo', 'Joel Matip', 'Joe Gomez', 'Ryan Gravenberch', 'Harvey Elliott', 'Curtis Jones', 'Konstantinos Tsimikas', 'Caoimhin Kelleher', 'Stefan Bajcetic', 'Fabricio Díaz', 'Alan Medina', 'Federico Pereira', 'Adrián', 'Marcelo Meli', 'Rubén Bentancourt', 'Conor Bradley', 'Rodrigo Rivero', 'Agustín Cayetano', 'Sebastián Britos', 'Sebastián Lentinelly', 'Luciano Rodríguez', 'Martín Barrios', 'Juan Manuel Izquierdo', 'Gonzalo Nápoli', 'Ignacio Rodríguez', 'Kevin Amaro', 'Mateo Antoni', 'Luke Chambers', 'Ben Doak', 'Kaide Gordon', 'Jarell Quansah', 'Matías Silva', 'Rafael Hornos', 'Vítězslav Jaroš', 'Yordi López', 'Renzo Machado', 'Bobby Clark', 'Marcelo Pitaluga']

Club: Arsenal
['Martin Ødegaard', 'Bukayo Saka', 'Thomas Partey', 'Declan Rice', 'Gabriel', 'Gabriel Jesus', 'Gabriel Martinelli', 'Aaron Ramsdale', 'Jorginho', 'William Saliba', 'Kai Havertz', 'Leandro Trossard', 'David Raya', 'Benjamin White', 'Oleksandr Zinchenko', 'Jurriën Timber', 'Emile Smith Rowe', 'Takehiro Tomiyasu', 'Fábio Vieira', 'Mohamed Elneny', 'Eddie Nketiah', 'Jakub Kiwior', 'Reiss Nelson', 'Cédric', 'Alejandro Medina', 'Néstor Breitenbruch', 'Juan Ignacio Cavallaro', 'Lautaro Guzmán', 'Braian Rivero', 'Adrían Spörle', 'Tomás Sultani', 'Maximiliano Centurión', 'Lucas Brochero', 'Flabián Londoño', 'Gonzalo Muscia', 'Joaquín Pombo', 'Facundo Pons', 'Facundo Cardozo', 'Ignacio Gariglio', 'Mauro Burruchaga', 'Franco Vega', 'Alfredo Amarilla', 'Daniel Lucero', 'Tomás Sives', 'Reuell Walters', 'Franco Martínez', 'Amario Cozier-Duberry', 'Juan Peinipil', 'Emiliano Viveros']

Club: Manchester United
['Casemiro', 'Bruno Fernandes', 'André Onana', 'Marcus Rashford', 'Raphaël Varane', 'Lisandro Martínez', 'Christian Eriksen', 'Luke Shaw', 'Jadon Sancho', 'Antony', 'Mason Mount', 'Sofyan Amrabat', 'Diogo Dalot', 'Victor Lindelöf', 'Anthony Martial', 'Aaron Wan-Bissaka', 'Harry Maguire', 'Scott McTominay', 'Tyrell Malacia', 'Reguilón', 'Donny van de Beek', 'Altay Bayındır', 'Rasmus Højlund', 'Alejandro Garnacho', 'Amad Diallo', 'Tom Heaton', 'Facundo Pellistri', 'Hannibal Mejbri', 'Kobbie Mainoo', 'Shola Shoretire', 'Rhys Bennett']

Club: Newcastle United
['Sandro Tonali', 'Kieran Trippier', 'Bruno Guimarães', 'Nick Pope', 'Sven Botman', 'Joelinton', 'Fabian Schär', 'Callum Wilson', 'Miguel Almirón', 'Alexander Isak', 'Harvey Barnes', 'Dan Burn', 'Martin Dúbravka', 'Sean Longstaff', 'Joe Willock', 'Jacob Murphy', 'Matt Targett', 'Anthony Gordon', 'Jamaal Lascelles', 'Tino Livramento', 'Paul Dummett', 'Emil Krafth', 'Elliot Anderson', 'Loris Karius', 'Manquillo', 'Matt Ritchie', 'Mark Gillespie', 'Lewis Hall', 'Lewis Miley', 'Alex Murphy']

Club: Tottenham Hotspur
['Heung Min Son', 'Pierre-Emile Højbjerg', 'James Maddison', 'Hugo Lloris', 'Rodrigo Bentancur', 'Cristian Romero', 'Guglielmo Vicario', 'Dejan Kulusevski', 'Giovani Lo Celso', 'Pedro Porro', 'Richarlison', 'Yves Bissouma', 'Ivan Perišić', 'Emerson Royal', 'Micky van de Ven', 'Ben Davies', 'Eric Dier', 'Bryan Gil', 'Oliver Skipp', 'Manor Solomon', 'Destiny Udogie', 'Fraser Forster', 'Brennan Johnson', 'Ryan Sessegnon', 'Alejo Veliz', 'Pape Matar Sarr', 'Brandon Austin', 'Ashley Phillips']

Club: Aston Villa
['Emiliano Martínez', 'Moussa Diaby', 'Pau Torres', 'Youri Tielemans', 'Diego Carlos', 'Emiliano Buendía', 'Boubacar Kamara', 'Álex Moreno', 'Ollie Watkins', 'Nicolò Zaniolo', 'Leon Bailey', 'Matty Cash', 'Lucas Digne', 'Ezri Konsa', 'John McGinn', 'Tyrone Mings', 'Douglas Luiz', 'Jacob Ramsey', 'Clément Lenglet', 'Leander Dendoncker', 'Robin Olsen', 'Bertrand Traoré', 'Calum Chambers', 'Kortney Hause', 'Tim Iroegbunam', 'Jhon Durán', 'Ben Chrisene', 'Caleb Chukwuemeka', 'Joshua Feeney', 'Filip Marschall', 'Rico Richards']

Club: Chelsea
['Christopher Nkunku', 'Thiago Silva', 'Reece James', 'Enzo Fernández', 'Raheem Sterling', 'Ben Chilwell', 'Moisés Caicedo', 'Cucurella', 'Axel Disasi', 'Wesley Fofana', 'Robert Sánchez', 'Benoît Badiashile', 'Conor Gallagher', 'Nicolas Jackson', 'Trevoh Chalobah', 'Noni Madueke', 'Malo Gusto', 'Armando Broja', 'Mykhailo Mudryk', 'Levi Colwill', 'Ian Maatsen', 'Đorđe Petrović', 'Malang Sarr', 'Romeo Lavia', 'Lesley Ugochukwu', 'Marcus Bettinelli', 'Cole Palmer', 'Carney Chukwuemeka', 'Dylan Williams']

Club: West Ham United
['Edson Álvarez', 'Lucas Paquetá', 'Nayef Aguerd', 'Jarrod Bowen', 'Łukasz Fabiański', 'Mohammed Kudus', 'Tomáš Souček', 'Kurt Zouma', 'Michail Antonio', 'Alphonse Areola', 'Saïd Benrahma', 'Vladimír Coufal', 'Konstantinos Mavropanos', 'James Ward-Prowse', 'Aaron Cresswell', 'Pablo Fornals', 'Danny Ings', 'Emerson', 'Maxwel Cornet', 'Thilo Kehrer', 'Angelo Ogbonna', 'Ben Johnson', 'Conor Coventry', 'Joseph Anang', 'Daniel Chesters', 'Divin Mubama']

Club: Everton
['Jordan Pickford', 'Arnaut Danjuma', 'Beto', 'James Tarkowski', 'Dominic Calvert-Lewin', 'Abdoulaye Doucouré', 'Idrissa Gueye', 'Michael Keane', 'André Gomes', 'Jack Harrison', 'Dwight McNeil', 'Amadou Onana', 'Ashley Young', 'Dele Alli', 'Séamus Coleman', 'Ben Godfrey', 'Vitaliy Mykolenko', 'Jarrad Branthwaite', 'Youssef Chermiti', 'James Garner', 'Nathan Patterson', 'João Virgínia', 'Lewis Dobbin', 'Kyle John', 'Tyler Onyango', 'Mackenzie Hunt', 'Andy Lonergan']

Club: Nottingham Forest
['Ibrahim Sangaré', 'Odisseas Vlachodimos', 'Gonzalo Montiel', 'Serge Aurier', 'Felipe', 'Taiwo Awoniyi', 'Nicolás Domínguez', 'Morgan Gibbs-White', 'Moussa Niakhaté', 'Matt Turner', 'Willy Boly', 'Orel Mangala', 'Danilo', 'Nuno Tavares', 'Callum Hudson-Odoi', 'Cheikhou Kouyaté', 'Divock Origi', 'Chris Wood', 'Ryan Yates', 'Joe Worrall', 'Ola Aina', 'Anthony Elanga', 'Wayne Hennessey', 'Scott McKenna', 'Neco Williams', 'Ethan Horvath', 'Harry Toffolo', 'Giulian Biancone', 'Andrey Santos', 'Andrew Omobamidele', 'George Shelvey']

Club: Fulham
['Palhinha', 'Bernd Leno', 'Issa Diop', 'Tosin Adarabioyo', 'Willian', 'Timothy Castagne', 'Andreas Pereira', 'Saša Lukić', 'Bobby De Cordova-Reid', 'Alex Iwobi', 'Raúl Jiménez', 'Harrison Reed', 'Antonee Robinson', 'Kenny Tete', 'Vinícius', 'Marek Rodák', 'Harry Wilson', 'Calvin Bassey', 'Tom Cairney', 'Tim Ream', 'Fodé Ballo-Touré', 'Rodrigo Muniz', 'Steven Benda', 'Adrion Pajaziti', 'Tyrese Francois', 'Luke Harris', 'Connor McAvoy', 'Stefan Parkes', 'George Wickens', "Ollie O'Neill", 'Idris Odutayo', 'Chris Donnell']

Club: Brighton & Hove Albion
['Lewis Dunk', 'Pervis Estupiñán', 'Kaoru Mitoma', 'Solly March', 'Mahmoud Dahoud', 'Ansu Fati', 'Pascal Groß', 'Joël Veltman', 'Adam Webster', 'James Milner', 'Igor', 'Adam Lallana', 'Danny Welbeck', 'Tariq Lamptey', 'Bart Verbruggen', 'Jakub Moder', 'Simon Adingra', 'Evan Ferguson', 'João Pedro', 'Billy Gilmour', 'Jason Steele', 'Jan Paul van Hecke', 'Julio César Enciso', 'Carlos Baleba', 'Facundo Buonanotte', 'Jack Hinshelwood', 'Tom McGill', 'Jamie Mullins', 'Imari Samuels']

Club: Wolverhampton Wanderers
['José Sá', 'Nélson Semedo', 'Matheus Cunha', 'Mario Lemina', 'Pablo Sarabia', 'Santiago Bueno', 'Craig Dawson', 'Saša Kalajdžić', 'Pedro Neto', 'Jonny', 'João Gomes', 'Hwang Hee Chan', 'Max Kilman', 'Rayan Aït-Nouri', 'Jean-Ricner Bellegarde', 'Matt Doherty', 'Toti Gomes', 'Daniel Bentley', 'Fábio Silva', 'Hugo Bueno', 'Tommy Doyle', 'Boubacar Traoré', 'Bruno Jordão', 'Tom King', 'Joe Hodge', 'Enso González']

Club: Crystal Palace
['Eberechi Eze', 'Dean Henderson', 'Joachim Andersen', 'Cheick Doucouré', 'Marc Guéhi', 'Michael Olise', 'Jefferson Lerma', 'Rob Holding', 'Sam Johnstone', 'Tyrick Mitchell', 'Jeffrey Schlupp', 'Odsonne Edouard', 'Jean-Philippe Mateta', 'Jordan Ayew', 'Nathaniel Clyne', 'Will Hughes', 'Chris Richards', 'Jaïro Riedewald', 'Joel Ward', 'James Tomkins', 'Jesurun Rak-Sakyi', 'Naouirou Ahamada', 'Malcolm Ebiowei', 'Nathan Ferguson', 'Remi Matthews', 'Tayo Adaramola', 'Jack Wells-Morrison', 'Joe Whitworth']

Club: Brentford
['Mark Flekken', 'Ben Mee', 'Ethan Pinnock', 'Rico Henry', 'Bryan Mbeumo', 'Christian Nørgaard', 'Yoane Wissa', 'Nathan Collins', 'Mikkel Damsgaard', 'Aaron Hickey', 'Vitaly Janelt', 'Mathias Jensen', 'Kristoffer Ajer', 'Zanka', 'Neal Maupay', 'Thomas Strakosha', 'Josh Dasilva', 'Frank Onyeka', 'Keane Lewis-Potter', 'Kevin Schade', 'Mads Roerslev', 'Shandon Baptiste', 'Charlie Goode', 'Myles Peart-Harris', 'Kim Ji Soo', 'Ethan Brierley', 'Nathan Young-Coombes', 'Ellery Balcombe', 'Michael Olakigbe']

Club: AFC Bournemouth
['Tyler Adams', 'Neto', 'Luis Sinisterra', 'Philip Billing', 'Justin Kluivert', 'Marcos Senesi', 'Hamed Traorè', 'Milos Kerkez', 'Dominic Solanke', 'Marcus Tavernier', 'David Brooks', 'Ryan Christie', 'Lewis Cook', 'Adam Smith', 'Max Aarons', 'Ryan Fredericks', 'Lloyd Kelly', 'Kieffer Moore', 'Illia Zabarnyi', 'Dango Ouattara', 'Ionuț Andrei Radu', 'Darren Randolph', 'Alex Scott', 'Chris Mepham', 'Joe Rothwell', 'Emiliano Marcondes', 'Antoine Semenyo', 'Gavin Kilkenny', 'Nathan Moriah-Welsh']

Club: Burnley
['Mike Trésor', 'Nathan Redmond', 'Josh Cullen', 'Sander Berge', 'Jordan Beyer', 'Josh Brownhill', 'Arijanet Murić', 'Connor Roberts', 'Zeki Amdouni', 'Benson Manuel', 'Anass Zaroury', 'Jack Cork', 'Hjalmar Ekdal', 'Jóhann Berg Guðmundsson', 'Jacob Bruun Larsen', 'Jay Rodriguez', 'Charlie Taylor', 'Ameen Al Dakhil', 'Hannes Delcroix', "Dara O'Shea", 'Vitinho', 'James Trafford', 'Aaron Ramsey', 'Darko Churlinov', 'Lyle Foster', 'Michael Obafemi', 'Wilson Odobert', 'CJ Egan-Riley', 'Luca Warrick Koleosho', 'Lawrence Vigouroux', 'Denis Franchi', 'Lewis Richardson']

Club: Sheffield United
['Anel Ahmedhodžić', 'Wes Foderingham', 'Gustavo Hamer', 'John Egan', 'Oliver Norwood', 'Cameron Archer', 'Chris Basham', 'Jayden Bogle', 'Luke Thomas', 'Auston Trusty', 'Max Lowe', 'Oli McBurnie', 'Jack Robinson', 'George Baldock', 'John Fleck', 'Ben Osborn', 'Adam Davies', 'James McAtee', 'Yasser Larouci', 'Rhys Norrington-Davies', 'Rhian Brewster', 'Ismaila Coulibaly', 'Anis Slimane', 'Bénie Traore', 'Daniel Jebbison', 'Antwoine Hackford', 'William Osula', 'Femi Seriki', 'Jordan Amissah', 'Marcus Dewhurst']

Club: Luton Town
['Ross Barkley', 'Ryan Giles', 'Tom Lockyer', 'Marvelous Nakamba', 'Albert Sambi Lokonga', 'Issa Kaboré', 'Thomas Kaminski', 'Tim Krul', 'Elijah Adebayo', 'Alfie Doughty', 'Carlton Morris', 'Mads Juel Andersen', "Amari'i Bell", 'Tahith Chong', 'Jordan Clark', 'Pelly-Ruddock Mpanzu', 'Reece Burke', 'Chiedozie Ogbene', 'Gabriel Osho', 'Jacob Brown', 'Cauley Woodrow', 'Luke Berry', 'Dan Potts', 'Teden Mengi', 'James Shea']




League(id=39, name=Major League Soccer, nationality=United States, clubs=17)
Club: Inter Miami
['Lionel Messi', 'Jordi Alba', 'Sergio Busquets', 'Facundo Farías', 'Josef Martínez', 'Gregore', 'Sergiy Kryvtsov', 'Franco Negri', 'Jean Mota', 'Kamal Miller', 'Corentin Jean', 'DeAndre Yedlin', 'Dixon Arroyo', 'Robert Taylor', 'Tomás Avilés', 'Leonardo Campana', 'Nicolás Stefanelli', 'Drake Callender', 'Diego Gómez', 'Christopher McVey', 'Robbie Robinson', 'Victor Ulloa', 'Ian Fray', 'Noah Allen', 'Edison Azcona', 'Harvey Neville', 'CJ dos Santos', 'Felipe Valencia']

Club: Los Angeles FC
['Giorgio Chiellini', 'Carlos Vela', 'Denis Bouanga', 'Mario González', 'Ilie Sánchez', 'Maxime Crépeau', 'Kellyn Acosta', 'Diego Palacios', 'Ryan Hollingshead', 'Aaron Long', 'Jesús Murillo', 'Stipe Biuk', 'Sergi Palencia', 'Denil Maldonado', 'Eddie Segura', 'Cristian Olivera', 'Timothy Tillman', 'John McCarthy', 'Mateusz Bogusz', 'Filip Krastev', 'Eldin Jakupović', 'Abraham Romero', 'Erik Dueñas', 'Christian Torres', 'Julian Gaines', 'Antonio Leone']

Club: New England
['Carles Gil', 'Gustavo Bou', 'Tomás Chancalay', 'Tomáš Vaclík', 'DeJuan Jones', 'Brandon Bye', 'Henry Kessler', 'Matt Polster', 'Giacomo Vrioni', 'Andrew Farrell', 'Mark-Anthony Kaye', 'Nacho Gil', 'Dave Romney', 'Emmanuel Boateng', 'Christian Makoun', 'Bobby Wood', 'Dylan Borrero', 'Tommy McNamara', 'Omar Gonzalez', 'Ian Harkes', 'Ben Sweat', 'Maciel', 'Damian Rivera', 'Noel Buck', 'Earl Edwards Jr.', 'Justin Rennicks', 'Jacob Jackson']

Club: LA Galaxy
['Javier Hernández', 'Riqui Puig', 'Gaston Brugman', 'Maya Yoshida', 'Martín Cáceres', 'Dejan Joveljić', 'Michael Barrios', 'Mark Delgado', 'Diego Fagundez', 'Tyler Boyd', 'Jonathan Bond', 'Julián Aude', 'Edwin Cerrillo', 'Raheem Edwards', 'Kelvin Leerdam', 'Chris Mavinga', 'Oriol Rosell', 'Tony Alfaro', 'Jonathan Klinsmann', 'Jalen Neal', 'Eriq Zavaleta', 'Preston North End Judd', 'Daniel Aguirre', 'Adam Saldaña', 'Mauricio Cuevas', 'Gino Vivi', 'Marcus Ferkranus', 'Jonathan Perez']

Club: Minnesota United
['Emanuel Reynoso', 'Teemu Pukki', 'Robin Lod', 'Franco Fragapane', 'Dayne St. Clair', 'Bakaye Dibassy', 'Ismael Tajouri-Shradi', 'Michael Boxall', 'Ján Greguš', 'Wil Trapp', 'Mender García', 'Miguel Tapias', 'Kervin Arriaga', 'Hassani Dotson', 'Ethan Bristow', 'Zarek Valentin', 'Jeong Sang Bin', 'Brent Kallman', 'David Justin Taylor', 'Clint Irwin', 'Joseph Rosales', 'Eric Dick', 'Tani Oluwaseyi', 'Zaydan Bello', 'Fred Emmings', 'Devin Padelford']

Club: Portland Timbers
['Evander', 'Diego Chará', 'Sebastián Blanco', 'Claudio Bravo', 'Yimmi Chará', 'Bryan Acosta', 'Franck Boli', 'Santiago Moreno', 'Antony', 'Aljaž Ivačič', 'Felipe Mora', 'Eryk Williamson', 'Cristhian Paredes', 'Miguel Araujo', 'David Ayala', 'Larrys Mabiala', 'Zac McGraw', 'Jarosław Niezgoda', 'Dario Župarić', 'Dairon Asprilla', 'Juan David Mosquera', 'David Bingham', 'Marvin Loría', 'Eric Miller', 'Justin Rasmussen', 'Hunter Sulte', 'Tega Ikoba']

Club: FC Cincinnati
['Luciano Acosta', 'Aaron Boupendza', 'Santiago Arias', 'Matt Miazga', 'Brandon Vazquez', 'Obinna Nwobodo', 'Júnior Moreno', 'Álvaro Barreal', 'Roman Celentano', 'Nick Hagglund', 'Yerson Mosquera', 'Sergio Santos', 'Yuya Kubo', 'Dominique Badji', 'Raymon Gaddis', 'Alvas Powell', 'Marco Antonio Angulo', 'Alec Kann', 'Ian Murphy', 'Evan Louro', 'Arquimides Ordoñez', 'Bret Halsey']

Club: Real Salt Lake
['Cristian Arango', 'Jefferson Savarino', 'Damir Kreilach', 'Nelson Palacio', 'Braian Ojeda', 'Pablo Ruiz', 'Justen Glad', 'Andrew Brody', 'Anderson Julio', 'Zac MacMath', 'Rubio Rubin', 'Marcelo Silva', 'Brayan Vera', 'Maikel Chang', 'Bryan Oviedo', 'Scott Caldwell', 'Diego Luna', 'Danny Musovski', 'Moses Nyeman', 'Tomas Gomez', 'Bode Hidalgo', 'Erik Holt', 'Zack Farnsworth', 'Gavin Beavers', 'Jude Wellings']

Club: Orlando City
['Martín Ojeda', 'Pedro Gallese', 'Mauricio Pereyra', 'Facundo Torres', 'Antônio Carlos', 'Ramiro Enrique', 'Gastón González', 'Robin Jansson', 'Júnior Urso', 'Iván Angulo', 'César Araújo', 'Wilder Cartagena', 'Felipe', 'Kyle Smith', 'Rodrigo Schlegel', 'Luca Petrasso', 'Adam Grinwis', 'Mason Stajduhar', 'Dagur Dan Þór\xadhalls\xadson', 'Michael Halliday', 'Jack Lynn', 'Wilfredo Rivera', 'Thomas Williams', 'Alexander Freeman']

Club: Atlanta United
['Thiago Almada', 'Georgios Giakoumakis', 'Luis Abram', 'Miles Robinson', 'Santiago Sosa', 'Saba Lobjanidze', 'Derrick Etienne Jr.', 'Brooks Lennon', 'Juan Sánchez Purata', 'Jamal Thiaré', 'Osvaldo Alonso', 'Xande Silva', 'Edwin Mosquera', 'Brad Guzan', 'Tristan Muyumba', 'Matheus Rossetto', 'Miguel Berry', 'Clément Diop', 'Ronald Hernández', 'Amar Sejdič', 'Quentin Westberg', 'Caleb Wiley', 'Machop Chol', 'Tyler Wolff', 'Jackson Conway', 'Nicolas Firmino']

Club: Nashville SC
['Hany Mukhtar', 'Walker Zimmerman', 'Sean Davis', 'Shaquell Moore', 'Aníbal Godoy', 'Sam Surridge', 'Joe Willis', 'Daniel Lovitz', 'Dax McCarty', 'Randall Leal', 'Fafà Picault', 'Jack Maher', 'Alex Muyl', 'Jacob Shaffelburg', 'Teal Bunbury', 'Nick DePuy', 'Taylor Washington', 'Brian Anunga', 'Lukas MacNaughton', 'Nebiyou Perry', 'Josh Bauer', 'Elliot Panicco', 'Ethan Zubak', 'Luke Haakenson', 'Ahmed Longmire', 'Laurence Wyke']

Club: Columbus Crew
['Cucho Hernández', 'Diego Rossi', 'Darlington Nagbe', 'Julian Gressel', 'Aidan Morris', 'Rudy Camacho', 'Steven Moreira', 'Christian Ramirez', 'Malte Amundsen', 'Alexandru Mățan', 'Kevin Molino', 'Patrick Schulte', 'Josh Williams', 'Yaw Yeboah', 'Yevgen Cheberko', 'Mohamed Farsi', 'Jimmy Medranda', 'Evan Bush', 'Gustavo Vallecilla', 'Will Sands', 'Sean Zawadzki', 'Jacen Russell-Rowe', 'Brady Scott', 'Isaiah Parente', 'Jake Morris']

Club: Colorado Rapids
['Diego Rubio', 'Andreas Maxsø', 'Jack Price', 'Keegan Rosenberry', 'Cole Bassett', 'Marko Ilić', 'William Yarbrough', 'Luis Díaz', 'Andrew Gutman', 'Connor Ronan', 'Lalas Abubakar', 'Danny Wilson', 'Jonathan Lewis', 'Steven Beitashour', 'Sam Nicholson', 'Max', 'Braian Galván', 'Alex Gersbach', 'Aboubacar Keita', 'Danny Leyva', 'Kévin Cabral', 'Sidnei Tavares', 'Ralph Priso', 'Darren Yapi', 'Calvin Harris', 'Michael Edwards', 'Abraham Rodriguez', 'Sebastian Anderson', 'Jackson Travis', 'Oliver Larraz']

Club: Houston Dynamo
['Héctor Herrera', 'Erik Sviatchenko', 'Artur', 'Adalberto Carrasquilla', 'Steve Clark', 'Teenage Hadebe', 'Amine Bassi', 'Franco Escobar', 'Sebastian Kowalczyk', 'Iván Franco', 'Luis Caicedo', 'Brad Smith', 'Corey Baird', 'Chase Gasper', 'Daniel Steres', 'Ethan Bartlow', 'Andrew Tarbell', 'Thor Úlfarsson', 'Griffin Dorsey', 'Tate Schmitt', 'Ifunanyachi Achara', 'Xavier Valdez']

Club: Vancouver Whitecaps
['Ryan Gauld', 'Andrés Cubas', 'Yohei Takaoka', 'Richie Laryea', 'Sam Adekugbe', 'Mathías Laborda', 'Ranko Veselinović', 'Brian White', 'Tristan Blackmon', 'Alessandro Schöpf', 'Luís Martins', 'Caio Alexandre', 'Pedro Vite', 'Javain Brown', 'Ryan Raposo', 'Sebastian Berhalter', 'Thomas Hasal', 'Russell Teibert', 'Karifa Yao', 'Isaac Boehmer', 'Kamron Habibullah', 'Matteo Campagna']

Club: Austin FC
['Sebastián Driussi', 'Emiliano Rigoni', 'Matt Hedges', 'Alexander Ring', 'Gyasi Zardes', 'Leo Väisänen', 'Julio Cascante', 'Brad Stuver', 'Nick Lima', 'Adam Lundqvist', 'Daniel Pereira', 'Maximiliano Urruti', 'Ethan Finlay', 'Memo Rodriguez', 'Jhojan Valencia', 'Will Bruin', 'Jon Gallagher', 'Hector Jimenez', 'Žan Kolmanič', 'Rodney Redes', 'Owen Wolff', 'Matt Bersano', 'Kipp Keller', 'Alfonso Ocampo-Chavez', 'Brandan Craig', 'Damian Las']

Club: CF Montréal
['Romell Quioto', 'Victor Wanyama', 'Samuel Piette', 'Mathieu Choinière', 'Aaron Herrera', 'Kwadwo Opoku', 'Jonathan Sirois', 'Gabriele Corbo', 'Joel Waterman', 'Bryce Duke', 'Lassi Lappalainen', 'Zachary Brault-Guillard', 'Ariel Lassiter', 'Chinonso Offor', 'James Pantemis', 'Mason Toye', 'George Campbell', 'Ahmed Hamdi', 'Sunusi Ibrahim', 'Fernando Álvarez', 'Sean Rea', 'Nathan-Dylan Saliba', 'Logan Ketterer', 'Róbert Thorkelsson', 'Jojea Kwizera']




League(id=335, name=Primera Division, nationality=Chile, clubs=5)
Club: Colo-Colo
['Leonardo Gil', 'Brayan Cortés', 'Darío Lezcano', 'Pablo Parra', 'Esteban Pavez', 'Emiliano Amor', 'Marcos Bolados', 'Fabián Castillo', 'Matías de los Santos', 'Fernando De Paul', 'César Fuentes', 'Leandro Benegas', 'Maximiliano Falcón', 'Agustín Bouzat', 'Óscar Opazo', 'Vicente Pizarro', 'Erick Wiemberg', 'Ramiro González', 'Matías Moya', 'Jordhy Thompson', 'Daniel Gutiérrez', 'Alexander Oroz', 'Damián Pizarro', 'Alan Saldivia', 'Jeyson Rojas', 'Bruno Gutiérrez', 'Dylan Portilla', 'Lucas Soto', 'Eduardo Villanueva']

Club: Cobresal
['Alejandro Camargo', 'Gastón Lezcano', 'Leandro Requena', 'César Munder', 'Leonardo Valencia', 'Francisco Alarcón', 'Marcelo Jorquera', 'Pablo Cárdenas', 'Guillermo Pacheco', 'Nelson Sepúlveda', 'Sebastián Silva', 'Diego Céspedes', 'Cristopher Mesías', 'Iván Contreras', 'Benjamín Osses', 'Luis Vásquez', 'Alejandro Santander']

Club: Palestino
['Fernando Meza', 'Cristián Suárez', 'Maximiliano Salas', 'Jonathan Benítez', 'César Rigamonti', 'Agustín Farías', 'Dilan Zúñiga', 'Bryan Carrasco', 'Brayan Véjar', 'José Bizama', 'Fernando Cornejo', 'Misael Dávila', 'Maicol León', 'Felipe Chamorro', 'Ariel Martínez', 'Martín Araya', 'Alan Riquelme', 'Nicolás Meza', 'Antonio Ceza', 'Dilan Salgado', 'Dixon Contreras', 'Benjamín Rojas']

Club: Ñublense
['Patricio Rubio', 'Lorenzo Reyes', 'Ismael Sosa', 'Rafael Caroca', 'Juan Leiva', 'Pablo Aránguiz', 'Raimundo Rebolledo', 'Andrés Vilches', 'Nicolás Zalazar', 'Enzo Guerrero', 'Juan Córdova', 'Branco Provoste']

Club: Audax Italiano
['Marcelo Díaz', 'Gonzalo Sosa', 'Gabriel Hachen', 'Roberto Cereceda', 'Michael Fuentes Vadulli', 'Matías Sepúlveda', 'Osvaldo Bosso', 'Marco Collao', 'Nicolás Fernández', 'Carlos Labrín', 'Gonzalo Ríos', 'Gonzalo Álvarez', 'Fernando Juárez', 'Oliver Rojas', 'Tomás Ahumada', 'Esteban Matus', 'Joaquín Muñoz', 'Cristóbal Muñoz', 'Alessandro Riep', 'Diego Monreal', 'Joaquín García', 'Ian Godoy']




League(id=350, name=Pro League, nationality=Saudi Arabia, clubs=12)
Club: Al Hilal
['Neymar Jr', 'Sergej Milinković-Savić', 'Yassine Bounou', 'Rúben Neves', 'Kalidou Koulibaly', 'Malcom', 'Aleksandar Mitrović', 'Salem Al Dawsari', 'Michael', 'Saud Abdulhamid', 'Hassan Tombakti', 'Salman Al Faraj', 'Ali Al Bulayhi', 'Yasser Al Shahrani', 'Mohammed Kanno', 'Mohammed Al Owais', 'Mohammed Al Buraik', 'Abdulelah Al Malki', 'Saleh Al Shehri', 'Nasser Al Dawsari', 'Musab Al Juwair', 'Mohammed Jahfali', 'Muteb Al Mufarrij', 'Khalifa Al Dawsari', 'Abdullah Al Hamdan', 'Habib Al Watyan']

Club: Al Ittihad
['Karim Benzema', "N'Golo Kanté", 'Fabinho', 'Luiz Felipe', 'Romarinho', 'Marcelo Grohe', 'Igor Coronado', 'Ahmed Hegazi', 'Jota', 'Abderrazak Hamdallah', 'Ahmed Sharahili', 'Abdullah Al Mayoof', 'Saleh Al Amri', 'Hassan Kadish', 'Abdulrahman Al Obud', 'Muhannad Al Shanqeeti', 'Madallah Al Olayan', 'Omar Hawsawi', 'Sultan Farhan', 'Ahmed Ba Masoud', 'Zakaria Hawsawi', 'Haroune Camara', 'Faisal Al Ghamdi', 'Abdullah Al Jadaani', 'Awadh Al Nashri', 'Omar Al Jadaani', 'Osama Al Mermish', 'Noureddine El Bahhar', 'Marwan Al Sahafi', 'Suwailem Al Menhali', 'Farha Al Shamrani']

Club: Al Nassr
['Sadio Mané', 'Cristiano Ronaldo', 'Aymeric Laporte', 'Marcelo Brozović', 'Otávio', 'Seko Fofana', 'Anderson Talisca', 'David Ospina', 'Alex Telles', 'Sultan Al Ghannam', 'Abdulrahman Ghareeb', 'Abdulelah Al Amri', 'Abdullah Al Khaibari', 'Sami Al Najai', 'Abdulmajeed Al Sulayhim', 'Ali Lajami', 'Abdullah Madu', 'Nawaf Al Aqidi', 'Ali Al Hassan', 'Mohammed Al Fatil', 'Khalid Al Ghannam', 'Nawaf Boushal', 'Ayman Yahya', 'Waleed Abdullah', 'Mohammed Qasem', 'Raghid Al Najjar', 'Mohammed Marran']

Club: Al Shabab
['Yannick Carrasco', 'Éver Banega', 'Gustavo Cuéllar', 'Habib Diallo', 'Carlos Júnior', 'Kim Seung Gyu', 'Iago', 'Hattan Bahebri', 'Muteb Al Harbi', 'Hussain Al Qahtani', 'Riyadh Sharahili', 'Fawaz Al Sagour', 'Mo Adams', 'Fawaz Al Qarni', 'Fahad Al Muwallad', 'Hamad Al Yami', 'Abdullah Al Joui', 'Nader Al Sharari', 'Majed Kanabah', 'Abdullah Radif', 'Abdullah Matuq', 'Mohammed Al Yami', 'Hussain Sibyani', 'Nasser Al Bishi']

Club: Al Fateh
['Lucas Zelarayán', 'Cristian Tello', 'Jason Denayer', 'Mourad Batna', 'Jacob Rinne', 'Sofiane Bendebka', 'Marwane Saadane', 'Mukhtar Ali', 'Tawfiq Bu Haymid', 'Mustafa Malaeka', 'Mohammed Al Fehaid', 'Nouh Al Mousa', 'Amaar Al Dohaim', 'Abdullah Al Meqran', 'Ali Al Zubaidi', 'Mohammed Al Saeed', 'Qasem Lajami', 'Hassan Al Mohammed', 'Salem Al Najdi', 'Waleed Al Enazi', 'Ziyad Al Jari', 'Hassan Al Slais', 'Othman Al Othman', 'Ali Al Jassim', 'Abdullah Al Enazi']

Club: Al Fayha
['Ghislain Konan', 'Anthony Nwakaeme', 'Henry Onyekuru', 'Fashion Sakala', 'Gojko Cimirot', 'Vladimir Stojković', 'Sami Al Khaibari', 'Ricardo Ryller', 'Abdelhamid Sabiri', 'Milan Pavkov', 'Víctor Ruiz', 'Ahmed Al Kassar', 'Sultan Mandash', 'Osama Al Khalaf', 'Hussain Al Shuwaysh', 'Abdulrahman Al Safri', 'Mohammed Al Baqawi', 'Khaled Al Kaabi', 'Mukhair Al Rashidi', 'Mohammed Majrashi', 'Nawaf Al Harthi', 'Muhannad Al Qaydhi', 'Malek Al Abdulmunem', 'Saud Zaidan', 'Abdulrahman Al Enazi']

Club: Al Raed
['Amir Sâyoud', 'Karim El Berkaoui', 'Mohamed Fouzair', 'Júlio Tavares', 'Pablo Santos', 'Oumar Gonzalez', 'Mamadou Loum', 'Mohammed Al Dawsari', 'Abdullah Al Fahad', 'Raid Al Ghamdi', 'Hamad Al Jayzani', 'Ahmad Al Ruhaili', 'Naif Hazazi', 'Abdullah Majrashi', 'Mansour Al Bishi', 'Yahya Sunbul', 'Abdullah Al Yousif', 'Firas Al Ghamdi', 'Rakan Al Dawsari', 'Meshari Sanyor', 'Mutlaq Al Hurayji', 'Omar Al Kuraidees']

Club: Al Khaleej
['Fábio Martins', 'Lisandro López', 'Khaled Narey', 'Ibrahim Šehić', 'Ivo Rodrigues', 'Pedro Rebocho', 'Jung Woo Young', 'Mansour Hamzi', 'Mohammed Khubrani', 'Bandar Al Mutairi', 'Abdullah Al Salem', 'Khaled Al Samiri', 'Omar Al Owdah', 'Marwan Al Haidari', 'Saeed Al Hamsal', 'Riyadh Al Ibrahim', 'Hassan Al Majhad', 'Fawaz Al Tryes', 'Hamad Al Abdan', 'Abdullah Al Shanqeeti', 'Malek Al Darwish', 'Ali Al Shaefi', 'Abdulelah Hawsawi', 'Mohammed Al Abdullah', 'Hussain Furayj', 'Ali Abdulraouf', 'Rayan Al Dawsari', 'Eyad Al Nasser']

Club: Al Okhdood
['Paulo Vítor', 'Saviour Godwin', 'Sebastián Pedroza', 'Léandre Tawamba', 'Solomon Kverkvelia', 'Andrei Burcă', 'Álex Collado', 'Florin Tănase', 'Saeed Al Rubaie', 'Awadh Khamis', 'Ahmed Mostafa', 'Hamad Al Mansour', 'Abdulrahman Al Riou', 'Hussain Shaian', 'Mourad Khodari']

Club: Al Tai
['Virgil Misidjan', 'Enzo Roco', 'Bernard Mensah', 'Robert Bauer', 'Marko Dugandžić', 'Alfa Semedo', 'Victor Braga', 'Andrei Cordea', 'Abdulfatah Aseri', 'Tareq Abdullah', 'Jamal Bajandouh', 'Abdulaziz Majrashi', 'Hussain Salem', 'Hazaa Al Hazaa', 'Abdulkareem Al Sultan', 'Abdulaziz Al Hurabi', 'Ibrahim Al Nakhli', 'Nawaf Al Qumairi', 'Mohammed Al Qunayan', 'Rakan Al Shamlan', 'Abdulrahman Al Harthi', 'Abdulmohsen Fallatah', 'Moataz Al Baqawi', 'Bader Al Enazi', 'Adeeb Al Haizan', 'Salem Al Toiawy']

Club: Al Riyadh
['Juanmi', 'Knowledge Musona', 'Birama Touré', 'Martín Campaña', 'Alin Toșca', 'Ahmed Asiri', 'Ali Al Zaqan', 'Zaid Al Bawardi', 'Fahad Al Rashidi', 'Amir Kurdi', 'Hussain Al Nowaiqi', 'Saleh Al Abbas', 'Khalid Al Shuwayie', 'Abdulrahman Al Yami', 'Rakan Al Najjar']

Club: Al Hazem
['Vina', 'Tozé', 'Faïz Selemani', 'Aymen Dahmen', 'Paulo Ricardo', 'Talal Al Absi', 'Rayan Al Mousa', 'Ammar Al Najjar', 'Yousef Al Mozairib', 'Yazeed Al Bakr', 'Mansour Al Shammari', 'Ibrahim Zaid', 'Abdulrahman Al Dakheel', 'Abdullah Al Shammari', 'Mohammad Al Thani', 'Ahmad Al Mohaimeed', 'Khalil Al Absi', 'Turki Al Mutairi']




League(id=2149, name=Super League, nationality=India, clubs=6)
Club: ATK Mohun Bagan
['Hugo Boumous', 'Jason Cummings', 'Dimitri Petratos', 'Armando Sadiku', 'Héctor Yuste', 'Brendan Hamill', 'Subhasish Bose', 'Anirudh Thapa', 'Sahal Abdul Samad', 'Liston Colaco', 'Asish Rai', 'Manvir Singh', 'Anwar Ali', 'Vishal Kaith', 'Ashique Kuruniyan', 'Deepak Tangri', 'Glan Martins', 'Kiyan Nassiri', 'Sumit Rathi', 'Lalrinliana Hnamte', 'Arsh Shaikh', 'Fardin Ali Molla', 'Ravi Rana', 'Engson Singh', 'Abhishek Suryavanshi']

Club: Kerala Blasters
['Dimitris Diamantakos', 'Marko Lešković', 'Adrián Luna', 'Pritam Kotal', 'Jaushua Sotirio', 'Jeakson Singh', 'Prabir Das', 'Ishan Pandita', 'Hormipam Ruivah', 'Aibanbha Dohling', 'Rahul KP', 'Sandeep Singh', 'Danish Farooq', 'Bryce Miranda', 'Saurav Mandal', 'Huidrom Singh', 'Bidyashagar Singh', 'Lara Sharma', 'Karanjit Singh', 'Sachin Suresh']

Club: East Bengal
['Cleiton Silva', 'Saúl Crespo', 'Borja Herrera', 'Javi Siverio', 'Pardo', 'Jordan Elsey', 'Harmanjot Khabra', 'Prabhsukhan Gill', 'Nishu Kumar', 'Naorem Mahesh Singh', 'VP Suhair', 'Mandar Rao Dessai', 'Nandhakumar Sekar', 'Lalchungnunga', 'Edwin Sydney Vanspaul', 'Sauvik Chakrabarti', 'Ajay Chhetri', 'Mobashir Rahman', 'Kamaljit Singh', 'Mohamad Rakip', 'Gursimrat Singh', 'Tuhin Das', 'Aditya Patra']

Club: Odisha FC
['Ahmed Jahouh', 'Roy Krishna', 'Mourtada Fall', 'Delgado', 'Amrinder Singh', 'Lenny Rodrigues', 'Jerry Mawihmingthanga', 'Laldinliana Renthlei', 'Jerry Lalrinzuala', 'Narender Gahlot', 'Aniket Jadhav', 'Puitea', 'Thoiba Singh Moirangthem', 'Sahil Panwar', 'Princeton Rebello', 'Amey Ranawade', 'Michael Soosairaj', 'Isak Vanlalruatfela', 'Paul Ramfangzauva', 'Isaac Vanmalsawma', 'Hendry Antonay', 'Lalthuammawia Ralte', 'Niraj Kumar', 'Givson Singh', 'CVL Remtluanga', 'Deven Sawhney']

Club: Hyderabad FC
['João Victor', 'Jonathan Moya', 'Chinglensana Singh', 'Joe Knowles', 'Mohammed Yasir', 'Laxmikant Kattimani', 'Nikhil Poojary', 'Hitesh Sharma', 'Vignesh Dakshinamurthy', 'Gurmeet Singh', 'Nim Dorjee Tamang', 'Makan Winkle Chothe', 'Alex Saji', 'Manoj Mohammad', 'Abdul Rabeeh', 'Sahil Tavora', "Aaren D'Silva", 'Anuj Kumar', 'Soyal Joshy', 'Mark Zothanpuia']

Club: NorthEast United
['Mohammed Ali Bemammer', 'Romain Philippoteaux', 'Míchel Zabaco', 'Néstor Albiach', 'Ibson Melo', 'Mirshad Michu', 'Hira Mondal', 'Parthib Gogoi', 'Jithin MS', 'Rochharzela', 'Redeem Tlang', 'Gaurav Bora', 'Pragyan Gogoi', 'Gani Nigam', 'Manvir Singh', 'Tondonba Singh', 'Nikhil Deka']




League(id=2018, name=Liga Pro, nationality=Ecuador, clubs=3)
Club: LDU Quito
['Alexander Alvarado', 'Alexander Domínguez', 'Paolo Guerrero', 'Renato Ibarra', 'Mauricio Martínez', 'Ezequiel Piovi', 'José Quintero', 'Jhojan Julio', 'Leonel Quiñonez', 'Lisandro Alzugaray', 'Sebastián González', 'Jan Hurtado', 'Facundo Rodríguez', 'Óscar Zambrano', 'Richard Mina', 'Wálter Chalá', 'Adrián Gabbarini']

Club: CS Emelec
['Pedro Ortíz', 'Miler Bolaños', 'Alejandro Cabeza', 'Diego García', 'Luis Fernando León', 'Carlos Villalba', 'Bryan Angulo', 'Bryan Carabalí', 'Michael Carcelén', 'Alexis Zapata', 'Romario Caicedo', 'José Cevallos', 'Jackson Rodríguez', 'David Agrón', 'Christian Cruz', 'Aníbal Leguizamón', 'Jhon Sánchez', 'Samuel Sosa', 'Caín Fara', 'Joel Quintero', 'Joseph Espinoza', 'Edgar Lastre', 'Gilmar Napa', 'Dixon Vera', 'Tommy Chamba', 'Jostyn Mina', 'Cristhian Valencia']

Club: Aucas
['Hernán Galíndez', 'Romulo Otero', 'Jhon Cifuente', 'Luis Cangá', 'Wilker Ángel', 'Eryc Castillo', 'Carlos Cuero', 'Damián Frascarelli', 'Edison Caicedo', 'Jhonny Quiñónez', 'Luis Cano', 'Jefferson Montero', 'Roberto Ordóñez', 'Edison Vega', 'Christian Alemán', 'Diego Corozo', 'Luis Romero', 'Ronald Briones', 'Alan García', 'Angelo Mina', 'Michael Mieles', 'Johan Lara', 'Cristhoper Zambrano']




League(id=338, name=Primera Division, nationality=Uruguay, clubs=3)
Club: Peñarol
['Sebastián Rodríguez', 'Carlos Sánchez', 'Matías Arezo', 'Leo Coelho', 'Abel Hernández', 'Sebastián Cristóforo', 'Hernán Menosse', 'Thiago Cardozo', 'Lucas Hernández', 'Kevin Méndez', 'Pedro Milans', 'Matías Aguirregaray', 'Santiago Homenchenko', 'Valentín Rodríguez', 'Damián García', 'Brian Mansilla', 'Mathías De Ritis', 'Jonathan Lima', 'Randall Rodríguez', 'Joaquín Ferreira', 'Pablo López', 'Nahuel Herrera', 'Matías Ferreira']

Club: Nacional
['Diego Zabala', 'Federico Martínez', 'Diego Polenta', 'Daniel Bocanegra', 'Gonzalo Castro', 'Ignacio Ramírez', 'Yonathan Rodríguez', 'Gonzalo Carneiro', 'Franco Fagúndez', 'Salvador Ichazo', 'Leandro Lozano', 'Diego Rodríguez', 'Francisco Ginella', 'Marcos Montiel', 'Manuel Monzeglio', 'Gabriel Báez', 'Maximiliano Perg', 'Renzo Sanchez', 'Ignacio Suárez']

Club: Danubio
['Sebastián Fernández', 'Mauro Goicoechea', 'Rafael Haller', 'Martín Rea', 'Santiago Romero', 'Leandro Sosa', 'Lucas Ferreira', 'Emiliano Bermúdez', 'Alejo Cruz', 'Santiago Etchebarne', 'Kevin Lewis', 'Juan Millán', 'Lucas Monzón', 'Ribair Rodríguez', 'Diego Vera', 'Facundo Saravia', 'Jannenson Sarmiento', 'Santiago Silva', 'Mateo Argüello', 'Francisco Martinicorena', 'Ignacio Pintos', 'Facundo Silvera', 'José Río']




